******************************************************************************
                  TI ARM Linker PC v18.1.2                     
******************************************************************************
>> Linked Thu Feb 28 12:35:18 2019

OUTPUT FILE NAME:   <Lab4.out>
ENTRY POINT SYMBOL: "_c_int00_noargs"  address: 00004ab1


MEMORY CONFIGURATION

         name            origin    length      used     unused   attr    fill
----------------------  --------  ---------  --------  --------  ----  --------
  FLASH                 00000000   00040000  00004ffb  0003b005  R  X
  SRAM                  20000000   00008000  00002300  00005d00  RW X


SEGMENT ALLOCATION MAP

run origin  load origin   length   init length attrs members
----------  ----------- ---------- ----------- ----- -------
00000000    00000000    00005000   00005000    r-x
  00000000    00000000    0000026c   0000026c    r-- .intvecs
  0000026c    0000026c    00004b4c   00004b4c    r-x .text
  00004db8    00004db8    000001f3   000001f3    r-- .const
  00004fb0    00004fb0    00000050   00000050    r-- .cinit
20000000    20000000    00002304   00000000    rw-
  20000000    20000000    0000026c   00000000    rw- .vtable
  20000270    20000270    00001000   00000000    rw- .stack
  20001270    20001270    00001000   00000000    rw- .sysmem
  20002270    20002270    0000006c   00000000    rw- .bss
  200022dc    200022dc    00000028   00000000    rw- .data


SECTION ALLOCATION MAP

 output                                  attributes/
section   page    origin      length       input sections
--------  ----  ----------  ----------   ----------------
.intvecs   0    00000000    0000026c     
                  00000000    0000026c     tm4c123gh6pm_startup_ccs.obj (.intvecs)

.text      0    0000026c    00004b4c     
                  0000026c    00000af0     rtsv7M4_T_le_v4SPD16_eabi.lib : _scanfi.c.obj (.text:__TI_scanfi)
                  00000d5c    00000aa0     open_interface.obj (.text)
                  000017fc    00000a5e     rtsv7M4_T_le_v4SPD16_eabi.lib : _printfi.c.obj (.text:__TI_printfi)
                  0000225a    00000002                                   : _lock.c.obj (.text:_nop)
                  0000225c    00000460                                   : strtod.c.obj (.text:strtod)
                  000026bc    000003a0     lcd.obj (.text)
                  00002a5c    00000270     rtsv7M4_T_le_v4SPD16_eabi.lib : _printfi.c.obj (.text:_pconv_a)
                  00002ccc    00000234     movement.obj (.text)
                  00002f00    000001dc     rtsv7M4_T_le_v4SPD16_eabi.lib : strtoll.c.obj (.text:strtoll)
                  000030dc    000001d0                                   : _printfi.c.obj (.text:_pconv_g)
                  000032ac    000001b6                                   : fd_add_t2.asm.obj (.text)
                  00003462    00000002                                   : div0.asm.obj (.text)
                  00003464    0000015c                                   : strtoull.c.obj (.text:strtoull)
                  000035c0    00000158     timer.obj (.text)
                  00003718    0000014c     uart.obj (.text)
                  00003864    0000013c     rtsv7M4_T_le_v4SPD16_eabi.lib : _printfi.c.obj (.text:_pconv_e)
                  000039a0    00000136                                   : fd_div_t2.asm.obj (.text)
                  00003ad6    00000002     --HOLE-- [fill = 0]
                  00003ad8    00000130                                   : strtol.c.obj (.text:strtol)
                  00003c08    00000120                                   : _printfi.c.obj (.text:fcvt)
                  00003d28    00000110                                   : s_scalbn.c.obj (.text:scalbn)
                  00003e38    00000110                                   : strtoul.c.obj (.text:strtoul)
                  00003f48    0000010e     main.obj (.text)
                  00004056    000000fc     rtsv7M4_T_le_v4SPD16_eabi.lib : fd_mul_t2.asm.obj (.text)
                  00004152    00000002     --HOLE-- [fill = 0]
                  00004154    000000d8                                   : memory.c.obj (.text:free)
                  0000422c    000000b1                                   : _printfi.c.obj (.text:_ltostr)
                  000042dd    00000001     --HOLE-- [fill = 0]
                  000042de    0000009c                                   : memcpy_t2.asm.obj (.text)
                  0000437a    00000096                                   : ull_div_t2.asm.obj (.text)
                  00004410    00000086                                   : fd_cmp_t2.asm.obj (.text:__aeabi_cdcmple)
                  00004496    00000086                                   : fd_cmp_t2.asm.obj (.text:__aeabi_cdrcmple)
                  0000451c    0000007a                                   : memset_t2.asm.obj (.text)
                  00004596    00000002     --HOLE-- [fill = 0]
                  00004598    00000078                                   : memory.c.obj (.text:malloc)
                  00004610    0000006e                                   : _printfi.c.obj (.text:_mcpy)
                  0000467e    0000006e                                   : fd_tos_t2.asm.obj (.text)
                  000046ec    00000068                                   : sscanf.c.obj (.text:_chkmbc)
                  00004754    00000068                                   : copy_decompress_lzss.c.obj (.text:decompress:lzss:__TI_decompress_lzss)
                  000047bc    00000064                                   : s_frexp.c.obj (.text:frexp)
                  00004820    00000056                                   : _printfi.c.obj (.text:_pconv_f)
                  00004876    00000054                                   : ltoa.c.obj (.text:ltoa)
                  000048ca    00000052                                   : _printfi.c.obj (.text:_ecpy)
                  0000491c    0000004c                                   : atoi.c.obj (.text:atoi)
                  00004968    00000048                                   : fd_toi_t2.asm.obj (.text)
                  000049b0    00000044                                   : autoinit.c.obj (.text:__TI_auto_init_nobinit_nopinit:__TI_auto_init_nobinit_nopinit)
                  000049f4    00000040                                   : vsnprintf.c.obj (.text:vsnprintf)
                  00004a34    0000003e                                   : _printfi.c.obj (.text:_fcpy)
                  00004a72    00000002     --HOLE-- [fill = 0]
                  00004a74    0000003c                                   : memory.c.obj (.text:minsert)
                  00004ab0    00000038                                   : boot_cortex_m.c.obj (.text:_c_int00_noargs:_c_int00_noargs)
                  00004ae8    00000038                                   : memory.c.obj (.text:minit)
                  00004b20    00000038                                   : sscanf.c.obj (.text:sscanf)
                  00004b58    00000034     driverlib.lib : interrupt.obj (.text:IntRegister)
                  00004b8c    00000030     rtsv7M4_T_le_v4SPD16_eabi.lib : vsnprintf.c.obj (.text:_outs)
                  00004bbc    0000002e                                   : i_tofd_t2.asm.obj (.text)
                  00004bea    0000002a                                   : memory.c.obj (.text:calloc)
                  00004c14    00000028                                   : memory.c.obj (.text:mremove)
                  00004c3c    0000001c                                   : memccpy.c.obj (.text:memccpy)
                  00004c58    00000018                                   : vsnprintf.c.obj (.text:_outc)
                  00004c70    00000018     open_interface.obj (.text:oi_parseInt)
                  00004c88    00000018     rtsv7M4_T_le_v4SPD16_eabi.lib : ll_mul_t2.asm.obj (.text)
                  00004ca0    00000018                                   : strcmp.c.obj (.text:strcmp)
                  00004cb8    00000018                                   : strrchr.c.obj (.text:strrchr)
                  00004cd0    00000016                                   : strchr.c.obj (.text:strchr)
                  00004ce6    00000014                                   : s_copysign.c.obj (.text:copysign)
                  00004cfa    00000014                                   : strcpy.c.obj (.text:strcpy)
                  00004d0e    00000014                                   : strlen.c.obj (.text:strlen)
                  00004d22    00000012                                   : sscanf.c.obj (.text:_inpchar)
                  00004d34    00000012                                   : copy_zero_init.c.obj (.text:decompress:ZI:__TI_zero_init_nomemset:__TI_zero_init_nomemset)
                  00004d46    00000012                                   : wcslen.c.obj (.text:wcslen)
                  00004d58    00000010     driverlib.lib : interrupt.obj (.text:IntMasterEnable)
                  00004d68    00000010     lcd.obj (.text:lcd_clear)
                  00004d78    0000000e     rtsv7M4_T_le_v4SPD16_eabi.lib : copy_decompress_none.c.obj (.text:decompress:none:__TI_decompress_none)
                  00004d86    0000000c     driverlib.lib : cpu.obj (.text:CPUcpsie)
                  00004d92    0000000c     tm4c123gh6pm_startup_ccs.obj (.text)
                  00004d9e    00000002     --HOLE-- [fill = 0]
                  00004da0    00000008     rtsv7M4_T_le_v4SPD16_eabi.lib : errno.c.obj (.text:__aeabi_errno_addr)
                  00004da8    00000008                                   : sscanf.c.obj (.text:_uninpchar)
                  00004db0    00000004                                   : pre_init.c.obj (.text:_system_pre_init)
                  00004db4    00000004                                   : exit.c.obj (.text:abort:abort)

.const     0    00004db8    000001f3     
                  00004db8    00000101     rtsv7M4_T_le_v4SPD16_eabi.lib : ctype.c.obj (.const:.string:_ctypes_)
                  00004eb9    00000004     lcd.obj (.const:.string:lineAddress$1)
                  00004ebd    00000003     --HOLE-- [fill = 0]
                  00004ec0    000000c8     rtsv7M4_T_le_v4SPD16_eabi.lib : strtod.c.obj (.const:$O1$$)
                  00004f88    00000010                                   : _scanfi.c.obj (.const:$O1$$)
                  00004f98    0000000f     open_interface.obj (.const:.string:$P$T0$3)
                  00004fa7    00000004     lcd.obj (.const:.string:lineAddresses$2)

.cinit     0    00004fb0    00000050     
                  00004fb0    00000018     (.cinit..data.load) [load image, compression = lzss]
                  00004fc8    0000000c     (__TI_handler_table)
                  00004fd4    00000004     --HOLE-- [fill = 0]
                  00004fd8    00000008     (.cinit..bss.load) [load image, compression = zero_init]
                  00004fe0    00000008     (.cinit..vtable.load) [load image, compression = zero_init]
                  00004fe8    00000018     (__TI_cinit_table)

.init_array 
*          0    00000000    00000000     UNINITIALIZED

.vtable    0    20000000    0000026c     UNINITIALIZED
                  20000000    0000026c     driverlib.lib : interrupt.obj (.vtable)

.stack     0    20000270    00001000     UNINITIALIZED
                  20000270    00000004     rtsv7M4_T_le_v4SPD16_eabi.lib : boot_cortex_m.c.obj (.stack)
                  20000274    00000ffc     --HOLE--

.sysmem    0    20001270    00001000     UNINITIALIZED
                  20001270    00000008     rtsv7M4_T_le_v4SPD16_eabi.lib : memory.c.obj (.sysmem)
                  20001278    00000ff8     --HOLE--

.bss       0    20002270    0000006c     UNINITIALIZED
                  20002270    00000054     lcd.obj (.bss:lastbuffer$3)
                  200022c4    00000018     open_interface.obj (.bss:firmware$2)

.data      0    200022dc    00000028     UNINITIALIZED
                  200022dc    00000010     open_interface.obj (.data)
                  200022ec    0000000c     rtsv7M4_T_le_v4SPD16_eabi.lib : memory.c.obj (.data:$O1$$)
                  200022f8    00000008                                   : _lock.c.obj (.data:$O1$$)
                  20002300    00000004                                   : errno.c.obj (.data)

MODULE SUMMARY

       Module                         code    ro data   rw data
       ------                         ----    -------   -------
    .\
       open_interface.obj             2744    15        40     
       lcd.obj                        944     8         84     
       tm4c123gh6pm_startup_ccs.obj   12      620       0      
       movement.obj                   564     0         0      
       timer.obj                      344     0         0      
       uart.obj                       332     0         0      
       main.obj                       270     0         0      
    +--+------------------------------+-------+---------+---------+
       Total:                         5210    643       124    
                                                               
    C:/ti/TivaWare_C_Series-2.1.4.178/driverlib/ccs/Debug/driverlib.lib
       interrupt.obj                  68      0         620    
       cpu.obj                        12      0         0      
    +--+------------------------------+-------+---------+---------+
       Total:                         80      0         620    
                                                               
    C:\ti\ccsv8\tools\compiler\ti-cgt-arm_18.1.2.LTS\lib\rtsv7M4_T_le_v4SPD16_eabi.lib
       _printfi.c.obj                 4863    0         0      
       _scanfi.c.obj                  2800    16        0      
       strtod.c.obj                   1120    200       0      
       memory.c.obj                   534     0         12     
       strtoll.c.obj                  476     0         0      
       fd_add_t2.asm.obj              438     0         0      
       strtoull.c.obj                 348     0         0      
       fd_div_t2.asm.obj              310     0         0      
       strtol.c.obj                   304     0         0      
       s_scalbn.c.obj                 272     0         0      
       strtoul.c.obj                  272     0         0      
       fd_cmp_t2.asm.obj              268     0         0      
       ctype.c.obj                    0       257       0      
       fd_mul_t2.asm.obj              252     0         0      
       sscanf.c.obj                   186     0         0      
       memcpy_t2.asm.obj              156     0         0      
       ull_div_t2.asm.obj             150     0         0      
       vsnprintf.c.obj                136     0         0      
       memset_t2.asm.obj              122     0         0      
       fd_tos_t2.asm.obj              110     0         0      
       copy_decompress_lzss.c.obj     104     0         0      
       s_frexp.c.obj                  100     0         0      
       ltoa.c.obj                     84      0         0      
       atoi.c.obj                     76      0         0      
       fd_toi_t2.asm.obj              72      0         0      
       autoinit.c.obj                 68      0         0      
       boot_cortex_m.c.obj            56      0         0      
       i_tofd_t2.asm.obj              46      0         0      
       memccpy.c.obj                  28      0         0      
       ll_mul_t2.asm.obj              24      0         0      
       strcmp.c.obj                   24      0         0      
       strrchr.c.obj                  24      0         0      
       strchr.c.obj                   22      0         0      
       s_copysign.c.obj               20      0         0      
       strcpy.c.obj                   20      0         0      
       strlen.c.obj                   20      0         0      
       copy_zero_init.c.obj           18      0         0      
       wcslen.c.obj                   18      0         0      
       copy_decompress_none.c.obj     14      0         0      
       errno.c.obj                    8       0         4      
       _lock.c.obj                    2       0         8      
       exit.c.obj                     4       0         0      
       pre_init.c.obj                 4       0         0      
       div0.asm.obj                   2       0         0      
    +--+------------------------------+-------+---------+---------+
       Total:                         13975   473       24     
                                                               
       Heap:                          0       0         4096   
       Stack:                         0       0         4096   
       Linker Generated:              0       76        0      
    +--+------------------------------+-------+---------+---------+
       Grand Total:                   19265   1192      8960   


LINKER GENERATED COPY TABLES

__TI_cinit_table @ 00004fe8 records: 3, size/record: 8, table size: 24
	.data: load addr=00004fb0, load size=00000018 bytes, run addr=200022dc, run size=00000028 bytes, compression=lzss
	.bss: load addr=00004fd8, load size=00000008 bytes, run addr=20002270, run size=0000006c bytes, compression=zero_init
	.vtable: load addr=00004fe0, load size=00000008 bytes, run addr=20000000, run size=0000026c bytes, compression=zero_init


LINKER GENERATED HANDLER TABLE

__TI_handler_table @ 00004fc8 records: 3, size/record: 4, table size: 12
	index: 0, handler: __TI_zero_init
	index: 1, handler: __TI_decompress_lzss
	index: 2, handler: __TI_decompress_none


GLOBAL SYMBOLS: SORTED ALPHABETICALLY BY Name 

address   name                          
-------   ----                          
00004db5  C$$EXIT                       
00004d87  CPUcpsie                      
00001663  GPIOF_Handler                 
00004d59  IntMasterEnable               
00004b59  IntRegister                   
00004d93  ResetISR                      
000037d7  UART1_handler                 
20001270  __STACK_END                   
00001000  __STACK_SIZE                  
20000470  __STACK_TOP                   
00001000  __SYSMEM_SIZE                 
00004fe8  __TI_CINIT_Base               
00005000  __TI_CINIT_Limit              
00004fc8  __TI_Handler_Table_Base       
00004fd4  __TI_Handler_Table_Limit      
000049b1  __TI_auto_init_nobinit_nopinit
00004755  __TI_decompress_lzss          
00004d79  __TI_decompress_none          
ffffffff  __TI_pprof_out_hndl           
000017fd  __TI_printfi                  
ffffffff  __TI_prof_data_size           
ffffffff  __TI_prof_data_start          
0000026d  __TI_scanfi                   
00000000  __TI_static_base__            
00004d35  __TI_zero_init_nomemset       
00004411  __aeabi_cdcmpeq               
00004411  __aeabi_cdcmple               
00004497  __aeabi_cdrcmple              
0000467f  __aeabi_d2f                   
00004969  __aeabi_d2iz                  
000032b7  __aeabi_dadd                  
000039a1  __aeabi_ddiv                  
00004057  __aeabi_dmul                  
000032ad  __aeabi_dsub                  
00004da1  __aeabi_errno_addr            
00004bbd  __aeabi_i2d                   
00003463  __aeabi_idiv0                 
00003463  __aeabi_ldiv0                 
00004c89  __aeabi_lmul                  
0000451d  __aeabi_memclr                
0000451d  __aeabi_memclr4               
0000451d  __aeabi_memclr8               
000042df  __aeabi_memcpy                
000042df  __aeabi_memcpy4               
000042df  __aeabi_memcpy8               
0000451f  __aeabi_memset                
0000451f  __aeabi_memset4               
0000451f  __aeabi_memset8               
0000437b  __aeabi_uldivmod              
ffffffff  __binit__                     
ffffffff  __c_args__                    
UNDEFED   __mpu_init                    
20000270  __stack                       
00004ab1  _c_int00_noargs               
00004db8  _ctypes_                      
200022f8  _lock                         
0000225b  _nop                          
20001270  _sys_memory                   
UNDEFED   _system_post_cinit            
00004db1  _system_pre_init              
200022fc  _unlock                       
00004db5  abort                         
0000491d  atoi                          
ffffffff  binit                         
00004beb  calloc                        
00002e19  collision                     
00004ce7  copysign                      
00004ce7  copysignl                     
20002300  errno                         
00004155  free                          
000047bd  frexp                         
000047bd  frexpl                        
20000000  g_pfnRAMVectors               
00000000  g_pfnVectors                  
0000168d  getDegrees                    
0000141f  go_charge                     
00004d69  lcd_clear                     
00002855  lcd_gotoLine                  
000026bd  lcd_init                      
000028bb  lcd_printf                    
0000277d  lcd_putc                      
000027b5  lcd_puts                      
00002999  lcd_rotatingBanner            
000027d3  lcd_sendCommand               
00002811  lcd_sendNibble                
0000287d  lcd_setCursorPos              
00003d29  ldexp                         
00003d29  ldexpl                        
00004877  ltoa                          
00003f49  main                          
00004599  malloc                        
00004c3d  memccpy                       
000042df  memcpy                        
00004525  memset                        
00004ae9  minit                         
00002d0f  move_backward                 
00002ccd  move_forward                  
00000d5d  oi_alloc                      
00001549  oi_checkFirmware              
00000db3  oi_close                      
00000d69  oi_free                       
00000d9d  oi_init                       
00000d79  oi_init_noupdate              
000013b5  oi_loadSong                   
00004c71  oi_parseInt                   
00000e17  oi_parsePacket                
0000140b  oi_play_song                  
0000132f  oi_setLeds                    
00001373  oi_setWheels                  
000015f1  oi_shutoff_init               
0000142d  oi_uartInit                   
000014d1  oi_uartReceive                
00001517  oi_uartSendBuff               
000014b5  oi_uartSendChar               
000014f9  oi_uartSendStr                
00000dc5  oi_update                     
00003d29  scalbn                        
00003d29  scalbnl                       
00004b21  sscanf                        
00004cd1  strchr                        
00004ca1  strcmp                        
00004cfb  strcpy                        
00004d0f  strlen                        
00004cb9  strrchr                       
0000225d  strtod                        
00003ad9  strtol                        
0000225d  strtold                       
00002f01  strtoll                       
00003e39  strtoul                       
00003465  strtoull                      
000036d1  timer_getClock                
00003685  timer_startClock              
0000361f  timer_startTimer              
000036d7  timer_stopClock               
0000366f  timer_stopTimer               
000035f5  timer_waitMicros              
000035c1  timer_waitMillis              
00002db3  turn_left                     
00002d4d  turn_right                    
00003719  uart_init                     
000037f5  uart_receive                  
000037d9  uart_sendChar                 
000049f5  vsnprintf                     
00004d47  wcslen                        


GLOBAL SYMBOLS: SORTED BY Symbol Address 

address   name                          
-------   ----                          
00000000  __TI_static_base__            
00000000  g_pfnVectors                  
0000026d  __TI_scanfi                   
00000d5d  oi_alloc                      
00000d69  oi_free                       
00000d79  oi_init_noupdate              
00000d9d  oi_init                       
00000db3  oi_close                      
00000dc5  oi_update                     
00000e17  oi_parsePacket                
00001000  __STACK_SIZE                  
00001000  __SYSMEM_SIZE                 
0000132f  oi_setLeds                    
00001373  oi_setWheels                  
000013b5  oi_loadSong                   
0000140b  oi_play_song                  
0000141f  go_charge                     
0000142d  oi_uartInit                   
000014b5  oi_uartSendChar               
000014d1  oi_uartReceive                
000014f9  oi_uartSendStr                
00001517  oi_uartSendBuff               
00001549  oi_checkFirmware              
000015f1  oi_shutoff_init               
00001663  GPIOF_Handler                 
0000168d  getDegrees                    
000017fd  __TI_printfi                  
0000225b  _nop                          
0000225d  strtod                        
0000225d  strtold                       
000026bd  lcd_init                      
0000277d  lcd_putc                      
000027b5  lcd_puts                      
000027d3  lcd_sendCommand               
00002811  lcd_sendNibble                
00002855  lcd_gotoLine                  
0000287d  lcd_setCursorPos              
000028bb  lcd_printf                    
00002999  lcd_rotatingBanner            
00002ccd  move_forward                  
00002d0f  move_backward                 
00002d4d  turn_right                    
00002db3  turn_left                     
00002e19  collision                     
00002f01  strtoll                       
000032ad  __aeabi_dsub                  
000032b7  __aeabi_dadd                  
00003463  __aeabi_idiv0                 
00003463  __aeabi_ldiv0                 
00003465  strtoull                      
000035c1  timer_waitMillis              
000035f5  timer_waitMicros              
0000361f  timer_startTimer              
0000366f  timer_stopTimer               
00003685  timer_startClock              
000036d1  timer_getClock                
000036d7  timer_stopClock               
00003719  uart_init                     
000037d7  UART1_handler                 
000037d9  uart_sendChar                 
000037f5  uart_receive                  
000039a1  __aeabi_ddiv                  
00003ad9  strtol                        
00003d29  ldexp                         
00003d29  ldexpl                        
00003d29  scalbn                        
00003d29  scalbnl                       
00003e39  strtoul                       
00003f49  main                          
00004057  __aeabi_dmul                  
00004155  free                          
000042df  __aeabi_memcpy                
000042df  __aeabi_memcpy4               
000042df  __aeabi_memcpy8               
000042df  memcpy                        
0000437b  __aeabi_uldivmod              
00004411  __aeabi_cdcmpeq               
00004411  __aeabi_cdcmple               
00004497  __aeabi_cdrcmple              
0000451d  __aeabi_memclr                
0000451d  __aeabi_memclr4               
0000451d  __aeabi_memclr8               
0000451f  __aeabi_memset                
0000451f  __aeabi_memset4               
0000451f  __aeabi_memset8               
00004525  memset                        
00004599  malloc                        
0000467f  __aeabi_d2f                   
00004755  __TI_decompress_lzss          
000047bd  frexp                         
000047bd  frexpl                        
00004877  ltoa                          
0000491d  atoi                          
00004969  __aeabi_d2iz                  
000049b1  __TI_auto_init_nobinit_nopinit
000049f5  vsnprintf                     
00004ab1  _c_int00_noargs               
00004ae9  minit                         
00004b21  sscanf                        
00004b59  IntRegister                   
00004bbd  __aeabi_i2d                   
00004beb  calloc                        
00004c3d  memccpy                       
00004c71  oi_parseInt                   
00004c89  __aeabi_lmul                  
00004ca1  strcmp                        
00004cb9  strrchr                       
00004cd1  strchr                        
00004ce7  copysign                      
00004ce7  copysignl                     
00004cfb  strcpy                        
00004d0f  strlen                        
00004d35  __TI_zero_init_nomemset       
00004d47  wcslen                        
00004d59  IntMasterEnable               
00004d69  lcd_clear                     
00004d79  __TI_decompress_none          
00004d87  CPUcpsie                      
00004d93  ResetISR                      
00004da1  __aeabi_errno_addr            
00004db1  _system_pre_init              
00004db5  C$$EXIT                       
00004db5  abort                         
00004db8  _ctypes_                      
00004fc8  __TI_Handler_Table_Base       
00004fd4  __TI_Handler_Table_Limit      
00004fe8  __TI_CINIT_Base               
00005000  __TI_CINIT_Limit              
20000000  g_pfnRAMVectors               
20000270  __stack                       
20000470  __STACK_TOP                   
20001270  __STACK_END                   
20001270  _sys_memory                   
200022f8  _lock                         
200022fc  _unlock                       
20002300  errno                         
ffffffff  __TI_pprof_out_hndl           
ffffffff  __TI_prof_data_size           
ffffffff  __TI_prof_data_start          
ffffffff  __binit__                     
ffffffff  __c_args__                    
ffffffff  binit                         
UNDEFED   __mpu_init                    
UNDEFED   _system_post_cinit            

[144 symbols]
