******************************************************************************
                  TI ARM Linker PC v18.1.2                     
******************************************************************************
>> Linked Thu Apr  4 14:25:27 2019

OUTPUT FILE NAME:   <Lab8.out>
ENTRY POINT SYMBOL: "_c_int00_noargs"  address: 0000292d


MEMORY CONFIGURATION

         name            origin    length      used     unused   attr    fill
----------------------  --------  ---------  --------  --------  ----  --------
  FLASH                 00000000   00040000  00002c45  0003d3bb  R  X
  SRAM                  20000000   00008000  000012da  00006d26  RW X


SEGMENT ALLOCATION MAP

run origin  load origin   length   init length attrs members
----------  ----------- ---------- ----------- ----- -------
00000000    00000000    00002c48   00002c48    r-x
  00000000    00000000    0000026c   0000026c    r-- .intvecs
  0000026c    0000026c    00002888   00002888    r-x .text
  00002af4    00002af4    00000109   00000109    r-- .const
  00002c00    00002c00    00000048   00000048    r-- .cinit
20000000    20000000    000012e0   00000000    rw-
  20000000    20000000    0000026c   00000000    rw- .vtable
  20000270    20000270    00001000   00000000    rw- .stack
  20001270    20001270    00000056   00000000    rw- .bss
  200012c8    200012c8    00000018   00000000    rw- .data


SECTION ALLOCATION MAP

 output                                  attributes/
section   page    origin      length       input sections
--------  ----  ----------  ----------   ----------------
.intvecs   0    00000000    0000026c     
                  00000000    0000026c     tm4c123gh6pm_startup_ccs.obj (.intvecs)

.text      0    0000026c    00002888     
                  0000026c    00000a5e     rtsv7M4_T_le_v4SPD16_eabi.lib : _printfi.c.obj (.text:__TI_printfi)
                  00000cca    00000002                                   : div0.asm.obj (.text)
                  00000ccc    000003a0     lcd.obj (.text)
                  0000106c    00000270     rtsv7M4_T_le_v4SPD16_eabi.lib : _printfi.c.obj (.text:_pconv_a)
                  000012dc    00000224     servo.obj (.text)
                  00001500    000001d0     rtsv7M4_T_le_v4SPD16_eabi.lib : _printfi.c.obj (.text:_pconv_g)
                  000016d0    000001b6                                   : fd_add_t2.asm.obj (.text)
                  00001886    00000002     --HOLE-- [fill = 0]
                  00001888    0000016c     button.obj (.text)
                  000019f4    00000158     timer.obj (.text)
                  00001b4c    00000148     main.obj (.text)
                  00001c94    0000013c     rtsv7M4_T_le_v4SPD16_eabi.lib : _printfi.c.obj (.text:_pconv_e)
                  00001dd0    00000136                                   : fd_div_t2.asm.obj (.text)
                  00001f06    00000002     --HOLE-- [fill = 0]
                  00001f08    00000120                                   : _printfi.c.obj (.text:fcvt)
                  00002028    00000110                                   : s_scalbn.c.obj (.text:scalbn)
                  00002138    000000fc                                   : fd_mul_t2.asm.obj (.text)
                  00002234    000000b1                                   : _printfi.c.obj (.text:_ltostr)
                  000022e5    00000001     --HOLE-- [fill = 0]
                  000022e6    0000009c                                   : memcpy_t2.asm.obj (.text)
                  00002382    00000096                                   : ull_div_t2.asm.obj (.text)
                  00002418    00000086                                   : fd_cmp_t2.asm.obj (.text:__aeabi_cdcmple)
                  0000249e    00000086                                   : fd_cmp_t2.asm.obj (.text:__aeabi_cdrcmple)
                  00002524    0000007a                                   : memset_t2.asm.obj (.text)
                  0000259e    0000006e                                   : _printfi.c.obj (.text:_mcpy)
                  0000260c    00000068                                   : copy_decompress_lzss.c.obj (.text:decompress:lzss:__TI_decompress_lzss)
                  00002674    00000064                                   : s_frexp.c.obj (.text:frexp)
                  000026d8    00000056                                   : _printfi.c.obj (.text:_pconv_f)
                  0000272e    00000054                                   : ltoa.c.obj (.text:ltoa)
                  00002782    00000052                                   : _printfi.c.obj (.text:_ecpy)
                  000027d4    0000004c                                   : atoi.c.obj (.text:atoi)
                  00002820    00000048                                   : fd_toi_t2.asm.obj (.text)
                  00002868    00000044                                   : autoinit.c.obj (.text:__TI_auto_init_nobinit_nopinit:__TI_auto_init_nobinit_nopinit)
                  000028ac    00000040                                   : vsnprintf.c.obj (.text:vsnprintf)
                  000028ec    0000003e                                   : _printfi.c.obj (.text:_fcpy)
                  0000292a    00000002     --HOLE-- [fill = 0]
                  0000292c    00000038                                   : boot_cortex_m.c.obj (.text:_c_int00_noargs:_c_int00_noargs)
                  00002964    00000034     driverlib.lib : interrupt.obj (.text:IntRegister)
                  00002998    00000030     rtsv7M4_T_le_v4SPD16_eabi.lib : vsnprintf.c.obj (.text:_outs)
                  000029c8    0000002e                                   : i_tofd_t2.asm.obj (.text)
                  000029f6    0000001c                                   : memccpy.c.obj (.text:memccpy)
                  00002a12    00000018                                   : vsnprintf.c.obj (.text:_outc)
                  00002a2a    00000018                                   : strcmp.c.obj (.text:strcmp)
                  00002a42    00000016                                   : strchr.c.obj (.text:strchr)
                  00002a58    00000014                                   : s_copysign.c.obj (.text:copysign)
                  00002a6c    00000014                                   : strcpy.c.obj (.text:strcpy)
                  00002a80    00000014                                   : strlen.c.obj (.text:strlen)
                  00002a94    00000012                                   : copy_zero_init.c.obj (.text:decompress:ZI:__TI_zero_init_nomemset:__TI_zero_init_nomemset)
                  00002aa6    00000012                                   : wcslen.c.obj (.text:wcslen)
                  00002ab8    00000010     lcd.obj (.text:lcd_clear)
                  00002ac8    0000000e     rtsv7M4_T_le_v4SPD16_eabi.lib : copy_decompress_none.c.obj (.text:decompress:none:__TI_decompress_none)
                  00002ad6    0000000c     tm4c123gh6pm_startup_ccs.obj (.text)
                  00002ae2    00000002     --HOLE-- [fill = 0]
                  00002ae4    00000008     rtsv7M4_T_le_v4SPD16_eabi.lib : errno.c.obj (.text:__aeabi_errno_addr)
                  00002aec    00000004                                   : pre_init.c.obj (.text:_system_pre_init)
                  00002af0    00000004                                   : exit.c.obj (.text:abort:abort)

.const     0    00002af4    00000109     
                  00002af4    00000101     rtsv7M4_T_le_v4SPD16_eabi.lib : ctype.c.obj (.const:.string:_ctypes_)
                  00002bf5    00000004     lcd.obj (.const:.string:lineAddress$1)
                  00002bf9    00000004     lcd.obj (.const:.string:lineAddresses$2)

.cinit     0    00002c00    00000048     
                  00002c00    0000000d     (.cinit..data.load) [load image, compression = lzss]
                  00002c0d    00000003     --HOLE-- [fill = 0]
                  00002c10    0000000c     (__TI_handler_table)
                  00002c1c    00000004     --HOLE-- [fill = 0]
                  00002c20    00000008     (.cinit..bss.load) [load image, compression = zero_init]
                  00002c28    00000008     (.cinit..vtable.load) [load image, compression = zero_init]
                  00002c30    00000018     (__TI_cinit_table)

.init_array 
*          0    00000000    00000000     UNINITIALIZED

.vtable    0    20000000    0000026c     UNINITIALIZED
                  20000000    0000026c     driverlib.lib : interrupt.obj (.vtable)

.bss       0    20001270    00000056     UNINITIALIZED
                  20001270    00000054     lcd.obj (.bss:lastbuffer$3)
                  200012c4    00000001     (.common:button)
                  200012c5    00000001     (.common:prev_Button)

.data      0    200012c8    00000018     UNINITIALIZED
                  200012c8    00000009     button.obj (.data)
                  200012d1    00000003     --HOLE--
                  200012d4    00000008     servo.obj (.data)
                  200012dc    00000004     rtsv7M4_T_le_v4SPD16_eabi.lib : errno.c.obj (.data)

.stack     0    20000270    00001000     UNINITIALIZED
                  20000270    00000004     rtsv7M4_T_le_v4SPD16_eabi.lib : boot_cortex_m.c.obj (.stack)
                  20000274    00000ffc     --HOLE--

MODULE SUMMARY

       Module                         code    ro data   rw data
       ------                         ----    -------   -------
    .\
       lcd.obj                        944     8         84     
       tm4c123gh6pm_startup_ccs.obj   12      620       0      
       servo.obj                      548     0         8      
       button.obj                     364     0         11     
       timer.obj                      344     0         0      
       main.obj                       328     0         0      
    +--+------------------------------+-------+---------+---------+
       Total:                         2540    628       103    
                                                               
    C:/ti/TivaWare_C_Series-2.1.4.178/driverlib/ccs/Debug/driverlib.lib
       interrupt.obj                  52      0         620    
    +--+------------------------------+-------+---------+---------+
       Total:                         52      0         620    
                                                               
    C:\ti\ccsv8\tools\compiler\ti-cgt-arm_18.1.2.LTS\lib\rtsv7M4_T_le_v4SPD16_eabi.lib
       _printfi.c.obj                 4863    0         0      
       fd_add_t2.asm.obj              438     0         0      
       fd_div_t2.asm.obj              310     0         0      
       s_scalbn.c.obj                 272     0         0      
       fd_cmp_t2.asm.obj              268     0         0      
       ctype.c.obj                    0       257       0      
       fd_mul_t2.asm.obj              252     0         0      
       memcpy_t2.asm.obj              156     0         0      
       ull_div_t2.asm.obj             150     0         0      
       vsnprintf.c.obj                136     0         0      
       memset_t2.asm.obj              122     0         0      
       copy_decompress_lzss.c.obj     104     0         0      
       s_frexp.c.obj                  100     0         0      
       ltoa.c.obj                     84      0         0      
       atoi.c.obj                     76      0         0      
       fd_toi_t2.asm.obj              72      0         0      
       autoinit.c.obj                 68      0         0      
       boot_cortex_m.c.obj            56      0         0      
       i_tofd_t2.asm.obj              46      0         0      
       memccpy.c.obj                  28      0         0      
       strcmp.c.obj                   24      0         0      
       strchr.c.obj                   22      0         0      
       s_copysign.c.obj               20      0         0      
       strcpy.c.obj                   20      0         0      
       strlen.c.obj                   20      0         0      
       copy_zero_init.c.obj           18      0         0      
       wcslen.c.obj                   18      0         0      
       copy_decompress_none.c.obj     14      0         0      
       errno.c.obj                    8       0         4      
       exit.c.obj                     4       0         0      
       pre_init.c.obj                 4       0         0      
       div0.asm.obj                   2       0         0      
    +--+------------------------------+-------+---------+---------+
       Total:                         7775    257       4      
                                                               
       Stack:                         0       0         4096   
       Linker Generated:              0       65        0      
    +--+------------------------------+-------+---------+---------+
       Grand Total:                   10367   950       4823   


LINKER GENERATED COPY TABLES

__TI_cinit_table @ 00002c30 records: 3, size/record: 8, table size: 24
	.data: load addr=00002c00, load size=0000000d bytes, run addr=200012c8, run size=00000018 bytes, compression=lzss
	.bss: load addr=00002c20, load size=00000008 bytes, run addr=20001270, run size=00000056 bytes, compression=zero_init
	.vtable: load addr=00002c28, load size=00000008 bytes, run addr=20000000, run size=0000026c bytes, compression=zero_init


LINKER GENERATED HANDLER TABLE

__TI_handler_table @ 00002c10 records: 3, size/record: 4, table size: 12
	index: 0, handler: __TI_zero_init
	index: 1, handler: __TI_decompress_lzss
	index: 2, handler: __TI_decompress_none


GLOBAL SYMBOLS: SORTED ALPHABETICALLY BY Name 

address   name                          
-------   ----                          
00002af1  C$$EXIT                       
00002965  IntRegister                   
00002ad7  ResetISR                      
20001270  __STACK_END                   
00001000  __STACK_SIZE                  
20000470  __STACK_TOP                   
00002c30  __TI_CINIT_Base               
00002c48  __TI_CINIT_Limit              
00002c10  __TI_Handler_Table_Base       
00002c1c  __TI_Handler_Table_Limit      
00002869  __TI_auto_init_nobinit_nopinit
0000260d  __TI_decompress_lzss          
00002ac9  __TI_decompress_none          
ffffffff  __TI_pprof_out_hndl           
0000026d  __TI_printfi                  
ffffffff  __TI_prof_data_size           
ffffffff  __TI_prof_data_start          
00000000  __TI_static_base__            
00002a95  __TI_zero_init_nomemset       
00002419  __aeabi_cdcmpeq               
00002419  __aeabi_cdcmple               
0000249f  __aeabi_cdrcmple              
00002821  __aeabi_d2iz                  
000016db  __aeabi_dadd                  
00001dd1  __aeabi_ddiv                  
00002139  __aeabi_dmul                  
000016d1  __aeabi_dsub                  
00002ae5  __aeabi_errno_addr            
000029c9  __aeabi_i2d                   
00000ccb  __aeabi_idiv0                 
00000ccb  __aeabi_ldiv0                 
00002525  __aeabi_memclr                
00002525  __aeabi_memclr4               
00002525  __aeabi_memclr8               
000022e7  __aeabi_memcpy                
000022e7  __aeabi_memcpy4               
000022e7  __aeabi_memcpy8               
00002527  __aeabi_memset                
00002527  __aeabi_memset4               
00002527  __aeabi_memset8               
00002383  __aeabi_uldivmod              
ffffffff  __binit__                     
ffffffff  __c_args__                    
UNDEFED   __mpu_init                    
20000270  __stack                       
0000292d  _c_int00_noargs               
00002af4  _ctypes_                      
UNDEFED   _system_post_cinit            
00002aed  _system_pre_init              
00002af1  abort                         
000027d5  atoi                          
ffffffff  binit                         
200012c4  button                        
0000191d  button_checkButtons           
200012c8  button_event                  
00001927  button_getButton              
00001889  button_init                   
200012cc  button_num                    
00002a59  copysign                      
00002a59  copysignl                     
200012dc  errno                         
00002675  frexp                         
00002675  frexpl                        
20000000  g_pfnRAMVectors               
00000000  g_pfnVectors                  
00001901  gpioe_handler                 
000018b5  init_button_interrupts        
00002ab9  lcd_clear                     
00000e65  lcd_gotoLine                  
00000ccd  lcd_init                      
00000ecb  lcd_printf                    
00000d8d  lcd_putc                      
00000dc5  lcd_puts                      
00000fa9  lcd_rotatingBanner            
00000de3  lcd_sendCommand               
00000e21  lcd_sendNibble                
00000e8d  lcd_setCursorPos              
00002029  ldexp                         
00002029  ldexpl                        
0000272f  ltoa                          
00001b4d  main                          
000029f7  memccpy                       
000022e7  memcpy                        
0000252d  memset                        
200012d8  movement_direction            
200012c5  prev_Button                   
00002029  scalbn                        
00002029  scalbnl                       
000012dd  servo_init                    
0000136f  servo_move                    
200012d4  servo_position                
00002a43  strchr                        
00002a2b  strcmp                        
00002a6d  strcpy                        
00002a81  strlen                        
00001b05  timer_getClock                
00001ab9  timer_startClock              
00001a53  timer_startTimer              
00001b0b  timer_stopClock               
00001aa3  timer_stopTimer               
00001a29  timer_waitMicros              
000019f5  timer_waitMillis              
000028ad  vsnprintf                     
00002aa7  wcslen                        


GLOBAL SYMBOLS: SORTED BY Symbol Address 

address   name                          
-------   ----                          
00000000  __TI_static_base__            
00000000  g_pfnVectors                  
0000026d  __TI_printfi                  
00000ccb  __aeabi_idiv0                 
00000ccb  __aeabi_ldiv0                 
00000ccd  lcd_init                      
00000d8d  lcd_putc                      
00000dc5  lcd_puts                      
00000de3  lcd_sendCommand               
00000e21  lcd_sendNibble                
00000e65  lcd_gotoLine                  
00000e8d  lcd_setCursorPos              
00000ecb  lcd_printf                    
00000fa9  lcd_rotatingBanner            
00001000  __STACK_SIZE                  
000012dd  servo_init                    
0000136f  servo_move                    
000016d1  __aeabi_dsub                  
000016db  __aeabi_dadd                  
00001889  button_init                   
000018b5  init_button_interrupts        
00001901  gpioe_handler                 
0000191d  button_checkButtons           
00001927  button_getButton              
000019f5  timer_waitMillis              
00001a29  timer_waitMicros              
00001a53  timer_startTimer              
00001aa3  timer_stopTimer               
00001ab9  timer_startClock              
00001b05  timer_getClock                
00001b0b  timer_stopClock               
00001b4d  main                          
00001dd1  __aeabi_ddiv                  
00002029  ldexp                         
00002029  ldexpl                        
00002029  scalbn                        
00002029  scalbnl                       
00002139  __aeabi_dmul                  
000022e7  __aeabi_memcpy                
000022e7  __aeabi_memcpy4               
000022e7  __aeabi_memcpy8               
000022e7  memcpy                        
00002383  __aeabi_uldivmod              
00002419  __aeabi_cdcmpeq               
00002419  __aeabi_cdcmple               
0000249f  __aeabi_cdrcmple              
00002525  __aeabi_memclr                
00002525  __aeabi_memclr4               
00002525  __aeabi_memclr8               
00002527  __aeabi_memset                
00002527  __aeabi_memset4               
00002527  __aeabi_memset8               
0000252d  memset                        
0000260d  __TI_decompress_lzss          
00002675  frexp                         
00002675  frexpl                        
0000272f  ltoa                          
000027d5  atoi                          
00002821  __aeabi_d2iz                  
00002869  __TI_auto_init_nobinit_nopinit
000028ad  vsnprintf                     
0000292d  _c_int00_noargs               
00002965  IntRegister                   
000029c9  __aeabi_i2d                   
000029f7  memccpy                       
00002a2b  strcmp                        
00002a43  strchr                        
00002a59  copysign                      
00002a59  copysignl                     
00002a6d  strcpy                        
00002a81  strlen                        
00002a95  __TI_zero_init_nomemset       
00002aa7  wcslen                        
00002ab9  lcd_clear                     
00002ac9  __TI_decompress_none          
00002ad7  ResetISR                      
00002ae5  __aeabi_errno_addr            
00002aed  _system_pre_init              
00002af1  C$$EXIT                       
00002af1  abort                         
00002af4  _ctypes_                      
00002c10  __TI_Handler_Table_Base       
00002c1c  __TI_Handler_Table_Limit      
00002c30  __TI_CINIT_Base               
00002c48  __TI_CINIT_Limit              
20000000  g_pfnRAMVectors               
20000270  __stack                       
20000470  __STACK_TOP                   
20001270  __STACK_END                   
200012c4  button                        
200012c5  prev_Button                   
200012c8  button_event                  
200012cc  button_num                    
200012d4  servo_position                
200012d8  movement_direction            
200012dc  errno                         
ffffffff  __TI_pprof_out_hndl           
ffffffff  __TI_prof_data_size           
ffffffff  __TI_prof_data_start          
ffffffff  __binit__                     
ffffffff  __c_args__                    
ffffffff  binit                         
UNDEFED   __mpu_init                    
UNDEFED   _system_post_cinit            

[104 symbols]
