******************************************************************************
                  TI ARM Linker PC v18.1.2                     
******************************************************************************
>> Linked Thu Apr  4 15:26:37 2019

OUTPUT FILE NAME:   <Lab9.out>
ENTRY POINT SYMBOL: "_c_int00_noargs"  address: 0000382d


MEMORY CONFIGURATION

         name            origin    length      used     unused   attr    fill
----------------------  --------  ---------  --------  --------  ----  --------
  FLASH                 00000000   00040000  00003bcc  0003c434  R  X
  SRAM                  20000000   00008000  000012e0  00006d20  RW X


SEGMENT ALLOCATION MAP

run origin  load origin   length   init length attrs members
----------  ----------- ---------- ----------- ----- -------
00000000    00000000    00003bd0   00003bd0    r-x
  00000000    00000000    0000026c   0000026c    r-- .intvecs
  0000026c    0000026c    000037e4   000037e4    r-x .text
  00003a50    00003a50    0000013c   0000013c    r-- .const
  00003b90    00003b90    00000040   00000040    r-- .cinit
20000000    20000000    000012e4   00000000    rw-
  20000000    20000000    0000026c   00000000    rw- .vtable
  20000270    20000270    00001000   00000000    rw- .stack
  20001270    20001270    00000054   00000000    rw- .bss
  200012c4    200012c4    00000020   00000000    rw- .data


SECTION ALLOCATION MAP

 output                                  attributes/
section   page    origin      length       input sections
--------  ----  ----------  ----------   ----------------
.intvecs   0    00000000    0000026c     
                  00000000    0000026c     tm4c123gh6pm_startup_ccs.obj (.intvecs)

.text      0    0000026c    000037e4     
                  0000026c    00000a5e     rtsv7M4_T_le_v4SPD16_eabi.lib : _printfi.c.obj (.text:__TI_printfi)
                  00000cca    00000002                                   : div0.asm.obj (.text)
                  00000ccc    000009c0                                   : e_pow.c.obj (.text:pow)
                  0000168c    000003a0     lcd.obj (.text)
                  00001a2c    000002b0     ping.obj (.text)
                  00001cdc    00000270     rtsv7M4_T_le_v4SPD16_eabi.lib : _printfi.c.obj (.text:_pconv_a)
                  00001f4c    00000224     servo.obj (.text)
                  00002170    000001d0     rtsv7M4_T_le_v4SPD16_eabi.lib : _printfi.c.obj (.text:_pconv_g)
                  00002340    000001b6                                   : fd_add_t2.asm.obj (.text)
                  000024f6    00000002     --HOLE-- [fill = 0]
                  000024f8    00000174     uart.obj (.text)
                  0000266c    00000158     rtsv7M4_T_le_v4SPD16_eabi.lib : e_sqrt.c.obj (.text:sqrt)
                  000027c4    00000158     timer.obj (.text)
                  0000291c    0000014c     main.obj (.text)
                  00002a68    0000013c     rtsv7M4_T_le_v4SPD16_eabi.lib : _printfi.c.obj (.text:_pconv_e)
                  00002ba4    00000136                                   : fd_div_t2.asm.obj (.text)
                  00002cda    00000002     --HOLE-- [fill = 0]
                  00002cdc    00000120                                   : _printfi.c.obj (.text:fcvt)
                  00002dfc    00000110                                   : s_scalbn.c.obj (.text:scalbn)
                  00002f0c    000000fc                                   : fd_mul_t2.asm.obj (.text)
                  00003008    000000ec     adc.obj (.text)
                  000030f4    000000b1     rtsv7M4_T_le_v4SPD16_eabi.lib : _printfi.c.obj (.text:_ltostr)
                  000031a5    00000001     --HOLE-- [fill = 0]
                  000031a6    0000009c                                   : memcpy_t2.asm.obj (.text)
                  00003242    00000096                                   : ull_div_t2.asm.obj (.text)
                  000032d8    00000086                                   : fd_cmp_t2.asm.obj (.text:__aeabi_cdcmple)
                  0000335e    00000086                                   : fd_cmp_t2.asm.obj (.text:__aeabi_cdrcmple)
                  000033e4    0000007a                                   : memset_t2.asm.obj (.text)
                  0000345e    0000006e                                   : _printfi.c.obj (.text:_mcpy)
                  000034cc    00000068                                   : copy_decompress_lzss.c.obj (.text:decompress:lzss:__TI_decompress_lzss)
                  00003534    00000064                                   : s_frexp.c.obj (.text:frexp)
                  00003598    00000056                                   : _printfi.c.obj (.text:_pconv_f)
                  000035ee    00000054                                   : ltoa.c.obj (.text:ltoa)
                  00003642    00000052                                   : _printfi.c.obj (.text:_ecpy)
                  00003694    0000004c                                   : atoi.c.obj (.text:atoi)
                  000036e0    00000048                                   : fd_toi_t2.asm.obj (.text)
                  00003728    00000044                                   : autoinit.c.obj (.text:__TI_auto_init_nobinit_nopinit:__TI_auto_init_nobinit_nopinit)
                  0000376c    00000040                                   : sprintf.c.obj (.text:sprintf)
                  000037ac    00000040                                   : vsnprintf.c.obj (.text:vsnprintf)
                  000037ec    0000003e                                   : _printfi.c.obj (.text:_fcpy)
                  0000382a    00000002     --HOLE-- [fill = 0]
                  0000382c    00000038                                   : boot_cortex_m.c.obj (.text:_c_int00_noargs:_c_int00_noargs)
                  00003864    00000034     driverlib.lib : interrupt.obj (.text:IntRegister)
                  00003898    00000030     rtsv7M4_T_le_v4SPD16_eabi.lib : vsnprintf.c.obj (.text:_outs)
                  000038c8    0000002e                                   : i_tofd_t2.asm.obj (.text)
                  000038f6    00000020                                   : u_tofd_t2.asm.obj (.text)
                  00003916    0000001c                                   : memccpy.c.obj (.text:memccpy)
                  00003932    00000018                                   : vsnprintf.c.obj (.text:_outc)
                  0000394a    00000018                                   : sprintf.c.obj (.text:_outs)
                  00003962    00000018                                   : strcmp.c.obj (.text:strcmp)
                  0000397a    00000016                                   : strchr.c.obj (.text:strchr)
                  00003990    00000014                                   : s_copysign.c.obj (.text:copysign)
                  000039a4    00000014                                   : strcpy.c.obj (.text:strcpy)
                  000039b8    00000014                                   : strlen.c.obj (.text:strlen)
                  000039cc    00000012                                   : copy_zero_init.c.obj (.text:decompress:ZI:__TI_zero_init_nomemset:__TI_zero_init_nomemset)
                  000039de    00000012                                   : wcslen.c.obj (.text:wcslen)
                  000039f0    00000010     driverlib.lib : interrupt.obj (.text:IntMasterEnable)
                  00003a00    00000010     lcd.obj (.text:lcd_clear)
                  00003a10    0000000e     rtsv7M4_T_le_v4SPD16_eabi.lib : copy_decompress_none.c.obj (.text:decompress:none:__TI_decompress_none)
                  00003a1e    0000000c     driverlib.lib : cpu.obj (.text:CPUcpsie)
                  00003a2a    0000000c     tm4c123gh6pm_startup_ccs.obj (.text)
                  00003a36    0000000a     rtsv7M4_T_le_v4SPD16_eabi.lib : sprintf.c.obj (.text:_outc)
                  00003a40    00000008                                   : errno.c.obj (.text:__aeabi_errno_addr)
                  00003a48    00000004                                   : pre_init.c.obj (.text:_system_pre_init)
                  00003a4c    00000004                                   : exit.c.obj (.text:abort:abort)

.const     0    00003a50    0000013c     
                  00003a50    00000101     rtsv7M4_T_le_v4SPD16_eabi.lib : ctype.c.obj (.const:.string:_ctypes_)
                  00003b51    00000004     lcd.obj (.const:.string:lineAddress$1)
                  00003b55    00000003     --HOLE-- [fill = 0]
                  00003b58    00000030     rtsv7M4_T_le_v4SPD16_eabi.lib : e_pow.c.obj (.const:$O1$$)
                  00003b88    00000004     lcd.obj (.const:.string:lineAddresses$2)

.cinit     0    00003b90    00000040     
                  00003b90    0000000c     (__TI_handler_table)
                  00003b9c    0000000b     (.cinit..data.load) [load image, compression = lzss]
                  00003ba7    00000001     --HOLE-- [fill = 0]
                  00003ba8    00000008     (.cinit..bss.load) [load image, compression = zero_init]
                  00003bb0    00000008     (.cinit..vtable.load) [load image, compression = zero_init]
                  00003bb8    00000018     (__TI_cinit_table)

.init_array 
*          0    00000000    00000000     UNINITIALIZED

.vtable    0    20000000    0000026c     UNINITIALIZED
                  20000000    0000026c     driverlib.lib : interrupt.obj (.vtable)

.bss       0    20001270    00000054     UNINITIALIZED
                  20001270    00000054     lcd.obj (.bss:lastbuffer$3)

.data      0    200012c4    00000020     UNINITIALIZED
                  200012c4    00000014     ping.obj (.data)
                  200012d8    00000008     servo.obj (.data)
                  200012e0    00000004     rtsv7M4_T_le_v4SPD16_eabi.lib : errno.c.obj (.data)

.stack     0    20000270    00001000     UNINITIALIZED
                  20000270    00000004     rtsv7M4_T_le_v4SPD16_eabi.lib : boot_cortex_m.c.obj (.stack)
                  20000274    00000ffc     --HOLE--

MODULE SUMMARY

       Module                         code    ro data   rw data
       ------                         ----    -------   -------
    .\
       lcd.obj                        944     8         84     
       ping.obj                       688     0         20     
       tm4c123gh6pm_startup_ccs.obj   12      620       0      
       servo.obj                      548     0         8      
       uart.obj                       372     0         0      
       timer.obj                      344     0         0      
       main.obj                       332     0         0      
       adc.obj                        236     0         0      
    +--+------------------------------+-------+---------+---------+
       Total:                         3476    628       112    
                                                               
    C:/ti/TivaWare_C_Series-2.1.4.178/driverlib/ccs/Debug/driverlib.lib
       interrupt.obj                  68      0         620    
       cpu.obj                        12      0         0      
    +--+------------------------------+-------+---------+---------+
       Total:                         80      0         620    
                                                               
    C:\ti\ccsv8\tools\compiler\ti-cgt-arm_18.1.2.LTS\lib\rtsv7M4_T_le_v4SPD16_eabi.lib
       _printfi.c.obj                 4863    0         0      
       e_pow.c.obj                    2496    48        0      
       fd_add_t2.asm.obj              438     0         0      
       e_sqrt.c.obj                   344     0         0      
       fd_div_t2.asm.obj              310     0         0      
       s_scalbn.c.obj                 272     0         0      
       fd_cmp_t2.asm.obj              268     0         0      
       ctype.c.obj                    0       257       0      
       fd_mul_t2.asm.obj              252     0         0      
       memcpy_t2.asm.obj              156     0         0      
       ull_div_t2.asm.obj             150     0         0      
       vsnprintf.c.obj                136     0         0      
       memset_t2.asm.obj              122     0         0      
       copy_decompress_lzss.c.obj     104     0         0      
       s_frexp.c.obj                  100     0         0      
       sprintf.c.obj                  98      0         0      
       ltoa.c.obj                     84      0         0      
       atoi.c.obj                     76      0         0      
       fd_toi_t2.asm.obj              72      0         0      
       autoinit.c.obj                 68      0         0      
       boot_cortex_m.c.obj            56      0         0      
       i_tofd_t2.asm.obj              46      0         0      
       u_tofd_t2.asm.obj              32      0         0      
       memccpy.c.obj                  28      0         0      
       strcmp.c.obj                   24      0         0      
       strchr.c.obj                   22      0         0      
       s_copysign.c.obj               20      0         0      
       strcpy.c.obj                   20      0         0      
       strlen.c.obj                   20      0         0      
       copy_zero_init.c.obj           18      0         0      
       wcslen.c.obj                   18      0         0      
       copy_decompress_none.c.obj     14      0         0      
       errno.c.obj                    8       0         4      
       exit.c.obj                     4       0         0      
       pre_init.c.obj                 4       0         0      
       div0.asm.obj                   2       0         0      
    +--+------------------------------+-------+---------+---------+
       Total:                         10745   305       4      
                                                               
       Stack:                         0       0         4096   
       Linker Generated:              0       63        0      
    +--+------------------------------+-------+---------+---------+
       Grand Total:                   14301   996       4832   


LINKER GENERATED COPY TABLES

__TI_cinit_table @ 00003bb8 records: 3, size/record: 8, table size: 24
	.data: load addr=00003b9c, load size=0000000b bytes, run addr=200012c4, run size=00000020 bytes, compression=lzss
	.bss: load addr=00003ba8, load size=00000008 bytes, run addr=20001270, run size=00000054 bytes, compression=zero_init
	.vtable: load addr=00003bb0, load size=00000008 bytes, run addr=20000000, run size=0000026c bytes, compression=zero_init


LINKER GENERATED HANDLER TABLE

__TI_handler_table @ 00003b90 records: 3, size/record: 4, table size: 12
	index: 0, handler: __TI_zero_init
	index: 1, handler: __TI_decompress_lzss
	index: 2, handler: __TI_decompress_none


GLOBAL SYMBOLS: SORTED ALPHABETICALLY BY Name 

address   name                          
-------   ----                          
00003a4d  C$$EXIT                       
00003a1f  CPUcpsie                      
000039f1  IntMasterEnable               
00003865  IntRegister                   
00003a2b  ResetISR                      
00001ad7  TIMER3B_Handler               
000025b7  UART1_handler                 
20001270  __STACK_END                   
00001000  __STACK_SIZE                  
20000470  __STACK_TOP                   
00003bb8  __TI_CINIT_Base               
00003bd0  __TI_CINIT_Limit              
00003b90  __TI_Handler_Table_Base       
00003b9c  __TI_Handler_Table_Limit      
00003729  __TI_auto_init_nobinit_nopinit
000034cd  __TI_decompress_lzss          
00003a11  __TI_decompress_none          
ffffffff  __TI_pprof_out_hndl           
0000026d  __TI_printfi                  
ffffffff  __TI_prof_data_size           
ffffffff  __TI_prof_data_start          
00000000  __TI_static_base__            
000039cd  __TI_zero_init_nomemset       
000032d9  __aeabi_cdcmpeq               
000032d9  __aeabi_cdcmple               
0000335f  __aeabi_cdrcmple              
000036e1  __aeabi_d2iz                  
0000234b  __aeabi_dadd                  
00002ba5  __aeabi_ddiv                  
00002f0d  __aeabi_dmul                  
00002341  __aeabi_dsub                  
00003a41  __aeabi_errno_addr            
000038c9  __aeabi_i2d                   
00000ccb  __aeabi_idiv0                 
00000ccb  __aeabi_ldiv0                 
000033e5  __aeabi_memclr                
000033e5  __aeabi_memclr4               
000033e5  __aeabi_memclr8               
000031a7  __aeabi_memcpy                
000031a7  __aeabi_memcpy4               
000031a7  __aeabi_memcpy8               
000033e7  __aeabi_memset                
000033e7  __aeabi_memset4               
000033e7  __aeabi_memset8               
000038f7  __aeabi_ui2d                  
00003243  __aeabi_uldivmod              
ffffffff  __binit__                     
ffffffff  __c_args__                    
UNDEFED   __mpu_init                    
20000270  __stack                       
0000382d  _c_int00_noargs               
00003a50  _ctypes_                      
UNDEFED   _system_post_cinit            
00003a49  _system_pre_init              
00003a4d  abort                         
00003009  adc_init                      
00003091  adc_read                      
00003695  atoi                          
ffffffff  binit                         
00003991  copysign                      
00003991  copysignl                     
200012c8  edge_state                    
200012e0  errno                         
00003535  frexp                         
00003535  frexpl                        
200012c4  function_state                
20000000  g_pfnRAMVectors               
00000000  g_pfnVectors                  
00003a01  lcd_clear                     
00001825  lcd_gotoLine                  
0000168d  lcd_init                      
0000188b  lcd_printf                    
0000174d  lcd_putc                      
00001785  lcd_puts                      
00001969  lcd_rotatingBanner            
000017a3  lcd_sendCommand               
000017e1  lcd_sendNibble                
0000184d  lcd_setCursorPos              
00002dfd  ldexp                         
00002dfd  ldexpl                        
000035ef  ltoa                          
0000291d  main                          
00003917  memccpy                       
000031a7  memcpy                        
000033ed  memset                        
200012dc  movement_direction            
200012d4  overflow_count                
00001a2d  ping_init                     
00001b0f  ping_read                     
00001c33  ping_send                     
00000ccd  pow                           
00000ccd  powl                          
00002dfd  scalbn                        
00002dfd  scalbnl                       
00001f4d  servo_init                    
00001fdf  servo_move                    
200012d8  servo_position                
0000376d  sprintf                       
0000266d  sqrt                          
0000266d  sqrtl                         
0000397b  strchr                        
00003963  strcmp                        
000039a5  strcpy                        
000039b9  strlen                        
00001bd9  switch_function               
200012cc  time_first                    
200012d0  time_last                     
000028d5  timer_getClock                
00002889  timer_startClock              
00002823  timer_startTimer              
000028db  timer_stopClock               
00002873  timer_stopTimer               
000027f9  timer_waitMicros              
000027c5  timer_waitMillis              
000024f9  uart_init                     
000025fd  uart_receive                  
000025b9  uart_sendChar                 
000025d5  uart_sendString               
000037ad  vsnprintf                     
000039df  wcslen                        


GLOBAL SYMBOLS: SORTED BY Symbol Address 

address   name                          
-------   ----                          
00000000  __TI_static_base__            
00000000  g_pfnVectors                  
0000026d  __TI_printfi                  
00000ccb  __aeabi_idiv0                 
00000ccb  __aeabi_ldiv0                 
00000ccd  pow                           
00000ccd  powl                          
00001000  __STACK_SIZE                  
0000168d  lcd_init                      
0000174d  lcd_putc                      
00001785  lcd_puts                      
000017a3  lcd_sendCommand               
000017e1  lcd_sendNibble                
00001825  lcd_gotoLine                  
0000184d  lcd_setCursorPos              
0000188b  lcd_printf                    
00001969  lcd_rotatingBanner            
00001a2d  ping_init                     
00001ad7  TIMER3B_Handler               
00001b0f  ping_read                     
00001bd9  switch_function               
00001c33  ping_send                     
00001f4d  servo_init                    
00001fdf  servo_move                    
00002341  __aeabi_dsub                  
0000234b  __aeabi_dadd                  
000024f9  uart_init                     
000025b7  UART1_handler                 
000025b9  uart_sendChar                 
000025d5  uart_sendString               
000025fd  uart_receive                  
0000266d  sqrt                          
0000266d  sqrtl                         
000027c5  timer_waitMillis              
000027f9  timer_waitMicros              
00002823  timer_startTimer              
00002873  timer_stopTimer               
00002889  timer_startClock              
000028d5  timer_getClock                
000028db  timer_stopClock               
0000291d  main                          
00002ba5  __aeabi_ddiv                  
00002dfd  ldexp                         
00002dfd  ldexpl                        
00002dfd  scalbn                        
00002dfd  scalbnl                       
00002f0d  __aeabi_dmul                  
00003009  adc_init                      
00003091  adc_read                      
000031a7  __aeabi_memcpy                
000031a7  __aeabi_memcpy4               
000031a7  __aeabi_memcpy8               
000031a7  memcpy                        
00003243  __aeabi_uldivmod              
000032d9  __aeabi_cdcmpeq               
000032d9  __aeabi_cdcmple               
0000335f  __aeabi_cdrcmple              
000033e5  __aeabi_memclr                
000033e5  __aeabi_memclr4               
000033e5  __aeabi_memclr8               
000033e7  __aeabi_memset                
000033e7  __aeabi_memset4               
000033e7  __aeabi_memset8               
000033ed  memset                        
000034cd  __TI_decompress_lzss          
00003535  frexp                         
00003535  frexpl                        
000035ef  ltoa                          
00003695  atoi                          
000036e1  __aeabi_d2iz                  
00003729  __TI_auto_init_nobinit_nopinit
0000376d  sprintf                       
000037ad  vsnprintf                     
0000382d  _c_int00_noargs               
00003865  IntRegister                   
000038c9  __aeabi_i2d                   
000038f7  __aeabi_ui2d                  
00003917  memccpy                       
00003963  strcmp                        
0000397b  strchr                        
00003991  copysign                      
00003991  copysignl                     
000039a5  strcpy                        
000039b9  strlen                        
000039cd  __TI_zero_init_nomemset       
000039df  wcslen                        
000039f1  IntMasterEnable               
00003a01  lcd_clear                     
00003a11  __TI_decompress_none          
00003a1f  CPUcpsie                      
00003a2b  ResetISR                      
00003a41  __aeabi_errno_addr            
00003a49  _system_pre_init              
00003a4d  C$$EXIT                       
00003a4d  abort                         
00003a50  _ctypes_                      
00003b90  __TI_Handler_Table_Base       
00003b9c  __TI_Handler_Table_Limit      
00003bb8  __TI_CINIT_Base               
00003bd0  __TI_CINIT_Limit              
20000000  g_pfnRAMVectors               
20000270  __stack                       
20000470  __STACK_TOP                   
20001270  __STACK_END                   
200012c4  function_state                
200012c8  edge_state                    
200012cc  time_first                    
200012d0  time_last                     
200012d4  overflow_count                
200012d8  servo_position                
200012dc  movement_direction            
200012e0  errno                         
ffffffff  __TI_pprof_out_hndl           
ffffffff  __TI_prof_data_size           
ffffffff  __TI_prof_data_start          
ffffffff  __binit__                     
ffffffff  __c_args__                    
ffffffff  binit                         
UNDEFED   __mpu_init                    
UNDEFED   _system_post_cinit            

[120 symbols]
