******************************************************************************
                  TI ARM Linker PC v18.1.2                     
******************************************************************************
>> Linked Wed Apr 24 06:42:44 2019

OUTPUT FILE NAME:   <Lab9.out>
ENTRY POINT SYMBOL: "_c_int00_noargs"  address: 00004d49


MEMORY CONFIGURATION

         name            origin    length      used     unused   attr    fill
----------------------  --------  ---------  --------  --------  ----  --------
  FLASH                 00000000   00040000  000052f8  0003ad08  R  X
  SRAM                  20000000   00008000  000012e0  00006d20  RW X


SEGMENT ALLOCATION MAP

run origin  load origin   length   init length attrs members
----------  ----------- ---------- ----------- ----- -------
00000000    00000000    00005300   00005300    r-x
  00000000    00000000    0000026c   0000026c    r-- .intvecs
  0000026c    0000026c    00004d38   00004d38    r-x .text
  00004fa8    00004fa8    00000314   00000314    r-- .const
  000052c0    000052c0    00000040   00000040    r-- .cinit
20000000    20000000    000012e4   00000000    rw-
  20000000    20000000    0000026c   00000000    rw- .vtable
  20000270    20000270    00001000   00000000    rw- .stack
  20001270    20001270    00000054   00000000    rw- .bss
  200012c4    200012c4    00000020   00000000    rw- .data


SECTION ALLOCATION MAP

 output                                  attributes/
section   page    origin      length       input sections
--------  ----  ----------  ----------   ----------------
.intvecs   0    00000000    0000026c     
                  00000000    0000026c     tm4c123gh6pm_startup_ccs.obj (.intvecs)

.text      0    0000026c    00004d38     
                  0000026c    00000a5e     rtsv7M4_T_le_v4SPD16_eabi.lib : _printfi.c.obj (.text:__TI_printfi)
                  00000cca    00000002                                   : div0.asm.obj (.text)
                  00000ccc    000009c0                                   : e_pow.c.obj (.text:pow)
                  0000168c    00000738                                   : k_rem_pio2.c.obj (.text:__kernel_rem_pio2)
                  00001dc4    00000508                                   : s_tan.c.obj (.text:tan)
                  000022cc    000003a0     lcd.obj (.text)
                  0000266c    00000318     rtsv7M4_T_le_v4SPD16_eabi.lib : k_tan.c.obj (.text:__kernel_tan)
                  00002984    00000304     main.obj (.text)
                  00002c88    000002f8     analysis.obj (.text)
                  00002f80    000002b0     ping.obj (.text)
                  00003230    00000270     rtsv7M4_T_le_v4SPD16_eabi.lib : _printfi.c.obj (.text:_pconv_a)
                  000034a0    000001d0                                   : _printfi.c.obj (.text:_pconv_g)
                  00003670    000001d0     servo.obj (.text)
                  00003840    000001b6     rtsv7M4_T_le_v4SPD16_eabi.lib : fd_add_t2.asm.obj (.text)
                  000039f6    00000002     --HOLE-- [fill = 0]
                  000039f8    00000174     uart.obj (.text)
                  00003b6c    00000158     rtsv7M4_T_le_v4SPD16_eabi.lib : e_sqrt.c.obj (.text:sqrt)
                  00003cc4    00000158     timer.obj (.text)
                  00003e1c    0000013c     rtsv7M4_T_le_v4SPD16_eabi.lib : _printfi.c.obj (.text:_pconv_e)
                  00003f58    00000136                                   : fd_div_t2.asm.obj (.text)
                  0000408e    00000002     --HOLE-- [fill = 0]
                  00004090    00000120                                   : _printfi.c.obj (.text:fcvt)
                  000041b0    00000110                                   : s_scalbn.c.obj (.text:scalbn)
                  000042c0    000000fc                                   : fd_mul_t2.asm.obj (.text)
                  000043bc    000000f8                                   : s_floor.c.obj (.text:floor)
                  000044b4    000000ec     adc.obj (.text)
                  000045a0    000000b1     rtsv7M4_T_le_v4SPD16_eabi.lib : _printfi.c.obj (.text:_ltostr)
                  00004651    00000001     --HOLE-- [fill = 0]
                  00004652    0000009c                                   : memcpy_t2.asm.obj (.text)
                  000046ee    00000096                                   : ull_div_t2.asm.obj (.text)
                  00004784    00000086                                   : fd_cmp_t2.asm.obj (.text:__aeabi_cdcmple)
                  0000480a    00000086                                   : fd_cmp_t2.asm.obj (.text:__aeabi_cdrcmple)
                  00004890    0000007a                                   : memset_t2.asm.obj (.text)
                  0000490a    0000006e                                   : _printfi.c.obj (.text:_mcpy)
                  00004978    0000006e                                   : fd_tos_t2.asm.obj (.text)
                  000049e6    00000068                                   : copy_decompress_lzss.c.obj (.text:decompress:lzss:__TI_decompress_lzss)
                  00004a4e    00000002     --HOLE-- [fill = 0]
                  00004a50    00000064                                   : s_frexp.c.obj (.text:frexp)
                  00004ab4    00000056                                   : _printfi.c.obj (.text:_pconv_f)
                  00004b0a    00000054                                   : ltoa.c.obj (.text:ltoa)
                  00004b5e    00000052                                   : _printfi.c.obj (.text:_ecpy)
                  00004bb0    0000004c                                   : atoi.c.obj (.text:atoi)
                  00004bfc    00000048                                   : fd_toi_t2.asm.obj (.text)
                  00004c44    00000044                                   : autoinit.c.obj (.text:__TI_auto_init_nobinit_nopinit:__TI_auto_init_nobinit_nopinit)
                  00004c88    00000040                                   : sprintf.c.obj (.text:sprintf)
                  00004cc8    00000040                                   : vsnprintf.c.obj (.text:vsnprintf)
                  00004d08    0000003e                                   : _printfi.c.obj (.text:_fcpy)
                  00004d46    00000002     --HOLE-- [fill = 0]
                  00004d48    00000038                                   : boot_cortex_m.c.obj (.text:_c_int00_noargs:_c_int00_noargs)
                  00004d80    00000038                                   : fs_tod_t2.asm.obj (.text)
                  00004db8    00000034     driverlib.lib : interrupt.obj (.text:IntRegister)
                  00004dec    00000030     rtsv7M4_T_le_v4SPD16_eabi.lib : vsnprintf.c.obj (.text:_outs)
                  00004e1c    0000002e                                   : i_tofd_t2.asm.obj (.text)
                  00004e4a    00000020                                   : u_tofd_t2.asm.obj (.text)
                  00004e6a    0000001c                                   : memccpy.c.obj (.text:memccpy)
                  00004e86    00000018                                   : vsnprintf.c.obj (.text:_outc)
                  00004e9e    00000018                                   : sprintf.c.obj (.text:_outs)
                  00004eb6    00000018                                   : strcmp.c.obj (.text:strcmp)
                  00004ece    00000016                                   : strchr.c.obj (.text:strchr)
                  00004ee4    00000014                                   : s_copysign.c.obj (.text:copysign)
                  00004ef8    00000014                                   : strcpy.c.obj (.text:strcpy)
                  00004f0c    00000014                                   : strlen.c.obj (.text:strlen)
                  00004f20    00000012                                   : copy_zero_init.c.obj (.text:decompress:ZI:__TI_zero_init_nomemset:__TI_zero_init_nomemset)
                  00004f32    00000012                                   : wcslen.c.obj (.text:wcslen)
                  00004f44    00000010     driverlib.lib : interrupt.obj (.text:IntMasterEnable)
                  00004f54    00000010     lcd.obj (.text:lcd_clear)
                  00004f64    0000000e     rtsv7M4_T_le_v4SPD16_eabi.lib : copy_decompress_none.c.obj (.text:decompress:none:__TI_decompress_none)
                  00004f72    0000000c     driverlib.lib : cpu.obj (.text:CPUcpsie)
                  00004f7e    0000000c     tm4c123gh6pm_startup_ccs.obj (.text)
                  00004f8a    0000000a     rtsv7M4_T_le_v4SPD16_eabi.lib : sprintf.c.obj (.text:_outc)
                  00004f94    00000008                                   : errno.c.obj (.text:__aeabi_errno_addr)
                  00004f9c    00000004                                   : pre_init.c.obj (.text:_system_pre_init)
                  00004fa0    00000004                                   : exit.c.obj (.text:abort:abort)

.const     0    00004fa8    00000314     
                  00004fa8    00000158     rtsv7M4_T_le_v4SPD16_eabi.lib : k_rem_pio2.c.obj (.const:$O1$$)
                  00005100    00000101                                   : ctype.c.obj (.const:.string:_ctypes_)
                  00005201    00000004     lcd.obj (.const:.string:lineAddress$1)
                  00005205    00000003     --HOLE-- [fill = 0]
                  00005208    00000080     rtsv7M4_T_le_v4SPD16_eabi.lib : k_tan.c.obj (.const:xxx)
                  00005288    00000030                                   : e_pow.c.obj (.const:$O1$$)
                  000052b8    00000004     lcd.obj (.const:.string:lineAddresses$2)

.cinit     0    000052c0    00000040     
                  000052c0    0000000c     (__TI_handler_table)
                  000052cc    0000000b     (.cinit..data.load) [load image, compression = lzss]
                  000052d7    00000001     --HOLE-- [fill = 0]
                  000052d8    00000008     (.cinit..bss.load) [load image, compression = zero_init]
                  000052e0    00000008     (.cinit..vtable.load) [load image, compression = zero_init]
                  000052e8    00000018     (__TI_cinit_table)

.init_array 
*          0    00000000    00000000     UNINITIALIZED

.vtable    0    20000000    0000026c     UNINITIALIZED
                  20000000    0000026c     driverlib.lib : interrupt.obj (.vtable)

.bss       0    20001270    00000054     UNINITIALIZED
                  20001270    00000054     lcd.obj (.bss:lastbuffer$3)

.data      0    200012c4    00000020     UNINITIALIZED
                  200012c4    00000014     ping.obj (.data)
                  200012d8    00000008     servo.obj (.data)
                  200012e0    00000004     rtsv7M4_T_le_v4SPD16_eabi.lib : errno.c.obj (.data)

.stack     0    20000270    00001000     UNINITIALIZED
                  20000270    00000004     rtsv7M4_T_le_v4SPD16_eabi.lib : boot_cortex_m.c.obj (.stack)
                  20000274    00000ffc     --HOLE--

MODULE SUMMARY

       Module                         code    ro data   rw data
       ------                         ----    -------   -------
    .\
       lcd.obj                        944     8         84     
       main.obj                       772     0         0      
       analysis.obj                   760     0         0      
       ping.obj                       688     0         20     
       tm4c123gh6pm_startup_ccs.obj   12      620       0      
       servo.obj                      464     0         8      
       uart.obj                       372     0         0      
       timer.obj                      344     0         0      
       adc.obj                        236     0         0      
    +--+------------------------------+-------+---------+---------+
       Total:                         4592    628       112    
                                                               
    C:/ti/TivaWare_C_Series-2.1.4.178/driverlib/ccs/Debug/driverlib.lib
       interrupt.obj                  68      0         620    
       cpu.obj                        12      0         0      
    +--+------------------------------+-------+---------+---------+
       Total:                         80      0         620    
                                                               
    C:\ti\ccsv8\tools\compiler\ti-cgt-arm_18.1.2.LTS\lib\rtsv7M4_T_le_v4SPD16_eabi.lib
       _printfi.c.obj                 4863    0         0      
       e_pow.c.obj                    2496    48        0      
       k_rem_pio2.c.obj               1848    344       0      
       s_tan.c.obj                    1288    0         0      
       k_tan.c.obj                    792     128       0      
       fd_add_t2.asm.obj              438     0         0      
       e_sqrt.c.obj                   344     0         0      
       fd_div_t2.asm.obj              310     0         0      
       s_scalbn.c.obj                 272     0         0      
       fd_cmp_t2.asm.obj              268     0         0      
       ctype.c.obj                    0       257       0      
       fd_mul_t2.asm.obj              252     0         0      
       s_floor.c.obj                  248     0         0      
       memcpy_t2.asm.obj              156     0         0      
       ull_div_t2.asm.obj             150     0         0      
       vsnprintf.c.obj                136     0         0      
       memset_t2.asm.obj              122     0         0      
       fd_tos_t2.asm.obj              110     0         0      
       copy_decompress_lzss.c.obj     104     0         0      
       s_frexp.c.obj                  100     0         0      
       sprintf.c.obj                  98      0         0      
       ltoa.c.obj                     84      0         0      
       atoi.c.obj                     76      0         0      
       fd_toi_t2.asm.obj              72      0         0      
       autoinit.c.obj                 68      0         0      
       boot_cortex_m.c.obj            56      0         0      
       fs_tod_t2.asm.obj              56      0         0      
       i_tofd_t2.asm.obj              46      0         0      
       u_tofd_t2.asm.obj              32      0         0      
       memccpy.c.obj                  28      0         0      
       strcmp.c.obj                   24      0         0      
       strchr.c.obj                   22      0         0      
       s_copysign.c.obj               20      0         0      
       strcpy.c.obj                   20      0         0      
       strlen.c.obj                   20      0         0      
       copy_zero_init.c.obj           18      0         0      
       wcslen.c.obj                   18      0         0      
       copy_decompress_none.c.obj     14      0         0      
       errno.c.obj                    8       0         4      
       exit.c.obj                     4       0         0      
       pre_init.c.obj                 4       0         0      
       div0.asm.obj                   2       0         0      
    +--+------------------------------+-------+---------+---------+
       Total:                         15087   777       4      
                                                               
       Stack:                         0       0         4096   
       Linker Generated:              0       63        0      
    +--+------------------------------+-------+---------+---------+
       Grand Total:                   19759   1468      4832   


LINKER GENERATED COPY TABLES

__TI_cinit_table @ 000052e8 records: 3, size/record: 8, table size: 24
	.data: load addr=000052cc, load size=0000000b bytes, run addr=200012c4, run size=00000020 bytes, compression=lzss
	.bss: load addr=000052d8, load size=00000008 bytes, run addr=20001270, run size=00000054 bytes, compression=zero_init
	.vtable: load addr=000052e0, load size=00000008 bytes, run addr=20000000, run size=0000026c bytes, compression=zero_init


LINKER GENERATED HANDLER TABLE

__TI_handler_table @ 000052c0 records: 3, size/record: 4, table size: 12
	index: 0, handler: __TI_zero_init
	index: 1, handler: __TI_decompress_lzss
	index: 2, handler: __TI_decompress_none


GLOBAL SYMBOLS: SORTED ALPHABETICALLY BY Name 

address   name                          
-------   ----                          
00004fa1  C$$EXIT                       
00004f73  CPUcpsie                      
00004f45  IntMasterEnable               
00004db9  IntRegister                   
00004f7f  ResetISR                      
0000302b  TIMER3B_Handler               
00003ab7  UART1_handler                 
20001270  __STACK_END                   
00001000  __STACK_SIZE                  
20000470  __STACK_TOP                   
000052e8  __TI_CINIT_Base               
00005300  __TI_CINIT_Limit              
000052c0  __TI_Handler_Table_Base       
000052cc  __TI_Handler_Table_Limit      
00004c45  __TI_auto_init_nobinit_nopinit
000049e7  __TI_decompress_lzss          
00004f65  __TI_decompress_none          
ffffffff  __TI_pprof_out_hndl           
0000026d  __TI_printfi                  
ffffffff  __TI_prof_data_size           
ffffffff  __TI_prof_data_start          
00000000  __TI_static_base__            
00004f21  __TI_zero_init_nomemset       
00004785  __aeabi_cdcmpeq               
00004785  __aeabi_cdcmple               
0000480b  __aeabi_cdrcmple              
00004979  __aeabi_d2f                   
00004bfd  __aeabi_d2iz                  
0000384b  __aeabi_dadd                  
00003f59  __aeabi_ddiv                  
000042c1  __aeabi_dmul                  
00003841  __aeabi_dsub                  
00004f95  __aeabi_errno_addr            
00004d81  __aeabi_f2d                   
00004e1d  __aeabi_i2d                   
00000ccb  __aeabi_idiv0                 
00000ccb  __aeabi_ldiv0                 
00004891  __aeabi_memclr                
00004891  __aeabi_memclr4               
00004891  __aeabi_memclr8               
00004653  __aeabi_memcpy                
00004653  __aeabi_memcpy4               
00004653  __aeabi_memcpy8               
00004893  __aeabi_memset                
00004893  __aeabi_memset4               
00004893  __aeabi_memset8               
00004e4b  __aeabi_ui2d                  
000046ef  __aeabi_uldivmod              
ffffffff  __binit__                     
ffffffff  __c_args__                    
0000168d  __kernel_rem_pio2             
0000266d  __kernel_tan                  
UNDEFED   __mpu_init                    
20000270  __stack                       
00004d49  _c_int00_noargs               
00005100  _ctypes_                      
UNDEFED   _system_post_cinit            
00004f9d  _system_pre_init              
00004fa1  abort                         
000044b5  adc_init                      
0000453d  adc_read                      
00004bb1  atoi                          
ffffffff  binit                         
00004ee5  copysign                      
00004ee5  copysignl                     
00002c89  detect_objects                
200012c8  edge_state                    
200012e0  errno                         
00002da1  find_smallest                 
000043bd  floor                         
000043bd  floorl                        
00004a51  frexp                         
00004a51  frexpl                        
200012c4  function_state                
20000000  g_pfnRAMVectors               
00000000  g_pfnVectors                  
00004f55  lcd_clear                     
00002465  lcd_gotoLine                  
000022cd  lcd_init                      
000024cb  lcd_printf                    
0000238d  lcd_putc                      
000023c5  lcd_puts                      
000025a9  lcd_rotatingBanner            
000023e3  lcd_sendCommand               
00002421  lcd_sendNibble                
0000248d  lcd_setCursorPos              
000041b1  ldexp                         
000041b1  ldexpl                        
00004b0b  ltoa                          
00002985  main                          
00004e6b  memccpy                       
00004653  memcpy                        
00004899  memset                        
200012dc  movement_direction            
200012d4  overflow_count                
00002f81  ping_init                     
00003063  ping_read                     
00003187  ping_send                     
00000ccd  pow                           
00000ccd  powl                          
000041b1  scalbn                        
000041b1  scalbnl                       
00003671  servo_init                    
00003703  servo_move                    
200012d8  servo_position                
00004c89  sprintf                       
00003b6d  sqrt                          
00003b6d  sqrtl                         
00004ecf  strchr                        
00004eb7  strcmp                        
00004ef9  strcpy                        
00004f0d  strlen                        
0000312d  switch_function               
00001dc5  tan                           
00001dc5  tanl                          
200012cc  time_first                    
200012d0  time_last                     
00003dd5  timer_getClock                
00003d89  timer_startClock              
00003d23  timer_startTimer              
00003ddb  timer_stopClock               
00003d73  timer_stopTimer               
00003cf9  timer_waitMicros              
00003cc5  timer_waitMillis              
000039f9  uart_init                     
00003afd  uart_receive                  
00003ab9  uart_sendChar                 
00003ad5  uart_sendString               
00004cc9  vsnprintf                     
00004f33  wcslen                        


GLOBAL SYMBOLS: SORTED BY Symbol Address 

address   name                          
-------   ----                          
00000000  __TI_static_base__            
00000000  g_pfnVectors                  
0000026d  __TI_printfi                  
00000ccb  __aeabi_idiv0                 
00000ccb  __aeabi_ldiv0                 
00000ccd  pow                           
00000ccd  powl                          
00001000  __STACK_SIZE                  
0000168d  __kernel_rem_pio2             
00001dc5  tan                           
00001dc5  tanl                          
000022cd  lcd_init                      
0000238d  lcd_putc                      
000023c5  lcd_puts                      
000023e3  lcd_sendCommand               
00002421  lcd_sendNibble                
00002465  lcd_gotoLine                  
0000248d  lcd_setCursorPos              
000024cb  lcd_printf                    
000025a9  lcd_rotatingBanner            
0000266d  __kernel_tan                  
00002985  main                          
00002c89  detect_objects                
00002da1  find_smallest                 
00002f81  ping_init                     
0000302b  TIMER3B_Handler               
00003063  ping_read                     
0000312d  switch_function               
00003187  ping_send                     
00003671  servo_init                    
00003703  servo_move                    
00003841  __aeabi_dsub                  
0000384b  __aeabi_dadd                  
000039f9  uart_init                     
00003ab7  UART1_handler                 
00003ab9  uart_sendChar                 
00003ad5  uart_sendString               
00003afd  uart_receive                  
00003b6d  sqrt                          
00003b6d  sqrtl                         
00003cc5  timer_waitMillis              
00003cf9  timer_waitMicros              
00003d23  timer_startTimer              
00003d73  timer_stopTimer               
00003d89  timer_startClock              
00003dd5  timer_getClock                
00003ddb  timer_stopClock               
00003f59  __aeabi_ddiv                  
000041b1  ldexp                         
000041b1  ldexpl                        
000041b1  scalbn                        
000041b1  scalbnl                       
000042c1  __aeabi_dmul                  
000043bd  floor                         
000043bd  floorl                        
000044b5  adc_init                      
0000453d  adc_read                      
00004653  __aeabi_memcpy                
00004653  __aeabi_memcpy4               
00004653  __aeabi_memcpy8               
00004653  memcpy                        
000046ef  __aeabi_uldivmod              
00004785  __aeabi_cdcmpeq               
00004785  __aeabi_cdcmple               
0000480b  __aeabi_cdrcmple              
00004891  __aeabi_memclr                
00004891  __aeabi_memclr4               
00004891  __aeabi_memclr8               
00004893  __aeabi_memset                
00004893  __aeabi_memset4               
00004893  __aeabi_memset8               
00004899  memset                        
00004979  __aeabi_d2f                   
000049e7  __TI_decompress_lzss          
00004a51  frexp                         
00004a51  frexpl                        
00004b0b  ltoa                          
00004bb1  atoi                          
00004bfd  __aeabi_d2iz                  
00004c45  __TI_auto_init_nobinit_nopinit
00004c89  sprintf                       
00004cc9  vsnprintf                     
00004d49  _c_int00_noargs               
00004d81  __aeabi_f2d                   
00004db9  IntRegister                   
00004e1d  __aeabi_i2d                   
00004e4b  __aeabi_ui2d                  
00004e6b  memccpy                       
00004eb7  strcmp                        
00004ecf  strchr                        
00004ee5  copysign                      
00004ee5  copysignl                     
00004ef9  strcpy                        
00004f0d  strlen                        
00004f21  __TI_zero_init_nomemset       
00004f33  wcslen                        
00004f45  IntMasterEnable               
00004f55  lcd_clear                     
00004f65  __TI_decompress_none          
00004f73  CPUcpsie                      
00004f7f  ResetISR                      
00004f95  __aeabi_errno_addr            
00004f9d  _system_pre_init              
00004fa1  C$$EXIT                       
00004fa1  abort                         
00005100  _ctypes_                      
000052c0  __TI_Handler_Table_Base       
000052cc  __TI_Handler_Table_Limit      
000052e8  __TI_CINIT_Base               
00005300  __TI_CINIT_Limit              
20000000  g_pfnRAMVectors               
20000270  __stack                       
20000470  __STACK_TOP                   
20001270  __STACK_END                   
200012c4  function_state                
200012c8  edge_state                    
200012cc  time_first                    
200012d0  time_last                     
200012d4  overflow_count                
200012d8  servo_position                
200012dc  movement_direction            
200012e0  errno                         
ffffffff  __TI_pprof_out_hndl           
ffffffff  __TI_prof_data_size           
ffffffff  __TI_prof_data_start          
ffffffff  __binit__                     
ffffffff  __c_args__                    
ffffffff  binit                         
UNDEFED   __mpu_init                    
UNDEFED   _system_post_cinit            

[130 symbols]
