******************************************************************************
                  TI ARM Linker PC v18.1.2                     
******************************************************************************
>> Linked Wed Feb 27 21:56:12 2019

OUTPUT FILE NAME:   <Lab2.out>
ENTRY POINT SYMBOL: "_c_int00_noargs"  address: 0000334d


MEMORY CONFIGURATION

         name            origin    length      used     unused   attr    fill
----------------------  --------  ---------  --------  --------  ----  --------
  FLASH                 00000000   00040000  00003738  0003c8c8  R  X
  SRAM                  20000000   00008000  00002300  00005d00  RW X


SEGMENT ALLOCATION MAP

run origin  load origin   length   init length attrs members
----------  ----------- ---------- ----------- ----- -------
00000000    00000000    00003738   00003738    r-x
  00000000    00000000    0000026c   0000026c    r-- .intvecs
  0000026c    0000026c    00003364   00003364    r-x .text
  000035d0    000035d0    00000118   00000118    r-- .const
  000036e8    000036e8    00000050   00000050    r-- .cinit
20000000    20000000    00002304   00000000    rw-
  20000000    20000000    0000026c   00000000    rw- .vtable
  20000270    20000270    00001000   00000000    rw- .stack
  20001270    20001270    00001000   00000000    rw- .sysmem
  20002270    20002270    0000006c   00000000    rw- .bss
  200022dc    200022dc    00000028   00000000    rw- .data


SECTION ALLOCATION MAP

 output                                  attributes/
section   page    origin      length       input sections
--------  ----  ----------  ----------   ----------------
.intvecs   0    00000000    0000026c     
                  00000000    0000026c     tm4c123gh6pm_startup_ccs.obj (.intvecs)

.text      0    0000026c    00003364     
                  0000026c    00000aa0     open_interface.obj (.text)
                  00000d0c    00000a5e     rtsv7M4_T_le_v4SPD16_eabi.lib : _printfi.c.obj (.text:__TI_printfi)
                  0000176a    00000002                                   : _lock.c.obj (.text:_nop)
                  0000176c    000003a0     lcd.obj (.text)
                  00001b0c    00000270     rtsv7M4_T_le_v4SPD16_eabi.lib : _printfi.c.obj (.text:_pconv_a)
                  00001d7c    00000258     movement.obj (.text)
                  00001fd4    000001d0     rtsv7M4_T_le_v4SPD16_eabi.lib : _printfi.c.obj (.text:_pconv_g)
                  000021a4    000001b6                                   : fd_add_t2.asm.obj (.text)
                  0000235a    00000002                                   : div0.asm.obj (.text)
                  0000235c    00000158     timer.obj (.text)
                  000024b4    0000013c     rtsv7M4_T_le_v4SPD16_eabi.lib : _printfi.c.obj (.text:_pconv_e)
                  000025f0    00000136                                   : fd_div_t2.asm.obj (.text)
                  00002726    00000002     --HOLE-- [fill = 0]
                  00002728    00000120                                   : _printfi.c.obj (.text:fcvt)
                  00002848    00000110                                   : s_scalbn.c.obj (.text:scalbn)
                  00002958    000000fc                                   : fd_mul_t2.asm.obj (.text)
                  00002a54    000000d8                                   : memory.c.obj (.text:free)
                  00002b2c    000000b1                                   : _printfi.c.obj (.text:_ltostr)
                  00002bdd    00000001     --HOLE-- [fill = 0]
                  00002bde    0000009c                                   : memcpy_t2.asm.obj (.text)
                  00002c7a    00000096                                   : ull_div_t2.asm.obj (.text)
                  00002d10    00000086                                   : fd_cmp_t2.asm.obj (.text:__aeabi_cdcmple)
                  00002d96    00000086                                   : fd_cmp_t2.asm.obj (.text:__aeabi_cdrcmple)
                  00002e1c    0000007a                                   : memset_t2.asm.obj (.text)
                  00002e96    00000002     --HOLE-- [fill = 0]
                  00002e98    00000078                                   : memory.c.obj (.text:malloc)
                  00002f10    00000070     main.obj (.text)
                  00002f80    0000006e     rtsv7M4_T_le_v4SPD16_eabi.lib : _printfi.c.obj (.text:_mcpy)
                  00002fee    00000068                                   : copy_decompress_lzss.c.obj (.text:decompress:lzss:__TI_decompress_lzss)
                  00003056    00000002     --HOLE-- [fill = 0]
                  00003058    00000064                                   : s_frexp.c.obj (.text:frexp)
                  000030bc    00000056                                   : _printfi.c.obj (.text:_pconv_f)
                  00003112    00000054                                   : ltoa.c.obj (.text:ltoa)
                  00003166    00000052                                   : _printfi.c.obj (.text:_ecpy)
                  000031b8    0000004c                                   : atoi.c.obj (.text:atoi)
                  00003204    00000048                                   : fd_toi_t2.asm.obj (.text)
                  0000324c    00000044                                   : autoinit.c.obj (.text:__TI_auto_init_nobinit_nopinit:__TI_auto_init_nobinit_nopinit)
                  00003290    00000040                                   : vsnprintf.c.obj (.text:vsnprintf)
                  000032d0    0000003e                                   : _printfi.c.obj (.text:_fcpy)
                  0000330e    00000002     --HOLE-- [fill = 0]
                  00003310    0000003c                                   : memory.c.obj (.text:minsert)
                  0000334c    00000038                                   : boot_cortex_m.c.obj (.text:_c_int00_noargs:_c_int00_noargs)
                  00003384    00000038                                   : memory.c.obj (.text:minit)
                  000033bc    00000034     driverlib.lib : interrupt.obj (.text:IntRegister)
                  000033f0    00000030     rtsv7M4_T_le_v4SPD16_eabi.lib : vsnprintf.c.obj (.text:_outs)
                  00003420    0000002e                                   : i_tofd_t2.asm.obj (.text)
                  0000344e    0000002a                                   : memory.c.obj (.text:calloc)
                  00003478    00000028                                   : memory.c.obj (.text:mremove)
                  000034a0    0000001c                                   : memccpy.c.obj (.text:memccpy)
                  000034bc    00000018                                   : vsnprintf.c.obj (.text:_outc)
                  000034d4    00000018     open_interface.obj (.text:oi_parseInt)
                  000034ec    00000018     rtsv7M4_T_le_v4SPD16_eabi.lib : strcmp.c.obj (.text:strcmp)
                  00003504    00000016                                   : strchr.c.obj (.text:strchr)
                  0000351a    00000014                                   : s_copysign.c.obj (.text:copysign)
                  0000352e    00000014                                   : strcpy.c.obj (.text:strcpy)
                  00003542    00000014                                   : strlen.c.obj (.text:strlen)
                  00003556    00000012                                   : copy_zero_init.c.obj (.text:decompress:ZI:__TI_zero_init_nomemset:__TI_zero_init_nomemset)
                  00003568    00000012                                   : wcslen.c.obj (.text:wcslen)
                  0000357a    00000010     driverlib.lib : interrupt.obj (.text:IntMasterEnable)
                  0000358a    00000010     lcd.obj (.text:lcd_clear)
                  0000359a    0000000e     rtsv7M4_T_le_v4SPD16_eabi.lib : copy_decompress_none.c.obj (.text:decompress:none:__TI_decompress_none)
                  000035a8    0000000c     driverlib.lib : cpu.obj (.text:CPUcpsie)
                  000035b4    0000000c     tm4c123gh6pm_startup_ccs.obj (.text)
                  000035c0    00000008     rtsv7M4_T_le_v4SPD16_eabi.lib : errno.c.obj (.text:__aeabi_errno_addr)
                  000035c8    00000004                                   : pre_init.c.obj (.text:_system_pre_init)
                  000035cc    00000004                                   : exit.c.obj (.text:abort:abort)

.const     0    000035d0    00000118     
                  000035d0    00000101     rtsv7M4_T_le_v4SPD16_eabi.lib : ctype.c.obj (.const:.string:_ctypes_)
                  000036d1    0000000f     open_interface.obj (.const:.string:$P$T0$3)
                  000036e0    00000004     lcd.obj (.const:.string:lineAddress$1)
                  000036e4    00000004     lcd.obj (.const:.string:lineAddresses$2)

.cinit     0    000036e8    00000050     
                  000036e8    00000018     (.cinit..data.load) [load image, compression = lzss]
                  00003700    0000000c     (__TI_handler_table)
                  0000370c    00000004     --HOLE-- [fill = 0]
                  00003710    00000008     (.cinit..bss.load) [load image, compression = zero_init]
                  00003718    00000008     (.cinit..vtable.load) [load image, compression = zero_init]
                  00003720    00000018     (__TI_cinit_table)

.init_array 
*          0    00000000    00000000     UNINITIALIZED

.vtable    0    20000000    0000026c     UNINITIALIZED
                  20000000    0000026c     driverlib.lib : interrupt.obj (.vtable)

.stack     0    20000270    00001000     UNINITIALIZED
                  20000270    00000004     rtsv7M4_T_le_v4SPD16_eabi.lib : boot_cortex_m.c.obj (.stack)
                  20000274    00000ffc     --HOLE--

.sysmem    0    20001270    00001000     UNINITIALIZED
                  20001270    00000008     rtsv7M4_T_le_v4SPD16_eabi.lib : memory.c.obj (.sysmem)
                  20001278    00000ff8     --HOLE--

.bss       0    20002270    0000006c     UNINITIALIZED
                  20002270    00000054     lcd.obj (.bss:lastbuffer$3)
                  200022c4    00000018     open_interface.obj (.bss:firmware$2)

.data      0    200022dc    00000028     UNINITIALIZED
                  200022dc    00000010     open_interface.obj (.data)
                  200022ec    0000000c     rtsv7M4_T_le_v4SPD16_eabi.lib : memory.c.obj (.data:$O1$$)
                  200022f8    00000008                                   : _lock.c.obj (.data:$O1$$)
                  20002300    00000004                                   : errno.c.obj (.data)

MODULE SUMMARY

       Module                         code    ro data   rw data
       ------                         ----    -------   -------
    .\
       open_interface.obj             2744    15        40     
       lcd.obj                        944     8         84     
       tm4c123gh6pm_startup_ccs.obj   12      620       0      
       movement.obj                   600     0         0      
       timer.obj                      344     0         0      
       main.obj                       112     0         0      
    +--+------------------------------+-------+---------+---------+
       Total:                         4756    643       124    
                                                               
    C:/ti/TivaWare_C_Series-2.1.4.178/driverlib/ccs/Debug/driverlib.lib
       interrupt.obj                  68      0         620    
       cpu.obj                        12      0         0      
    +--+------------------------------+-------+---------+---------+
       Total:                         80      0         620    
                                                               
    C:\ti\ccsv8\tools\compiler\ti-cgt-arm_18.1.2.LTS\lib\rtsv7M4_T_le_v4SPD16_eabi.lib
       _printfi.c.obj                 4863    0         0      
       memory.c.obj                   534     0         12     
       fd_add_t2.asm.obj              438     0         0      
       fd_div_t2.asm.obj              310     0         0      
       s_scalbn.c.obj                 272     0         0      
       fd_cmp_t2.asm.obj              268     0         0      
       ctype.c.obj                    0       257       0      
       fd_mul_t2.asm.obj              252     0         0      
       memcpy_t2.asm.obj              156     0         0      
       ull_div_t2.asm.obj             150     0         0      
       vsnprintf.c.obj                136     0         0      
       memset_t2.asm.obj              122     0         0      
       copy_decompress_lzss.c.obj     104     0         0      
       s_frexp.c.obj                  100     0         0      
       ltoa.c.obj                     84      0         0      
       atoi.c.obj                     76      0         0      
       fd_toi_t2.asm.obj              72      0         0      
       autoinit.c.obj                 68      0         0      
       boot_cortex_m.c.obj            56      0         0      
       i_tofd_t2.asm.obj              46      0         0      
       memccpy.c.obj                  28      0         0      
       strcmp.c.obj                   24      0         0      
       strchr.c.obj                   22      0         0      
       s_copysign.c.obj               20      0         0      
       strcpy.c.obj                   20      0         0      
       strlen.c.obj                   20      0         0      
       copy_zero_init.c.obj           18      0         0      
       wcslen.c.obj                   18      0         0      
       copy_decompress_none.c.obj     14      0         0      
       errno.c.obj                    8       0         4      
       _lock.c.obj                    2       0         8      
       exit.c.obj                     4       0         0      
       pre_init.c.obj                 4       0         0      
       div0.asm.obj                   2       0         0      
    +--+------------------------------+-------+---------+---------+
       Total:                         8311    257       24     
                                                               
       Heap:                          0       0         4096   
       Stack:                         0       0         4096   
       Linker Generated:              0       76        0      
    +--+------------------------------+-------+---------+---------+
       Grand Total:                   13147   976       8960   


LINKER GENERATED COPY TABLES

__TI_cinit_table @ 00003720 records: 3, size/record: 8, table size: 24
	.data: load addr=000036e8, load size=00000018 bytes, run addr=200022dc, run size=00000028 bytes, compression=lzss
	.bss: load addr=00003710, load size=00000008 bytes, run addr=20002270, run size=0000006c bytes, compression=zero_init
	.vtable: load addr=00003718, load size=00000008 bytes, run addr=20000000, run size=0000026c bytes, compression=zero_init


LINKER GENERATED HANDLER TABLE

__TI_handler_table @ 00003700 records: 3, size/record: 4, table size: 12
	index: 0, handler: __TI_zero_init
	index: 1, handler: __TI_decompress_lzss
	index: 2, handler: __TI_decompress_none


GLOBAL SYMBOLS: SORTED ALPHABETICALLY BY Name 

address   name                          
-------   ----                          
000035cd  C$$EXIT                       
000035a9  CPUcpsie                      
00000b73  GPIOF_Handler                 
0000357b  IntMasterEnable               
000033bd  IntRegister                   
000035b5  ResetISR                      
20001270  __STACK_END                   
00001000  __STACK_SIZE                  
20000470  __STACK_TOP                   
00001000  __SYSMEM_SIZE                 
00003720  __TI_CINIT_Base               
00003738  __TI_CINIT_Limit              
00003700  __TI_Handler_Table_Base       
0000370c  __TI_Handler_Table_Limit      
0000324d  __TI_auto_init_nobinit_nopinit
00002fef  __TI_decompress_lzss          
0000359b  __TI_decompress_none          
ffffffff  __TI_pprof_out_hndl           
00000d0d  __TI_printfi                  
ffffffff  __TI_prof_data_size           
ffffffff  __TI_prof_data_start          
00000000  __TI_static_base__            
00003557  __TI_zero_init_nomemset       
00002d11  __aeabi_cdcmpeq               
00002d11  __aeabi_cdcmple               
00002d97  __aeabi_cdrcmple              
00003205  __aeabi_d2iz                  
000021af  __aeabi_dadd                  
000025f1  __aeabi_ddiv                  
00002959  __aeabi_dmul                  
000021a5  __aeabi_dsub                  
000035c1  __aeabi_errno_addr            
00003421  __aeabi_i2d                   
0000235b  __aeabi_idiv0                 
0000235b  __aeabi_ldiv0                 
00002e1d  __aeabi_memclr                
00002e1d  __aeabi_memclr4               
00002e1d  __aeabi_memclr8               
00002bdf  __aeabi_memcpy                
00002bdf  __aeabi_memcpy4               
00002bdf  __aeabi_memcpy8               
00002e1f  __aeabi_memset                
00002e1f  __aeabi_memset4               
00002e1f  __aeabi_memset8               
00002c7b  __aeabi_uldivmod              
ffffffff  __binit__                     
ffffffff  __c_args__                    
UNDEFED   __mpu_init                    
20000270  __stack                       
0000334d  _c_int00_noargs               
000035d0  _ctypes_                      
200022f8  _lock                         
0000176b  _nop                          
20001270  _sys_memory                   
UNDEFED   _system_post_cinit            
000035c9  _system_pre_init              
200022fc  _unlock                       
000035cd  abort                         
000031b9  atoi                          
ffffffff  binit                         
0000344f  calloc                        
00001ee9  collision                     
0000351b  copysign                      
0000351b  copysignl                     
20002300  errno                         
00002a55  free                          
00003059  frexp                         
00003059  frexpl                        
20000000  g_pfnRAMVectors               
00000000  g_pfnVectors                  
00000b9d  getDegrees                    
0000092f  go_charge                     
0000358b  lcd_clear                     
00001905  lcd_gotoLine                  
0000176d  lcd_init                      
0000196b  lcd_printf                    
0000182d  lcd_putc                      
00001865  lcd_puts                      
00001a49  lcd_rotatingBanner            
00001883  lcd_sendCommand               
000018c1  lcd_sendNibble                
0000192d  lcd_setCursorPos              
00002849  ldexp                         
00002849  ldexpl                        
00003113  ltoa                          
00002f11  main                          
00002e99  malloc                        
000034a1  memccpy                       
00002bdf  memcpy                        
00002e25  memset                        
00003385  minit                         
00001dbf  move_backward                 
00001d7d  move_forward                  
0000026d  oi_alloc                      
00000a59  oi_checkFirmware              
000002c3  oi_close                      
00000279  oi_free                       
000002ad  oi_init                       
00000289  oi_init_noupdate              
000008c5  oi_loadSong                   
000034d5  oi_parseInt                   
00000327  oi_parsePacket                
0000091b  oi_play_song                  
0000083f  oi_setLeds                    
00000883  oi_setWheels                  
00000b01  oi_shutoff_init               
0000093d  oi_uartInit                   
000009e1  oi_uartReceive                
00000a27  oi_uartSendBuff               
000009c5  oi_uartSendChar               
00000a09  oi_uartSendStr                
000002d5  oi_update                     
00002849  scalbn                        
00002849  scalbnl                       
00003505  strchr                        
000034ed  strcmp                        
0000352f  strcpy                        
00003543  strlen                        
0000246d  timer_getClock                
00002421  timer_startClock              
000023bb  timer_startTimer              
00002473  timer_stopClock               
0000240b  timer_stopTimer               
00002391  timer_waitMicros              
0000235d  timer_waitMillis              
00001e73  turn_left                     
00001dfd  turn_right                    
00003291  vsnprintf                     
00003569  wcslen                        


GLOBAL SYMBOLS: SORTED BY Symbol Address 

address   name                          
-------   ----                          
00000000  __TI_static_base__            
00000000  g_pfnVectors                  
0000026d  oi_alloc                      
00000279  oi_free                       
00000289  oi_init_noupdate              
000002ad  oi_init                       
000002c3  oi_close                      
000002d5  oi_update                     
00000327  oi_parsePacket                
0000083f  oi_setLeds                    
00000883  oi_setWheels                  
000008c5  oi_loadSong                   
0000091b  oi_play_song                  
0000092f  go_charge                     
0000093d  oi_uartInit                   
000009c5  oi_uartSendChar               
000009e1  oi_uartReceive                
00000a09  oi_uartSendStr                
00000a27  oi_uartSendBuff               
00000a59  oi_checkFirmware              
00000b01  oi_shutoff_init               
00000b73  GPIOF_Handler                 
00000b9d  getDegrees                    
00000d0d  __TI_printfi                  
00001000  __STACK_SIZE                  
00001000  __SYSMEM_SIZE                 
0000176b  _nop                          
0000176d  lcd_init                      
0000182d  lcd_putc                      
00001865  lcd_puts                      
00001883  lcd_sendCommand               
000018c1  lcd_sendNibble                
00001905  lcd_gotoLine                  
0000192d  lcd_setCursorPos              
0000196b  lcd_printf                    
00001a49  lcd_rotatingBanner            
00001d7d  move_forward                  
00001dbf  move_backward                 
00001dfd  turn_right                    
00001e73  turn_left                     
00001ee9  collision                     
000021a5  __aeabi_dsub                  
000021af  __aeabi_dadd                  
0000235b  __aeabi_idiv0                 
0000235b  __aeabi_ldiv0                 
0000235d  timer_waitMillis              
00002391  timer_waitMicros              
000023bb  timer_startTimer              
0000240b  timer_stopTimer               
00002421  timer_startClock              
0000246d  timer_getClock                
00002473  timer_stopClock               
000025f1  __aeabi_ddiv                  
00002849  ldexp                         
00002849  ldexpl                        
00002849  scalbn                        
00002849  scalbnl                       
00002959  __aeabi_dmul                  
00002a55  free                          
00002bdf  __aeabi_memcpy                
00002bdf  __aeabi_memcpy4               
00002bdf  __aeabi_memcpy8               
00002bdf  memcpy                        
00002c7b  __aeabi_uldivmod              
00002d11  __aeabi_cdcmpeq               
00002d11  __aeabi_cdcmple               
00002d97  __aeabi_cdrcmple              
00002e1d  __aeabi_memclr                
00002e1d  __aeabi_memclr4               
00002e1d  __aeabi_memclr8               
00002e1f  __aeabi_memset                
00002e1f  __aeabi_memset4               
00002e1f  __aeabi_memset8               
00002e25  memset                        
00002e99  malloc                        
00002f11  main                          
00002fef  __TI_decompress_lzss          
00003059  frexp                         
00003059  frexpl                        
00003113  ltoa                          
000031b9  atoi                          
00003205  __aeabi_d2iz                  
0000324d  __TI_auto_init_nobinit_nopinit
00003291  vsnprintf                     
0000334d  _c_int00_noargs               
00003385  minit                         
000033bd  IntRegister                   
00003421  __aeabi_i2d                   
0000344f  calloc                        
000034a1  memccpy                       
000034d5  oi_parseInt                   
000034ed  strcmp                        
00003505  strchr                        
0000351b  copysign                      
0000351b  copysignl                     
0000352f  strcpy                        
00003543  strlen                        
00003557  __TI_zero_init_nomemset       
00003569  wcslen                        
0000357b  IntMasterEnable               
0000358b  lcd_clear                     
0000359b  __TI_decompress_none          
000035a9  CPUcpsie                      
000035b5  ResetISR                      
000035c1  __aeabi_errno_addr            
000035c9  _system_pre_init              
000035cd  C$$EXIT                       
000035cd  abort                         
000035d0  _ctypes_                      
00003700  __TI_Handler_Table_Base       
0000370c  __TI_Handler_Table_Limit      
00003720  __TI_CINIT_Base               
00003738  __TI_CINIT_Limit              
20000000  g_pfnRAMVectors               
20000270  __stack                       
20000470  __STACK_TOP                   
20001270  __STACK_END                   
20001270  _sys_memory                   
200022f8  _lock                         
200022fc  _unlock                       
20002300  errno                         
ffffffff  __TI_pprof_out_hndl           
ffffffff  __TI_prof_data_size           
ffffffff  __TI_prof_data_start          
ffffffff  __binit__                     
ffffffff  __c_args__                    
ffffffff  binit                         
UNDEFED   __mpu_init                    
UNDEFED   _system_post_cinit            

[129 symbols]
