******************************************************************************
                  TI ARM Linker PC v18.1.2                     
******************************************************************************
>> Linked Sun Feb 24 22:39:13 2019

OUTPUT FILE NAME:   <Lab4.out>
ENTRY POINT SYMBOL: "_c_int00_noargs"  address: 000025c9


MEMORY CONFIGURATION

         name            origin    length      used     unused   attr    fill
----------------------  --------  ---------  --------  --------  ----  --------
  FLASH                 00000000   00040000  00002901  0003d6ff  R  X
  SRAM                  20000000   00008000  000012c4  00006d3c  RW X


SEGMENT ALLOCATION MAP

run origin  load origin   length   init length attrs members
----------  ----------- ---------- ----------- ----- -------
00000000    00000000    00002908   00002908    r-x
  00000000    00000000    0000026c   0000026c    r-- .intvecs
  0000026c    0000026c    0000254c   0000254c    r-x .text
  000027b8    000027b8    00000109   00000109    r-- .const
  000028c8    000028c8    00000040   00000040    r-- .cinit
20000000    20000000    000012c4   00000000    rw-
  20000000    20000000    0000026c   00000000    rw- .vtable
  2000026c    2000026c    00000004   00000000    rw- .data
  20000270    20000270    00001000   00000000    rw- .stack
  20001270    20001270    00000054   00000000    rw- .bss


SECTION ALLOCATION MAP

 output                                  attributes/
section   page    origin      length       input sections
--------  ----  ----------  ----------   ----------------
.intvecs   0    00000000    0000026c     
                  00000000    0000026c     tm4c123gh6pm_startup_ccs.obj (.intvecs)

.text      0    0000026c    0000254c     
                  0000026c    00000a5e     rtsv7M4_T_le_v4SPD16_eabi.lib : _printfi.c.obj (.text:__TI_printfi)
                  00000cca    00000002                                   : div0.asm.obj (.text)
                  00000ccc    000003a0     lcd.obj (.text)
                  0000106c    00000270     rtsv7M4_T_le_v4SPD16_eabi.lib : _printfi.c.obj (.text:_pconv_a)
                  000012dc    000001d0                                   : _printfi.c.obj (.text:_pconv_g)
                  000014ac    000001b6                                   : fd_add_t2.asm.obj (.text)
                  00001662    00000002     --HOLE-- [fill = 0]
                  00001664    00000174     uart.obj (.text)
                  000017d8    00000158     timer.obj (.text)
                  00001930    0000013c     rtsv7M4_T_le_v4SPD16_eabi.lib : _printfi.c.obj (.text:_pconv_e)
                  00001a6c    00000136                                   : fd_div_t2.asm.obj (.text)
                  00001ba2    00000002     --HOLE-- [fill = 0]
                  00001ba4    00000120                                   : _printfi.c.obj (.text:fcvt)
                  00001cc4    00000110                                   : s_scalbn.c.obj (.text:scalbn)
                  00001dd4    000000fc                                   : fd_mul_t2.asm.obj (.text)
                  00001ed0    000000b1                                   : _printfi.c.obj (.text:_ltostr)
                  00001f81    00000001     --HOLE-- [fill = 0]
                  00001f82    0000009c                                   : memcpy_t2.asm.obj (.text)
                  0000201e    00000096                                   : ull_div_t2.asm.obj (.text)
                  000020b4    00000086                                   : fd_cmp_t2.asm.obj (.text:__aeabi_cdcmple)
                  0000213a    00000086                                   : fd_cmp_t2.asm.obj (.text:__aeabi_cdrcmple)
                  000021c0    0000007a                                   : memset_t2.asm.obj (.text)
                  0000223a    0000006e                                   : _printfi.c.obj (.text:_mcpy)
                  000022a8    00000068                                   : copy_decompress_lzss.c.obj (.text:decompress:lzss:__TI_decompress_lzss)
                  00002310    00000064                                   : s_frexp.c.obj (.text:frexp)
                  00002374    00000056                                   : _printfi.c.obj (.text:_pconv_f)
                  000023ca    00000054                                   : ltoa.c.obj (.text:ltoa)
                  0000241e    00000052                                   : _printfi.c.obj (.text:_ecpy)
                  00002470    0000004c                                   : atoi.c.obj (.text:atoi)
                  000024bc    00000048                                   : fd_toi_t2.asm.obj (.text)
                  00002504    00000044                                   : autoinit.c.obj (.text:__TI_auto_init_nobinit_nopinit:__TI_auto_init_nobinit_nopinit)
                  00002548    00000040                                   : vsnprintf.c.obj (.text:vsnprintf)
                  00002588    0000003e                                   : _printfi.c.obj (.text:_fcpy)
                  000025c6    00000002     --HOLE-- [fill = 0]
                  000025c8    00000038                                   : boot_cortex_m.c.obj (.text:_c_int00_noargs:_c_int00_noargs)
                  00002600    00000034     driverlib.lib : interrupt.obj (.text:IntRegister)
                  00002634    00000030     rtsv7M4_T_le_v4SPD16_eabi.lib : vsnprintf.c.obj (.text:_outs)
                  00002664    0000002e                                   : i_tofd_t2.asm.obj (.text)
                  00002692    0000001c                                   : memccpy.c.obj (.text:memccpy)
                  000026ae    00000018                                   : vsnprintf.c.obj (.text:_outc)
                  000026c6    00000018                                   : strcmp.c.obj (.text:strcmp)
                  000026de    00000016                                   : strchr.c.obj (.text:strchr)
                  000026f4    00000014                                   : s_copysign.c.obj (.text:copysign)
                  00002708    00000014                                   : strcpy.c.obj (.text:strcpy)
                  0000271c    00000014                                   : strlen.c.obj (.text:strlen)
                  00002730    00000012                                   : copy_zero_init.c.obj (.text:decompress:ZI:__TI_zero_init_nomemset:__TI_zero_init_nomemset)
                  00002742    00000012                                   : wcslen.c.obj (.text:wcslen)
                  00002754    00000010     driverlib.lib : interrupt.obj (.text:IntMasterEnable)
                  00002764    00000010     lcd.obj (.text:lcd_clear)
                  00002774    0000000e     rtsv7M4_T_le_v4SPD16_eabi.lib : copy_decompress_none.c.obj (.text:decompress:none:__TI_decompress_none)
                  00002782    0000000c     driverlib.lib : cpu.obj (.text:CPUcpsie)
                  0000278e    0000000c     main.obj (.text)
                  0000279a    0000000c     tm4c123gh6pm_startup_ccs.obj (.text)
                  000027a6    00000002     --HOLE-- [fill = 0]
                  000027a8    00000008     rtsv7M4_T_le_v4SPD16_eabi.lib : errno.c.obj (.text:__aeabi_errno_addr)
                  000027b0    00000004                                   : pre_init.c.obj (.text:_system_pre_init)
                  000027b4    00000004                                   : exit.c.obj (.text:abort:abort)

.const     0    000027b8    00000109     
                  000027b8    00000101     rtsv7M4_T_le_v4SPD16_eabi.lib : ctype.c.obj (.const:.string:_ctypes_)
                  000028b9    00000004     lcd.obj (.const:.string:lineAddress$1)
                  000028bd    00000004     lcd.obj (.const:.string:lineAddresses$2)

.cinit     0    000028c8    00000040     
                  000028c8    0000000c     (__TI_handler_table)
                  000028d4    00000004     --HOLE-- [fill = 0]
                  000028d8    00000008     (.cinit..bss.load) [load image, compression = zero_init]
                  000028e0    00000008     (.cinit..vtable.load) [load image, compression = zero_init]
                  000028e8    00000007     (.cinit..data.load) [load image, compression = lzss]
                  000028ef    00000001     --HOLE-- [fill = 0]
                  000028f0    00000018     (__TI_cinit_table)

.init_array 
*          0    00000000    00000000     UNINITIALIZED

.vtable    0    20000000    0000026c     UNINITIALIZED
                  20000000    0000026c     driverlib.lib : interrupt.obj (.vtable)

.data      0    2000026c    00000004     UNINITIALIZED
                  2000026c    00000004     rtsv7M4_T_le_v4SPD16_eabi.lib : errno.c.obj (.data)

.bss       0    20001270    00000054     UNINITIALIZED
                  20001270    00000054     lcd.obj (.bss:lastbuffer$3)

.stack     0    20000270    00001000     UNINITIALIZED
                  20000270    00000004     rtsv7M4_T_le_v4SPD16_eabi.lib : boot_cortex_m.c.obj (.stack)
                  20000274    00000ffc     --HOLE--

MODULE SUMMARY

       Module                         code   ro data   rw data
       ------                         ----   -------   -------
    .\
       lcd.obj                        944    8         84     
       tm4c123gh6pm_startup_ccs.obj   12     620       0      
       uart.obj                       372    0         0      
       timer.obj                      344    0         0      
       main.obj                       12     0         0      
    +--+------------------------------+------+---------+---------+
       Total:                         1684   628       84     
                                                              
    C:/ti/TivaWare_C_Series-2.1.4.178/driverlib/ccs/Debug/driverlib.lib
       interrupt.obj                  68     0         620    
       cpu.obj                        12     0         0      
    +--+------------------------------+------+---------+---------+
       Total:                         80     0         620    
                                                              
    C:\ti\ccsv8\tools\compiler\ti-cgt-arm_18.1.2.LTS\lib\rtsv7M4_T_le_v4SPD16_eabi.lib
       _printfi.c.obj                 4863   0         0      
       fd_add_t2.asm.obj              438    0         0      
       fd_div_t2.asm.obj              310    0         0      
       s_scalbn.c.obj                 272    0         0      
       fd_cmp_t2.asm.obj              268    0         0      
       ctype.c.obj                    0      257       0      
       fd_mul_t2.asm.obj              252    0         0      
       memcpy_t2.asm.obj              156    0         0      
       ull_div_t2.asm.obj             150    0         0      
       vsnprintf.c.obj                136    0         0      
       memset_t2.asm.obj              122    0         0      
       copy_decompress_lzss.c.obj     104    0         0      
       s_frexp.c.obj                  100    0         0      
       ltoa.c.obj                     84     0         0      
       atoi.c.obj                     76     0         0      
       fd_toi_t2.asm.obj              72     0         0      
       autoinit.c.obj                 68     0         0      
       boot_cortex_m.c.obj            56     0         0      
       i_tofd_t2.asm.obj              46     0         0      
       memccpy.c.obj                  28     0         0      
       strcmp.c.obj                   24     0         0      
       strchr.c.obj                   22     0         0      
       s_copysign.c.obj               20     0         0      
       strcpy.c.obj                   20     0         0      
       strlen.c.obj                   20     0         0      
       copy_zero_init.c.obj           18     0         0      
       wcslen.c.obj                   18     0         0      
       copy_decompress_none.c.obj     14     0         0      
       errno.c.obj                    8      0         4      
       exit.c.obj                     4      0         0      
       pre_init.c.obj                 4      0         0      
       div0.asm.obj                   2      0         0      
    +--+------------------------------+------+---------+---------+
       Total:                         7775   257       4      
                                                              
       Stack:                         0      0         4096   
       Linker Generated:              0      59        0      
    +--+------------------------------+------+---------+---------+
       Grand Total:                   9539   944       4804   


LINKER GENERATED COPY TABLES

__TI_cinit_table @ 000028f0 records: 3, size/record: 8, table size: 24
	.bss: load addr=000028d8, load size=00000008 bytes, run addr=20001270, run size=00000054 bytes, compression=zero_init
	.vtable: load addr=000028e0, load size=00000008 bytes, run addr=20000000, run size=0000026c bytes, compression=zero_init
	.data: load addr=000028e8, load size=00000007 bytes, run addr=2000026c, run size=00000004 bytes, compression=lzss


LINKER GENERATED HANDLER TABLE

__TI_handler_table @ 000028c8 records: 3, size/record: 4, table size: 12
	index: 0, handler: __TI_zero_init
	index: 1, handler: __TI_decompress_lzss
	index: 2, handler: __TI_decompress_none


GLOBAL SYMBOLS: SORTED ALPHABETICALLY BY Name 

address   name                          
-------   ----                          
000027b5  C$$EXIT                       
00002783  CPUcpsie                      
00002755  IntMasterEnable               
00002601  IntRegister                   
0000279b  ResetISR                      
00001723  UART1_handler                 
20001270  __STACK_END                   
00001000  __STACK_SIZE                  
20000470  __STACK_TOP                   
000028f0  __TI_CINIT_Base               
00002908  __TI_CINIT_Limit              
000028c8  __TI_Handler_Table_Base       
000028d4  __TI_Handler_Table_Limit      
00002505  __TI_auto_init_nobinit_nopinit
000022a9  __TI_decompress_lzss          
00002775  __TI_decompress_none          
ffffffff  __TI_pprof_out_hndl           
0000026d  __TI_printfi                  
ffffffff  __TI_prof_data_size           
ffffffff  __TI_prof_data_start          
00000000  __TI_static_base__            
00002731  __TI_zero_init_nomemset       
000020b5  __aeabi_cdcmpeq               
000020b5  __aeabi_cdcmple               
0000213b  __aeabi_cdrcmple              
000024bd  __aeabi_d2iz                  
000014b7  __aeabi_dadd                  
00001a6d  __aeabi_ddiv                  
00001dd5  __aeabi_dmul                  
000014ad  __aeabi_dsub                  
000027a9  __aeabi_errno_addr            
00002665  __aeabi_i2d                   
00000ccb  __aeabi_idiv0                 
00000ccb  __aeabi_ldiv0                 
000021c1  __aeabi_memclr                
000021c1  __aeabi_memclr4               
000021c1  __aeabi_memclr8               
00001f83  __aeabi_memcpy                
00001f83  __aeabi_memcpy4               
00001f83  __aeabi_memcpy8               
000021c3  __aeabi_memset                
000021c3  __aeabi_memset4               
000021c3  __aeabi_memset8               
0000201f  __aeabi_uldivmod              
ffffffff  __binit__                     
ffffffff  __c_args__                    
UNDEFED   __mpu_init                    
20000270  __stack                       
000025c9  _c_int00_noargs               
000027b8  _ctypes_                      
UNDEFED   _system_post_cinit            
000027b1  _system_pre_init              
000027b5  abort                         
00002471  atoi                          
ffffffff  binit                         
000026f5  copysign                      
000026f5  copysignl                     
2000026c  errno                         
00002311  frexp                         
00002311  frexpl                        
20000000  g_pfnRAMVectors               
00000000  g_pfnVectors                  
00002765  lcd_clear                     
00000e65  lcd_gotoLine                  
00000ccd  lcd_init                      
00000ecb  lcd_printf                    
00000d8d  lcd_putc                      
00000dc5  lcd_puts                      
00000fa9  lcd_rotatingBanner            
00000de3  lcd_sendCommand               
00000e21  lcd_sendNibble                
00000e8d  lcd_setCursorPos              
00001cc5  ldexp                         
00001cc5  ldexpl                        
000023cb  ltoa                          
0000278f  main                          
00002693  memccpy                       
00001f83  memcpy                        
000021c9  memset                        
00001cc5  scalbn                        
00001cc5  scalbnl                       
000026df  strchr                        
000026c7  strcmp                        
00002709  strcpy                        
0000271d  strlen                        
000018e9  timer_getClock                
0000189d  timer_startClock              
00001837  timer_startTimer              
000018ef  timer_stopClock               
00001887  timer_stopTimer               
0000180d  timer_waitMicros              
000017d9  timer_waitMillis              
00001665  uart_init                     
00001767  uart_receive                  
0000174b  uart_sendChar                 
00002549  vsnprintf                     
00002743  wcslen                        


GLOBAL SYMBOLS: SORTED BY Symbol Address 

address   name                          
-------   ----                          
00000000  __TI_static_base__            
00000000  g_pfnVectors                  
0000026d  __TI_printfi                  
00000ccb  __aeabi_idiv0                 
00000ccb  __aeabi_ldiv0                 
00000ccd  lcd_init                      
00000d8d  lcd_putc                      
00000dc5  lcd_puts                      
00000de3  lcd_sendCommand               
00000e21  lcd_sendNibble                
00000e65  lcd_gotoLine                  
00000e8d  lcd_setCursorPos              
00000ecb  lcd_printf                    
00000fa9  lcd_rotatingBanner            
00001000  __STACK_SIZE                  
000014ad  __aeabi_dsub                  
000014b7  __aeabi_dadd                  
00001665  uart_init                     
00001723  UART1_handler                 
0000174b  uart_sendChar                 
00001767  uart_receive                  
000017d9  timer_waitMillis              
0000180d  timer_waitMicros              
00001837  timer_startTimer              
00001887  timer_stopTimer               
0000189d  timer_startClock              
000018e9  timer_getClock                
000018ef  timer_stopClock               
00001a6d  __aeabi_ddiv                  
00001cc5  ldexp                         
00001cc5  ldexpl                        
00001cc5  scalbn                        
00001cc5  scalbnl                       
00001dd5  __aeabi_dmul                  
00001f83  __aeabi_memcpy                
00001f83  __aeabi_memcpy4               
00001f83  __aeabi_memcpy8               
00001f83  memcpy                        
0000201f  __aeabi_uldivmod              
000020b5  __aeabi_cdcmpeq               
000020b5  __aeabi_cdcmple               
0000213b  __aeabi_cdrcmple              
000021c1  __aeabi_memclr                
000021c1  __aeabi_memclr4               
000021c1  __aeabi_memclr8               
000021c3  __aeabi_memset                
000021c3  __aeabi_memset4               
000021c3  __aeabi_memset8               
000021c9  memset                        
000022a9  __TI_decompress_lzss          
00002311  frexp                         
00002311  frexpl                        
000023cb  ltoa                          
00002471  atoi                          
000024bd  __aeabi_d2iz                  
00002505  __TI_auto_init_nobinit_nopinit
00002549  vsnprintf                     
000025c9  _c_int00_noargs               
00002601  IntRegister                   
00002665  __aeabi_i2d                   
00002693  memccpy                       
000026c7  strcmp                        
000026df  strchr                        
000026f5  copysign                      
000026f5  copysignl                     
00002709  strcpy                        
0000271d  strlen                        
00002731  __TI_zero_init_nomemset       
00002743  wcslen                        
00002755  IntMasterEnable               
00002765  lcd_clear                     
00002775  __TI_decompress_none          
00002783  CPUcpsie                      
0000278f  main                          
0000279b  ResetISR                      
000027a9  __aeabi_errno_addr            
000027b1  _system_pre_init              
000027b5  C$$EXIT                       
000027b5  abort                         
000027b8  _ctypes_                      
000028c8  __TI_Handler_Table_Base       
000028d4  __TI_Handler_Table_Limit      
000028f0  __TI_CINIT_Base               
00002908  __TI_CINIT_Limit              
20000000  g_pfnRAMVectors               
2000026c  errno                         
20000270  __stack                       
20000470  __STACK_TOP                   
20001270  __STACK_END                   
ffffffff  __TI_pprof_out_hndl           
ffffffff  __TI_prof_data_size           
ffffffff  __TI_prof_data_start          
ffffffff  __binit__                     
ffffffff  __c_args__                    
ffffffff  binit                         
UNDEFED   __mpu_init                    
UNDEFED   _system_post_cinit            

[97 symbols]
