******************************************************************************
                  TI ARM Linker PC v18.1.2                     
******************************************************************************
>> Linked Thu Feb 21 16:02:14 2019

OUTPUT FILE NAME:   <Lab4.out>
ENTRY POINT SYMBOL: "_c_int00_noargs"  address: 0000264d


MEMORY CONFIGURATION

         name            origin    length      used     unused   attr    fill
----------------------  --------  ---------  --------  --------  ----  --------
  FLASH                 00000000   00040000  00002979  0003d687  R  X
  SRAM                  20000000   00008000  000012c4  00006d3c  RW X


SEGMENT ALLOCATION MAP

run origin  load origin   length   init length attrs members
----------  ----------- ---------- ----------- ----- -------
00000000    00000000    00002980   00002980    r-x
  00000000    00000000    0000026c   0000026c    r-- .intvecs
  0000026c    0000026c    000025c4   000025c4    r-x .text
  00002830    00002830    00000109   00000109    r-- .const
  00002940    00002940    00000040   00000040    r-- .cinit
20000000    20000000    000012c4   00000000    rw-
  20000000    20000000    0000026c   00000000    rw- .vtable
  2000026c    2000026c    00000004   00000000    rw- .data
  20000270    20000270    00001000   00000000    rw- .stack
  20001270    20001270    00000054   00000000    rw- .bss


SECTION ALLOCATION MAP

 output                                  attributes/
section   page    origin      length       input sections
--------  ----  ----------  ----------   ----------------
.intvecs   0    00000000    0000026c     
                  00000000    0000026c     tm4c123gh6pm_startup_ccs.obj (.intvecs)

.text      0    0000026c    000025c4     
                  0000026c    00000a5e     rtsv7M4_T_le_v4SPD16_eabi.lib : _printfi.c.obj (.text:__TI_printfi)
                  00000cca    00000002                                   : div0.asm.obj (.text)
                  00000ccc    000003a0     lcd.obj (.text)
                  0000106c    00000270     rtsv7M4_T_le_v4SPD16_eabi.lib : _printfi.c.obj (.text:_pconv_a)
                  000012dc    000001d0                                   : _printfi.c.obj (.text:_pconv_g)
                  000014ac    000001b6                                   : fd_add_t2.asm.obj (.text)
                  00001662    00000002     --HOLE-- [fill = 0]
                  00001664    00000158     timer.obj (.text)
                  000017bc    0000014c     uart.obj (.text)
                  00001908    0000013c     rtsv7M4_T_le_v4SPD16_eabi.lib : _printfi.c.obj (.text:_pconv_e)
                  00001a44    00000136                                   : fd_div_t2.asm.obj (.text)
                  00001b7a    00000002     --HOLE-- [fill = 0]
                  00001b7c    00000120                                   : _printfi.c.obj (.text:fcvt)
                  00001c9c    00000110                                   : s_scalbn.c.obj (.text:scalbn)
                  00001dac    000000fc                                   : fd_mul_t2.asm.obj (.text)
                  00001ea8    000000b1                                   : _printfi.c.obj (.text:_ltostr)
                  00001f59    00000003     --HOLE-- [fill = 0]
                  00001f5c    000000a8     main.obj (.text)
                  00002004    0000009c     rtsv7M4_T_le_v4SPD16_eabi.lib : memcpy_t2.asm.obj (.text)
                  000020a0    00000096                                   : ull_div_t2.asm.obj (.text)
                  00002136    00000086                                   : fd_cmp_t2.asm.obj (.text:__aeabi_cdcmple)
                  000021bc    00000086                                   : fd_cmp_t2.asm.obj (.text:__aeabi_cdrcmple)
                  00002242    0000007a                                   : memset_t2.asm.obj (.text)
                  000022bc    0000006e                                   : _printfi.c.obj (.text:_mcpy)
                  0000232a    00000068                                   : copy_decompress_lzss.c.obj (.text:decompress:lzss:__TI_decompress_lzss)
                  00002392    00000002     --HOLE-- [fill = 0]
                  00002394    00000064                                   : s_frexp.c.obj (.text:frexp)
                  000023f8    00000056                                   : _printfi.c.obj (.text:_pconv_f)
                  0000244e    00000054                                   : ltoa.c.obj (.text:ltoa)
                  000024a2    00000052                                   : _printfi.c.obj (.text:_ecpy)
                  000024f4    0000004c                                   : atoi.c.obj (.text:atoi)
                  00002540    00000048                                   : fd_toi_t2.asm.obj (.text)
                  00002588    00000044                                   : autoinit.c.obj (.text:__TI_auto_init_nobinit_nopinit:__TI_auto_init_nobinit_nopinit)
                  000025cc    00000040                                   : vsnprintf.c.obj (.text:vsnprintf)
                  0000260c    0000003e                                   : _printfi.c.obj (.text:_fcpy)
                  0000264a    00000002     --HOLE-- [fill = 0]
                  0000264c    00000038                                   : boot_cortex_m.c.obj (.text:_c_int00_noargs:_c_int00_noargs)
                  00002684    00000034     driverlib.lib : interrupt.obj (.text:IntRegister)
                  000026b8    00000030     rtsv7M4_T_le_v4SPD16_eabi.lib : vsnprintf.c.obj (.text:_outs)
                  000026e8    0000002e                                   : i_tofd_t2.asm.obj (.text)
                  00002716    0000001c                                   : memccpy.c.obj (.text:memccpy)
                  00002732    00000018                                   : vsnprintf.c.obj (.text:_outc)
                  0000274a    00000018                                   : strcmp.c.obj (.text:strcmp)
                  00002762    00000016                                   : strchr.c.obj (.text:strchr)
                  00002778    00000014                                   : s_copysign.c.obj (.text:copysign)
                  0000278c    00000014                                   : strcpy.c.obj (.text:strcpy)
                  000027a0    00000014                                   : strlen.c.obj (.text:strlen)
                  000027b4    00000012                                   : copy_zero_init.c.obj (.text:decompress:ZI:__TI_zero_init_nomemset:__TI_zero_init_nomemset)
                  000027c6    00000012                                   : wcslen.c.obj (.text:wcslen)
                  000027d8    00000010     driverlib.lib : interrupt.obj (.text:IntMasterEnable)
                  000027e8    00000010     lcd.obj (.text:lcd_clear)
                  000027f8    0000000e     rtsv7M4_T_le_v4SPD16_eabi.lib : copy_decompress_none.c.obj (.text:decompress:none:__TI_decompress_none)
                  00002806    0000000c     driverlib.lib : cpu.obj (.text:CPUcpsie)
                  00002812    0000000c     tm4c123gh6pm_startup_ccs.obj (.text)
                  0000281e    00000002     --HOLE-- [fill = 0]
                  00002820    00000008     rtsv7M4_T_le_v4SPD16_eabi.lib : errno.c.obj (.text:__aeabi_errno_addr)
                  00002828    00000004                                   : pre_init.c.obj (.text:_system_pre_init)
                  0000282c    00000004                                   : exit.c.obj (.text:abort:abort)

.const     0    00002830    00000109     
                  00002830    00000101     rtsv7M4_T_le_v4SPD16_eabi.lib : ctype.c.obj (.const:.string:_ctypes_)
                  00002931    00000004     lcd.obj (.const:.string:lineAddress$1)
                  00002935    00000004     lcd.obj (.const:.string:lineAddresses$2)

.cinit     0    00002940    00000040     
                  00002940    0000000c     (__TI_handler_table)
                  0000294c    00000004     --HOLE-- [fill = 0]
                  00002950    00000008     (.cinit..bss.load) [load image, compression = zero_init]
                  00002958    00000008     (.cinit..vtable.load) [load image, compression = zero_init]
                  00002960    00000007     (.cinit..data.load) [load image, compression = lzss]
                  00002967    00000001     --HOLE-- [fill = 0]
                  00002968    00000018     (__TI_cinit_table)

.init_array 
*          0    00000000    00000000     UNINITIALIZED

.vtable    0    20000000    0000026c     UNINITIALIZED
                  20000000    0000026c     driverlib.lib : interrupt.obj (.vtable)

.data      0    2000026c    00000004     UNINITIALIZED
                  2000026c    00000004     rtsv7M4_T_le_v4SPD16_eabi.lib : errno.c.obj (.data)

.bss       0    20001270    00000054     UNINITIALIZED
                  20001270    00000054     lcd.obj (.bss:lastbuffer$3)

.stack     0    20000270    00001000     UNINITIALIZED
                  20000270    00000004     rtsv7M4_T_le_v4SPD16_eabi.lib : boot_cortex_m.c.obj (.stack)
                  20000274    00000ffc     --HOLE--

MODULE SUMMARY

       Module                         code   ro data   rw data
       ------                         ----   -------   -------
    .\
       lcd.obj                        944    8         84     
       tm4c123gh6pm_startup_ccs.obj   12     620       0      
       timer.obj                      344    0         0      
       uart.obj                       332    0         0      
       main.obj                       168    0         0      
    +--+------------------------------+------+---------+---------+
       Total:                         1800   628       84     
                                                              
    C:/ti/TivaWare_C_Series-2.1.4.178/driverlib/ccs/Debug/driverlib.lib
       interrupt.obj                  68     0         620    
       cpu.obj                        12     0         0      
    +--+------------------------------+------+---------+---------+
       Total:                         80     0         620    
                                                              
    C:\ti\ccsv8\tools\compiler\ti-cgt-arm_18.1.2.LTS\lib\rtsv7M4_T_le_v4SPD16_eabi.lib
       _printfi.c.obj                 4863   0         0      
       fd_add_t2.asm.obj              438    0         0      
       fd_div_t2.asm.obj              310    0         0      
       s_scalbn.c.obj                 272    0         0      
       fd_cmp_t2.asm.obj              268    0         0      
       ctype.c.obj                    0      257       0      
       fd_mul_t2.asm.obj              252    0         0      
       memcpy_t2.asm.obj              156    0         0      
       ull_div_t2.asm.obj             150    0         0      
       vsnprintf.c.obj                136    0         0      
       memset_t2.asm.obj              122    0         0      
       copy_decompress_lzss.c.obj     104    0         0      
       s_frexp.c.obj                  100    0         0      
       ltoa.c.obj                     84     0         0      
       atoi.c.obj                     76     0         0      
       fd_toi_t2.asm.obj              72     0         0      
       autoinit.c.obj                 68     0         0      
       boot_cortex_m.c.obj            56     0         0      
       i_tofd_t2.asm.obj              46     0         0      
       memccpy.c.obj                  28     0         0      
       strcmp.c.obj                   24     0         0      
       strchr.c.obj                   22     0         0      
       s_copysign.c.obj               20     0         0      
       strcpy.c.obj                   20     0         0      
       strlen.c.obj                   20     0         0      
       copy_zero_init.c.obj           18     0         0      
       wcslen.c.obj                   18     0         0      
       copy_decompress_none.c.obj     14     0         0      
       errno.c.obj                    8      0         4      
       exit.c.obj                     4      0         0      
       pre_init.c.obj                 4      0         0      
       div0.asm.obj                   2      0         0      
    +--+------------------------------+------+---------+---------+
       Total:                         7775   257       4      
                                                              
       Stack:                         0      0         4096   
       Linker Generated:              0      59        0      
    +--+------------------------------+------+---------+---------+
       Grand Total:                   9655   944       4804   


LINKER GENERATED COPY TABLES

__TI_cinit_table @ 00002968 records: 3, size/record: 8, table size: 24
	.bss: load addr=00002950, load size=00000008 bytes, run addr=20001270, run size=00000054 bytes, compression=zero_init
	.vtable: load addr=00002958, load size=00000008 bytes, run addr=20000000, run size=0000026c bytes, compression=zero_init
	.data: load addr=00002960, load size=00000007 bytes, run addr=2000026c, run size=00000004 bytes, compression=lzss


LINKER GENERATED HANDLER TABLE

__TI_handler_table @ 00002940 records: 3, size/record: 4, table size: 12
	index: 0, handler: __TI_zero_init
	index: 1, handler: __TI_decompress_lzss
	index: 2, handler: __TI_decompress_none


GLOBAL SYMBOLS: SORTED ALPHABETICALLY BY Name 

address   name                          
-------   ----                          
0000282d  C$$EXIT                       
00002807  CPUcpsie                      
000027d9  IntMasterEnable               
00002685  IntRegister                   
00002813  ResetISR                      
0000187b  UART1_handler                 
20001270  __STACK_END                   
00001000  __STACK_SIZE                  
20000470  __STACK_TOP                   
00002968  __TI_CINIT_Base               
00002980  __TI_CINIT_Limit              
00002940  __TI_Handler_Table_Base       
0000294c  __TI_Handler_Table_Limit      
00002589  __TI_auto_init_nobinit_nopinit
0000232b  __TI_decompress_lzss          
000027f9  __TI_decompress_none          
ffffffff  __TI_pprof_out_hndl           
0000026d  __TI_printfi                  
ffffffff  __TI_prof_data_size           
ffffffff  __TI_prof_data_start          
00000000  __TI_static_base__            
000027b5  __TI_zero_init_nomemset       
00002137  __aeabi_cdcmpeq               
00002137  __aeabi_cdcmple               
000021bd  __aeabi_cdrcmple              
00002541  __aeabi_d2iz                  
000014b7  __aeabi_dadd                  
00001a45  __aeabi_ddiv                  
00001dad  __aeabi_dmul                  
000014ad  __aeabi_dsub                  
00002821  __aeabi_errno_addr            
000026e9  __aeabi_i2d                   
00000ccb  __aeabi_idiv0                 
00000ccb  __aeabi_ldiv0                 
00002243  __aeabi_memclr                
00002243  __aeabi_memclr4               
00002243  __aeabi_memclr8               
00002005  __aeabi_memcpy                
00002005  __aeabi_memcpy4               
00002005  __aeabi_memcpy8               
00002245  __aeabi_memset                
00002245  __aeabi_memset4               
00002245  __aeabi_memset8               
000020a1  __aeabi_uldivmod              
ffffffff  __binit__                     
ffffffff  __c_args__                    
UNDEFED   __mpu_init                    
20000270  __stack                       
0000264d  _c_int00_noargs               
00002830  _ctypes_                      
UNDEFED   _system_post_cinit            
00002829  _system_pre_init              
0000282d  abort                         
000024f5  atoi                          
ffffffff  binit                         
00002779  copysign                      
00002779  copysignl                     
2000026c  errno                         
00002395  frexp                         
00002395  frexpl                        
20000000  g_pfnRAMVectors               
00000000  g_pfnVectors                  
000027e9  lcd_clear                     
00000e65  lcd_gotoLine                  
00000ccd  lcd_init                      
00000ecb  lcd_printf                    
00000d8d  lcd_putc                      
00000dc5  lcd_puts                      
00000fa9  lcd_rotatingBanner            
00000de3  lcd_sendCommand               
00000e21  lcd_sendNibble                
00000e8d  lcd_setCursorPos              
00001c9d  ldexp                         
00001c9d  ldexpl                        
0000244f  ltoa                          
00001f5d  main                          
00002717  memccpy                       
00002005  memcpy                        
0000224b  memset                        
00001c9d  scalbn                        
00001c9d  scalbnl                       
00002763  strchr                        
0000274b  strcmp                        
0000278d  strcpy                        
000027a1  strlen                        
00001775  timer_getClock                
00001729  timer_startClock              
000016c3  timer_startTimer              
0000177b  timer_stopClock               
00001713  timer_stopTimer               
00001699  timer_waitMicros              
00001665  timer_waitMillis              
000017bd  uart_init                     
00001899  uart_receive                  
0000187d  uart_sendChar                 
000025cd  vsnprintf                     
000027c7  wcslen                        


GLOBAL SYMBOLS: SORTED BY Symbol Address 

address   name                          
-------   ----                          
00000000  __TI_static_base__            
00000000  g_pfnVectors                  
0000026d  __TI_printfi                  
00000ccb  __aeabi_idiv0                 
00000ccb  __aeabi_ldiv0                 
00000ccd  lcd_init                      
00000d8d  lcd_putc                      
00000dc5  lcd_puts                      
00000de3  lcd_sendCommand               
00000e21  lcd_sendNibble                
00000e65  lcd_gotoLine                  
00000e8d  lcd_setCursorPos              
00000ecb  lcd_printf                    
00000fa9  lcd_rotatingBanner            
00001000  __STACK_SIZE                  
000014ad  __aeabi_dsub                  
000014b7  __aeabi_dadd                  
00001665  timer_waitMillis              
00001699  timer_waitMicros              
000016c3  timer_startTimer              
00001713  timer_stopTimer               
00001729  timer_startClock              
00001775  timer_getClock                
0000177b  timer_stopClock               
000017bd  uart_init                     
0000187b  UART1_handler                 
0000187d  uart_sendChar                 
00001899  uart_receive                  
00001a45  __aeabi_ddiv                  
00001c9d  ldexp                         
00001c9d  ldexpl                        
00001c9d  scalbn                        
00001c9d  scalbnl                       
00001dad  __aeabi_dmul                  
00001f5d  main                          
00002005  __aeabi_memcpy                
00002005  __aeabi_memcpy4               
00002005  __aeabi_memcpy8               
00002005  memcpy                        
000020a1  __aeabi_uldivmod              
00002137  __aeabi_cdcmpeq               
00002137  __aeabi_cdcmple               
000021bd  __aeabi_cdrcmple              
00002243  __aeabi_memclr                
00002243  __aeabi_memclr4               
00002243  __aeabi_memclr8               
00002245  __aeabi_memset                
00002245  __aeabi_memset4               
00002245  __aeabi_memset8               
0000224b  memset                        
0000232b  __TI_decompress_lzss          
00002395  frexp                         
00002395  frexpl                        
0000244f  ltoa                          
000024f5  atoi                          
00002541  __aeabi_d2iz                  
00002589  __TI_auto_init_nobinit_nopinit
000025cd  vsnprintf                     
0000264d  _c_int00_noargs               
00002685  IntRegister                   
000026e9  __aeabi_i2d                   
00002717  memccpy                       
0000274b  strcmp                        
00002763  strchr                        
00002779  copysign                      
00002779  copysignl                     
0000278d  strcpy                        
000027a1  strlen                        
000027b5  __TI_zero_init_nomemset       
000027c7  wcslen                        
000027d9  IntMasterEnable               
000027e9  lcd_clear                     
000027f9  __TI_decompress_none          
00002807  CPUcpsie                      
00002813  ResetISR                      
00002821  __aeabi_errno_addr            
00002829  _system_pre_init              
0000282d  C$$EXIT                       
0000282d  abort                         
00002830  _ctypes_                      
00002940  __TI_Handler_Table_Base       
0000294c  __TI_Handler_Table_Limit      
00002968  __TI_CINIT_Base               
00002980  __TI_CINIT_Limit              
20000000  g_pfnRAMVectors               
2000026c  errno                         
20000270  __stack                       
20000470  __STACK_TOP                   
20001270  __STACK_END                   
ffffffff  __TI_pprof_out_hndl           
ffffffff  __TI_prof_data_size           
ffffffff  __TI_prof_data_start          
ffffffff  __binit__                     
ffffffff  __c_args__                    
ffffffff  binit                         
UNDEFED   __mpu_init                    
UNDEFED   _system_post_cinit            

[97 symbols]
