******************************************************************************
                  TI ARM Linker PC v18.1.2                     
******************************************************************************
>> Linked Thu Feb 28 16:23:52 2019

OUTPUT FILE NAME:   <Lab5.out>
ENTRY POINT SYMBOL: "_c_int00_noargs"  address: 00004bc9


MEMORY CONFIGURATION

         name            origin    length      used     unused   attr    fill
----------------------  --------  ---------  --------  --------  ----  --------
  FLASH                 00000000   00040000  000052ee  0003ad12  R  X
  SRAM                  20000000   00008000  0000267c  00005984  RW X


SEGMENT ALLOCATION MAP

run origin  load origin   length   init length attrs members
----------  ----------- ---------- ----------- ----- -------
00000000    00000000    000052f8   000052f8    r-x
  00000000    00000000    0000026c   0000026c    r-- .intvecs
  0000026c    0000026c    00004df6   00004df6    r-x .text
  00005068    00005068    000001e4   000001e4    r-- .const
  00005250    00005250    000000a8   000000a8    r-- .cinit
20000000    20000000    00002680   00000000    rw-
  20000000    20000000    0000026c   00000000    rw- .vtable
  20000270    20000270    00001000   00000000    rw- .stack
  20001270    20001270    00001000   00000000    rw- .sysmem
  20002270    20002270    0000021c   00000000    rw- .bss
  2000248c    2000248c    000001f4   00000000    rw- .data


SECTION ALLOCATION MAP

 output                                  attributes/
section   page    origin      length       input sections
--------  ----  ----------  ----------   ----------------
.intvecs   0    00000000    0000026c     
                  00000000    0000026c     tm4c123gh6pm_startup_ccs.obj (.intvecs)

.text      0    0000026c    00004df6     
                  0000026c    00000af0     rtsv7M4_T_le_v4SPD16_eabi.lib : _scanfi.c.obj (.text:__TI_scanfi)
                  00000d5c    00000a5e                                   : _printfi.c.obj (.text:__TI_printfi)
                  000017ba    00000002                                   : _lock.c.obj (.text:_nop)
                  000017bc    00000460                                   : strtod.c.obj (.text:strtod)
                  00001c1c    000003a0     lcd.obj (.text)
                  00001fbc    00000270     rtsv7M4_T_le_v4SPD16_eabi.lib : _printfi.c.obj (.text:_pconv_a)
                  0000222c    000001dc                                   : strtoll.c.obj (.text:strtoll)
                  00002408    000001d0                                   : _printfi.c.obj (.text:_pconv_g)
                  000025d8    000001b6                                   : fd_add_t2.asm.obj (.text)
                  0000278e    00000002                                   : div0.asm.obj (.text)
                  00002790    00000174     uart.obj (.text)
                  00002904    0000015c     rtsv7M4_T_le_v4SPD16_eabi.lib : strtoull.c.obj (.text:strtoull)
                  00002a60    00000158     timer.obj (.text)
                  00002bb8    0000013c     rtsv7M4_T_le_v4SPD16_eabi.lib : _printfi.c.obj (.text:_pconv_e)
                  00002cf4    00000136                                   : fd_div_t2.asm.obj (.text)
                  00002e2a    00000002     --HOLE-- [fill = 0]
                  00002e2c    00000130                                   : strtol.c.obj (.text:strtol)
                  00002f5c    00000120                                   : _printfi.c.obj (.text:fcvt)
                  0000307c    00000120     main.obj (.text)
                  0000319c    00000114     rtsv7M4_T_le_v4SPD16_eabi.lib : fputs.c.obj (.text:fputs)
                  000032b0    00000110                                   : s_scalbn.c.obj (.text:scalbn)
                  000033c0    00000110                                   : strtoul.c.obj (.text:strtoul)
                  000034d0    000000fc                                   : fd_mul_t2.asm.obj (.text)
                  000035cc    000000dc                                   : setvbuf.c.obj (.text:setvbuf)
                  000036a8    000000d8                                   : memory.c.obj (.text:free)
                  00003780    000000d0                                   : fopen.c.obj (.text:_openfile)
                  00003850    000000c8                                   : perror.c.obj (.text:perror)
                  00003918    000000bc                                   : open.c.obj (.text:open)
                  000039d4    000000b1                                   : _printfi.c.obj (.text:_ltostr)
                  00003a85    00000003     --HOLE-- [fill = 0]
                  00003a88    0000009c                                   : _bufread.c.obj (.text:__TI_buff_read)
                  00003b24    0000009c                                   : fopen.c.obj (.text:fopen)
                  00003bc0    0000009c                                   : memcpy_t2.asm.obj (.text)
                  00003c5c    00000096                                   : ull_div_t2.asm.obj (.text)
                  00003cf2    00000002     --HOLE-- [fill = 0]
                  00003cf4    0000008c                                   : fputc.c.obj (.text:fputc)
                  00003d80    00000088                                   : fscanf.c.obj (.text:_chkmbc)
                  00003e08    00000086                                   : fd_cmp_t2.asm.obj (.text:__aeabi_cdcmple)
                  00003e8e    00000086                                   : fd_cmp_t2.asm.obj (.text:__aeabi_cdrcmple)
                  00003f14    00000084                                   : fgetc.c.obj (.text:fgetc)
                  00003f98    00000080     lab5_scan_data.lib : lab5_scan_data.obj (.text)
                  00004018    00000080     rtsv7M4_T_le_v4SPD16_eabi.lib : ungetc.c.obj (.text:ungetc)
                  00004098    0000007a                                   : memset_t2.asm.obj (.text)
                  00004112    00000002     --HOLE-- [fill = 0]
                  00004114    00000078                                   : memory.c.obj (.text:malloc)
                  0000418c    00000074                                   : fclose.c.obj (.text:__TI_closefile)
                  00004200    0000006e                                   : _printfi.c.obj (.text:_mcpy)
                  0000426e    0000006e                                   : fd_tos_t2.asm.obj (.text)
                  000042dc    00000068                                   : hostlseek.c.obj (.text:HOSTlseek)
                  00004344    00000068                                   : hostrename.c.obj (.text:HOSTrename)
                  000043ac    00000068                                   : copy_decompress_lzss.c.obj (.text:decompress:lzss:__TI_decompress_lzss)
                  00004414    00000068                                   : fscanf.c.obj (.text:fscanf)
                  0000447c    00000064                                   : s_frexp.c.obj (.text:frexp)
                  000044e0    00000064                                   : fseek.c.obj (.text:fseek)
                  00004544    00000062                                   : _io_perm.c.obj (.text:__TI_wrt_ok)
                  000045a6    00000002     --HOLE-- [fill = 0]
                  000045a8    00000060                                   : hostopen.c.obj (.text:HOSTopen)
                  00004608    0000005c                                   : close.c.obj (.text:close)
                  00004664    00000058                                   : hostread.c.obj (.text:HOSTread)
                  000046bc    00000058                                   : hostwrite.c.obj (.text:HOSTwrite)
                  00004714    00000056                                   : _printfi.c.obj (.text:_pconv_f)
                  0000476a    00000054                                   : ltoa.c.obj (.text:ltoa)
                  000047be    00000052                                   : _printfi.c.obj (.text:_ecpy)
                  00004810    0000004c                                   : fflush.c.obj (.text:__TI_doflush)
                  0000485c    0000004c                                   : atoi.c.obj (.text:atoi)
                  000048a8    0000004a                                   : _io_perm.c.obj (.text:__TI_rd_ok)
                  000048f2    00000002     --HOLE-- [fill = 0]
                  000048f4    00000048                                   : exit.c.obj (.text:exit)
                  0000493c    00000048                                   : fd_toi_t2.asm.obj (.text)
                  00004984    00000044                                   : hostclose.c.obj (.text:HOSTclose)
                  000049c8    00000044                                   : hostunlink.c.obj (.text:HOSTunlink)
                  00004a0c    00000044                                   : autoinit.c.obj (.text:__TI_auto_init_nobinit_nopinit:__TI_auto_init_nobinit_nopinit)
                  00004a50    00000044                                   : getdevice.c.obj (.text:getdevice)
                  00004a94    00000040                                   : sprintf.c.obj (.text:sprintf)
                  00004ad4    00000040                                   : vsnprintf.c.obj (.text:vsnprintf)
                  00004b14    0000003e                                   : _printfi.c.obj (.text:_fcpy)
                  00004b52    00000002     --HOLE-- [fill = 0]
                  00004b54    0000003c                                   : memory.c.obj (.text:minsert)
                  00004b90    00000038                                   : trgmsg.c.obj (.text:__TI_writemsg)
                  00004bc8    00000038                                   : boot_cortex_m.c.obj (.text:_c_int00_noargs:_c_int00_noargs)
                  00004c00    00000038                                   : memory.c.obj (.text:minit)
                  00004c38    00000038                                   : fs_tod_t2.asm.obj (.text)
                  00004c70    00000036                                   : strncpy.c.obj (.text:strncpy)
                  00004ca6    00000002     --HOLE-- [fill = 0]
                  00004ca8    00000034     driverlib.lib : interrupt.obj (.text:IntRegister)
                  00004cdc    00000034     rtsv7M4_T_le_v4SPD16_eabi.lib : fopen.c.obj (.text:__TI_cleanup)
                  00004d10    00000034                                   : trgmsg.c.obj (.text:__TI_readmsg)
                  00004d44    00000030                                   : vsnprintf.c.obj (.text:_outs)
                  00004d74    00000030                                   : getdevice.c.obj (.text:finddevice)
                  00004da4    0000002e                                   : i_tofd_t2.asm.obj (.text)
                  00004dd2    00000002     --HOLE-- [fill = 0]
                  00004dd4    0000002c                                   : fclose.c.obj (.text:fclose)
                  00004e00    0000002c                                   : unlink.c.obj (.text:unlink)
                  00004e2c    00000028                                   : lseek.c.obj (.text:lseek)
                  00004e54    00000028                                   : memory.c.obj (.text:mremove)
                  00004e7c    00000028                                   : read.c.obj (.text:read)
                  00004ea4    00000028                                   : write.c.obj (.text:write)
                  00004ecc    00000020                                   : memchr.c.obj (.text:memchr)
                  00004eec    0000001c                                   : memccpy.c.obj (.text:memccpy)
                  00004f08    00000018                                   : vsnprintf.c.obj (.text:_outc)
                  00004f20    00000018                                   : sprintf.c.obj (.text:_outs)
                  00004f38    00000018                                   : ll_mul_t2.asm.obj (.text)
                  00004f50    00000018                                   : strcmp.c.obj (.text:strcmp)
                  00004f68    00000018                                   : strrchr.c.obj (.text:strrchr)
                  00004f80    00000016                                   : strchr.c.obj (.text:strchr)
                  00004f96    00000014                                   : s_copysign.c.obj (.text:copysign)
                  00004faa    00000014                                   : strcpy.c.obj (.text:strcpy)
                  00004fbe    00000014                                   : strlen.c.obj (.text:strlen)
                  00004fd2    00000012                                   : wcslen.c.obj (.text:wcslen)
                  00004fe4    00000010     driverlib.lib : interrupt.obj (.text:IntMasterEnable)
                  00004ff4    00000010     lcd.obj (.text:lcd_clear)
                  00005004    0000000e     rtsv7M4_T_le_v4SPD16_eabi.lib : copy_decompress_none.c.obj (.text:decompress:none:__TI_decompress_none)
                  00005012    0000000c     driverlib.lib : cpu.obj (.text:CPUcpsie)
                  0000501e    0000000c     rtsv7M4_T_le_v4SPD16_eabi.lib : copy_zero_init.c.obj (.text:decompress:ZI:__TI_zero_init)
                  0000502a    0000000c     tm4c123gh6pm_startup_ccs.obj (.text)
                  00005036    0000000a     rtsv7M4_T_le_v4SPD16_eabi.lib : sprintf.c.obj (.text:_outc)
                  00005040    0000000a                                   : fscanf.c.obj (.text:_uninpchar)
                  0000504a    00000002     --HOLE-- [fill = 0]
                  0000504c    00000008                                   : errno.c.obj (.text:__aeabi_errno_addr)
                  00005054    00000006                                   : fscanf.c.obj (.text:_inpchar)
                  0000505a    00000004                                   : pre_init.c.obj (.text:_system_pre_init)
                  0000505e    00000004                                   : exit.c.obj (.text:abort:abort)

.const     0    00005068    000001e4     
                  00005068    00000101     rtsv7M4_T_le_v4SPD16_eabi.lib : ctype.c.obj (.const:.string:_ctypes_)
                  00005169    00000004     lcd.obj (.const:.string:lineAddress$1)
                  0000516d    00000003     --HOLE-- [fill = 0]
                  00005170    000000c8     rtsv7M4_T_le_v4SPD16_eabi.lib : strtod.c.obj (.const:$O1$$)
                  00005238    00000010                                   : _scanfi.c.obj (.const:$O1$$)
                  00005248    00000004     lcd.obj (.const:.string:lineAddresses$2)

.cinit     0    00005250    000000a8     
                  00005250    00000071     (.cinit..data.load) [load image, compression = lzss]
                  000052c1    00000003     --HOLE-- [fill = 0]
                  000052c4    0000000c     (__TI_handler_table)
                  000052d0    00000008     (.cinit..bss.load) [load image, compression = zero_init]
                  000052d8    00000008     (.cinit..vtable.load) [load image, compression = zero_init]
                  000052e0    00000018     (__TI_cinit_table)

.init_array 
*          0    00000000    00000000     UNINITIALIZED

.vtable    0    20000000    0000026c     UNINITIALIZED
                  20000000    0000026c     driverlib.lib : interrupt.obj (.vtable)

.stack     0    20000270    00001000     UNINITIALIZED
                  20000270    00000004     rtsv7M4_T_le_v4SPD16_eabi.lib : boot_cortex_m.c.obj (.stack)
                  20000274    00000ffc     --HOLE--

.sysmem    0    20001270    00001000     UNINITIALIZED
                  20001270    00000008     rtsv7M4_T_le_v4SPD16_eabi.lib : memory.c.obj (.sysmem)
                  20001278    00000ff8     --HOLE--

.bss       0    20002270    0000021c     UNINITIALIZED
                  20002270    00000120     rtsv7M4_T_le_v4SPD16_eabi.lib : trgmsg.c.obj (.bss:_CIOBUF_)
                  20002390    000000a0     (.common:__TI_tmpnams)
                  20002430    00000054     lcd.obj (.bss:lastbuffer$3)
                  20002484    00000008     (.common:parmbuf)

.data      0    2000248c    000001f4     UNINITIALIZED
                  2000248c    000000f0     rtsv7M4_T_le_v4SPD16_eabi.lib : defs.c.obj (.data:_ftable)
                  2000257c    00000078                                   : write.c.obj (.data:_device)
                  200025f4    00000050                                   : write.c.obj (.data:_stream)
                  20002644    00000010                                   : defs.c.obj (.data)
                  20002654    0000000c                                   : exit.c.obj (.data:$O1$$)
                  20002660    0000000c                                   : memory.c.obj (.data:$O1$$)
                  2000266c    00000008                                   : _lock.c.obj (.data:$O1$$)
                  20002674    00000004                                   : errno.c.obj (.data)
                  20002678    00000004                                   : fopen.c.obj (.data)
                  2000267c    00000004                                   : open.c.obj (.data)

MODULE SUMMARY

       Module                         code    ro data   rw data
       ------                         ----    -------   -------
    .\
       lcd.obj                        944     8         84     
       tm4c123gh6pm_startup_ccs.obj   12      620       0      
       uart.obj                       372     0         0      
       timer.obj                      344     0         0      
       main.obj                       288     0         0      
    +--+------------------------------+-------+---------+---------+
       Total:                         1960    628       84     
                                                               
    ../lab5_scan_data.lib
       lab5_scan_data.obj             128     0         0      
    +--+------------------------------+-------+---------+---------+
       Total:                         128     0         0      
                                                               
    C:/ti/TivaWare_C_Series-2.1.4.178/driverlib/ccs/Debug/driverlib.lib
       interrupt.obj                  68      0         620    
       cpu.obj                        12      0         0      
    +--+------------------------------+-------+---------+---------+
       Total:                         80      0         620    
                                                               
    C:\ti\ccsv8\tools\compiler\ti-cgt-arm_18.1.2.LTS\lib\rtsv7M4_T_le_v4SPD16_eabi.lib
       _printfi.c.obj                 4863    0         0      
       _scanfi.c.obj                  2800    16        0      
       strtod.c.obj                   1120    200       0      
       memory.c.obj                   492     0         12     
       strtoll.c.obj                  476     0         0      
       fd_add_t2.asm.obj              438     0         0      
       fopen.c.obj                    416     0         4      
       defs.c.obj                     0       0         416    
       trgmsg.c.obj                   108     0         288    
       strtoull.c.obj                 348     0         0      
       fd_div_t2.asm.obj              310     0         0      
       strtol.c.obj                   304     0         0      
       fputs.c.obj                    276     0         0      
       s_scalbn.c.obj                 272     0         0      
       strtoul.c.obj                  272     0         0      
       fd_cmp_t2.asm.obj              268     0         0      
       ctype.c.obj                    0       257       0      
       fscanf.c.obj                   256     0         0      
       fd_mul_t2.asm.obj              252     0         0      
       write.c.obj                    40      0         200    
       setvbuf.c.obj                  220     0         0      
       perror.c.obj                   200     0         0      
       open.c.obj                     188     0         4      
       _io_perm.c.obj                 172     0         0      
       fclose.c.obj                   160     0         0      
       _bufread.c.obj                 156     0         0      
       memcpy_t2.asm.obj              156     0         0      
       ull_div_t2.asm.obj             150     0         0      
       fputc.c.obj                    140     0         0      
       vsnprintf.c.obj                136     0         0      
       fgetc.c.obj                    132     0         0      
       ungetc.c.obj                   128     0         0      
       memset_t2.asm.obj              122     0         0      
       getdevice.c.obj                116     0         0      
       fd_tos_t2.asm.obj              110     0         0      
       copy_decompress_lzss.c.obj     104     0         0      
       hostlseek.c.obj                104     0         0      
       hostopen.c.obj                 96      0         8      
       hostrename.c.obj               104     0         0      
       fseek.c.obj                    100     0         0      
       s_frexp.c.obj                  100     0         0      
       sprintf.c.obj                  98      0         0      
       close.c.obj                    92      0         0      
       exit.c.obj                     76      0         12     
       hostread.c.obj                 88      0         0      
       hostwrite.c.obj                88      0         0      
       ltoa.c.obj                     84      0         0      
       atoi.c.obj                     76      0         0      
       fflush.c.obj                   76      0         0      
       fd_toi_t2.asm.obj              72      0         0      
       autoinit.c.obj                 68      0         0      
       hostclose.c.obj                68      0         0      
       hostunlink.c.obj               68      0         0      
       boot_cortex_m.c.obj            56      0         0      
       fs_tod_t2.asm.obj              56      0         0      
       strncpy.c.obj                  54      0         0      
       i_tofd_t2.asm.obj              46      0         0      
       unlink.c.obj                   44      0         0      
       lseek.c.obj                    40      0         0      
       read.c.obj                     40      0         0      
       memchr.c.obj                   32      0         0      
       memccpy.c.obj                  28      0         0      
       ll_mul_t2.asm.obj              24      0         0      
       strcmp.c.obj                   24      0         0      
       strrchr.c.obj                  24      0         0      
       strchr.c.obj                   22      0         0      
       s_copysign.c.obj               20      0         0      
       strcpy.c.obj                   20      0         0      
       strlen.c.obj                   20      0         0      
       wcslen.c.obj                   18      0         0      
       copy_decompress_none.c.obj     14      0         0      
       copy_zero_init.c.obj           12      0         0      
       errno.c.obj                    8       0         4      
       _lock.c.obj                    2       0         8      
       pre_init.c.obj                 4       0         0      
       div0.asm.obj                   2       0         0      
    +--+------------------------------+-------+---------+---------+
       Total:                         17769   473       956    
                                                               
       Heap:                          0       0         4096   
       Stack:                         0       0         4096   
       Linker Generated:              0       165       0      
    +--+------------------------------+-------+---------+---------+
       Grand Total:                   19937   1266      9852   


LINKER GENERATED COPY TABLES

__TI_cinit_table @ 000052e0 records: 3, size/record: 8, table size: 24
	.data: load addr=00005250, load size=00000071 bytes, run addr=2000248c, run size=000001f4 bytes, compression=lzss
	.bss: load addr=000052d0, load size=00000008 bytes, run addr=20002270, run size=0000021c bytes, compression=zero_init
	.vtable: load addr=000052d8, load size=00000008 bytes, run addr=20000000, run size=0000026c bytes, compression=zero_init


LINKER GENERATED HANDLER TABLE

__TI_handler_table @ 000052c4 records: 3, size/record: 4, table size: 12
	index: 0, handler: __TI_zero_init
	index: 1, handler: __TI_decompress_lzss
	index: 2, handler: __TI_decompress_none


GLOBAL SYMBOLS: SORTED ALPHABETICALLY BY Name 

address   name                           
-------   ----                           
0000505f  C$$EXIT                        
00004bbf  C$$IO$$                        
00005013  CPUcpsie                       
00004985  HOSTclose                      
000042dd  HOSTlseek                      
000045a9  HOSTopen                       
00004665  HOSTread                       
00004345  HOSTrename                     
000049c9  HOSTunlink                     
000046bd  HOSTwrite                      
00004fe5  IntMasterEnable                
00004ca9  IntRegister                    
0000502b  ResetISR                       
0000284f  UART1_handler                  
20002270  __CIOBUF_                      
20001270  __STACK_END                    
00001000  __STACK_SIZE                   
20000470  __STACK_TOP                    
00001000  __SYSMEM_SIZE                  
000052e0  __TI_CINIT_Base                
000052f8  __TI_CINIT_Limit               
000052c4  __TI_Handler_Table_Base        
000052d0  __TI_Handler_Table_Limit       
00004a0d  __TI_auto_init_nobinit_nopinit 
00003a89  __TI_buff_read                 
00004cdd  __TI_cleanup                   
20002654  __TI_cleanup_ptr               
0000418d  __TI_closefile                 
000043ad  __TI_decompress_lzss           
00005005  __TI_decompress_none           
00004811  __TI_doflush                   
20002658  __TI_dtors_ptr                 
2000265c  __TI_enable_exit_profile_output
20002644  __TI_ft_end                    
ffffffff  __TI_pprof_out_hndl            
00000d5d  __TI_printfi                   
ffffffff  __TI_prof_data_size            
ffffffff  __TI_prof_data_start           
000048a9  __TI_rd_ok                     
00004d11  __TI_readmsg                   
0000026d  __TI_scanfi                    
00000000  __TI_static_base__             
20002390  __TI_tmpnams                   
00004b91  __TI_writemsg                  
00004545  __TI_wrt_ok                    
0000501f  __TI_zero_init                 
00003e09  __aeabi_cdcmpeq                
00003e09  __aeabi_cdcmple                
00003e8f  __aeabi_cdrcmple               
0000426f  __aeabi_d2f                    
0000493d  __aeabi_d2iz                   
000025e3  __aeabi_dadd                   
00002cf5  __aeabi_ddiv                   
000034d1  __aeabi_dmul                   
000025d9  __aeabi_dsub                   
0000504d  __aeabi_errno_addr             
00004c39  __aeabi_f2d                    
00004da5  __aeabi_i2d                    
0000278f  __aeabi_idiv0                  
0000278f  __aeabi_ldiv0                  
00004f39  __aeabi_lmul                   
00004099  __aeabi_memclr                 
00004099  __aeabi_memclr4                
00004099  __aeabi_memclr8                
00003bc1  __aeabi_memcpy                 
00003bc1  __aeabi_memcpy4                
00003bc1  __aeabi_memcpy8                
0000409b  __aeabi_memset                 
0000409b  __aeabi_memset4                
0000409b  __aeabi_memset8                
20002650  __aeabi_stderr                 
20002648  __aeabi_stdin                  
2000264c  __aeabi_stdout                 
00003c5d  __aeabi_uldivmod               
ffffffff  __binit__                      
ffffffff  __c_args__                     
UNDEFED   __mpu_init                     
20000270  __stack                        
00004bc9  _c_int00_noargs                
00005068  _ctypes_                       
2000257c  _device                        
2000248c  _ftable                        
2000266c  _lock                          
000017bb  _nop                           
200025f4  _stream                        
20001270  _sys_memory                    
UNDEFED   _system_post_cinit             
0000505b  _system_pre_init               
20002670  _unlock                        
0000505f  abort                          
0000485d  atoi                           
ffffffff  binit                          
00004609  close                          
00004f97  copysign                       
00004f97  copysignl                      
20002674  errno                          
000048f5  exit                           
00004dd5  fclose                         
00003f15  fgetc                          
00004d75  finddevice                     
00003b25  fopen                          
00003cf5  fputc                          
0000319d  fputs                          
000036a9  free                           
0000447d  frexp                          
0000447d  frexpl                         
00004415  fscanf                         
000044e1  fseek                          
20000000  g_pfnRAMVectors                
00000000  g_pfnVectors                   
00003f99  get_reading                    
00003f15  getc                           
00004a51  getdevice                      
00004ff5  lcd_clear                      
00001db5  lcd_gotoLine                   
00001c1d  lcd_init                       
00001e1b  lcd_printf                     
00001cdd  lcd_putc                       
00001d15  lcd_puts                       
00001ef9  lcd_rotatingBanner             
00001d33  lcd_sendCommand                
00001d71  lcd_sendNibble                 
00001ddd  lcd_setCursorPos               
000032b1  ldexp                          
000032b1  ldexpl                         
00004e2d  lseek                          
0000476b  ltoa                           
0000307d  main                           
00004115  malloc                         
00004eed  memccpy                        
00004ecd  memchr                         
00003bc1  memcpy                         
000040a1  memset                         
00004c01  minit                          
00003919  open                           
20002484  parmbuf                        
00003851  perror                         
00003cf5  putc                           
00004e7d  read                           
00004e01  remove                         
000032b1  scalbn                         
000032b1  scalbnl                        
000035cd  setvbuf                        
00004a95  sprintf                        
00004f81  strchr                         
00004f51  strcmp                         
00004fab  strcpy                         
00004fbf  strlen                         
00004c71  strncpy                        
00004f69  strrchr                        
000017bd  strtod                         
00002e2d  strtol                         
000017bd  strtold                        
0000222d  strtoll                        
000033c1  strtoul                        
00002905  strtoull                       
00002b71  timer_getClock                 
00002b25  timer_startClock               
00002abf  timer_startTimer               
00002b77  timer_stopClock                
00002b0f  timer_stopTimer                
00002a95  timer_waitMicros               
00002a61  timer_waitMillis               
00002791  uart_init                      
00002895  uart_receive                   
00002851  uart_sendChar                  
0000286d  uart_sendString                
00004019  ungetc                         
00004e01  unlink                         
00004ad5  vsnprintf                      
00004fd3  wcslen                         
00004ea5  write                          


GLOBAL SYMBOLS: SORTED BY Symbol Address 

address   name                           
-------   ----                           
00000000  __TI_static_base__             
00000000  g_pfnVectors                   
0000026d  __TI_scanfi                    
00000d5d  __TI_printfi                   
00001000  __STACK_SIZE                   
00001000  __SYSMEM_SIZE                  
000017bb  _nop                           
000017bd  strtod                         
000017bd  strtold                        
00001c1d  lcd_init                       
00001cdd  lcd_putc                       
00001d15  lcd_puts                       
00001d33  lcd_sendCommand                
00001d71  lcd_sendNibble                 
00001db5  lcd_gotoLine                   
00001ddd  lcd_setCursorPos               
00001e1b  lcd_printf                     
00001ef9  lcd_rotatingBanner             
0000222d  strtoll                        
000025d9  __aeabi_dsub                   
000025e3  __aeabi_dadd                   
0000278f  __aeabi_idiv0                  
0000278f  __aeabi_ldiv0                  
00002791  uart_init                      
0000284f  UART1_handler                  
00002851  uart_sendChar                  
0000286d  uart_sendString                
00002895  uart_receive                   
00002905  strtoull                       
00002a61  timer_waitMillis               
00002a95  timer_waitMicros               
00002abf  timer_startTimer               
00002b0f  timer_stopTimer                
00002b25  timer_startClock               
00002b71  timer_getClock                 
00002b77  timer_stopClock                
00002cf5  __aeabi_ddiv                   
00002e2d  strtol                         
0000307d  main                           
0000319d  fputs                          
000032b1  ldexp                          
000032b1  ldexpl                         
000032b1  scalbn                         
000032b1  scalbnl                        
000033c1  strtoul                        
000034d1  __aeabi_dmul                   
000035cd  setvbuf                        
000036a9  free                           
00003851  perror                         
00003919  open                           
00003a89  __TI_buff_read                 
00003b25  fopen                          
00003bc1  __aeabi_memcpy                 
00003bc1  __aeabi_memcpy4                
00003bc1  __aeabi_memcpy8                
00003bc1  memcpy                         
00003c5d  __aeabi_uldivmod               
00003cf5  fputc                          
00003cf5  putc                           
00003e09  __aeabi_cdcmpeq                
00003e09  __aeabi_cdcmple                
00003e8f  __aeabi_cdrcmple               
00003f15  fgetc                          
00003f15  getc                           
00003f99  get_reading                    
00004019  ungetc                         
00004099  __aeabi_memclr                 
00004099  __aeabi_memclr4                
00004099  __aeabi_memclr8                
0000409b  __aeabi_memset                 
0000409b  __aeabi_memset4                
0000409b  __aeabi_memset8                
000040a1  memset                         
00004115  malloc                         
0000418d  __TI_closefile                 
0000426f  __aeabi_d2f                    
000042dd  HOSTlseek                      
00004345  HOSTrename                     
000043ad  __TI_decompress_lzss           
00004415  fscanf                         
0000447d  frexp                          
0000447d  frexpl                         
000044e1  fseek                          
00004545  __TI_wrt_ok                    
000045a9  HOSTopen                       
00004609  close                          
00004665  HOSTread                       
000046bd  HOSTwrite                      
0000476b  ltoa                           
00004811  __TI_doflush                   
0000485d  atoi                           
000048a9  __TI_rd_ok                     
000048f5  exit                           
0000493d  __aeabi_d2iz                   
00004985  HOSTclose                      
000049c9  HOSTunlink                     
00004a0d  __TI_auto_init_nobinit_nopinit 
00004a51  getdevice                      
00004a95  sprintf                        
00004ad5  vsnprintf                      
00004b91  __TI_writemsg                  
00004bbf  C$$IO$$                        
00004bc9  _c_int00_noargs                
00004c01  minit                          
00004c39  __aeabi_f2d                    
00004c71  strncpy                        
00004ca9  IntRegister                    
00004cdd  __TI_cleanup                   
00004d11  __TI_readmsg                   
00004d75  finddevice                     
00004da5  __aeabi_i2d                    
00004dd5  fclose                         
00004e01  remove                         
00004e01  unlink                         
00004e2d  lseek                          
00004e7d  read                           
00004ea5  write                          
00004ecd  memchr                         
00004eed  memccpy                        
00004f39  __aeabi_lmul                   
00004f51  strcmp                         
00004f69  strrchr                        
00004f81  strchr                         
00004f97  copysign                       
00004f97  copysignl                      
00004fab  strcpy                         
00004fbf  strlen                         
00004fd3  wcslen                         
00004fe5  IntMasterEnable                
00004ff5  lcd_clear                      
00005005  __TI_decompress_none           
00005013  CPUcpsie                       
0000501f  __TI_zero_init                 
0000502b  ResetISR                       
0000504d  __aeabi_errno_addr             
0000505b  _system_pre_init               
0000505f  C$$EXIT                        
0000505f  abort                          
00005068  _ctypes_                       
000052c4  __TI_Handler_Table_Base        
000052d0  __TI_Handler_Table_Limit       
000052e0  __TI_CINIT_Base                
000052f8  __TI_CINIT_Limit               
20000000  g_pfnRAMVectors                
20000270  __stack                        
20000470  __STACK_TOP                    
20001270  __STACK_END                    
20001270  _sys_memory                    
20002270  __CIOBUF_                      
20002390  __TI_tmpnams                   
20002484  parmbuf                        
2000248c  _ftable                        
2000257c  _device                        
200025f4  _stream                        
20002644  __TI_ft_end                    
20002648  __aeabi_stdin                  
2000264c  __aeabi_stdout                 
20002650  __aeabi_stderr                 
20002654  __TI_cleanup_ptr               
20002658  __TI_dtors_ptr                 
2000265c  __TI_enable_exit_profile_output
2000266c  _lock                          
20002670  _unlock                        
20002674  errno                          
ffffffff  __TI_pprof_out_hndl            
ffffffff  __TI_prof_data_size            
ffffffff  __TI_prof_data_start           
ffffffff  __binit__                      
ffffffff  __c_args__                     
ffffffff  binit                          
UNDEFED   __mpu_init                     
UNDEFED   _system_post_cinit             

[172 symbols]
