******************************************************************************
                  TI ARM Linker PC v18.1.2                     
******************************************************************************
>> Linked Wed Apr  3 23:36:20 2019

OUTPUT FILE NAME:   <Lab8.out>
ENTRY POINT SYMBOL: "_c_int00_noargs"  address: 000027f1


MEMORY CONFIGURATION

         name            origin    length      used     unused   attr    fill
----------------------  --------  ---------  --------  --------  ----  --------
  FLASH                 00000000   00040000  00002b01  0003d4ff  R  X
  SRAM                  20000000   00008000  000012da  00006d26  RW X


SEGMENT ALLOCATION MAP

run origin  load origin   length   init length attrs members
----------  ----------- ---------- ----------- ----- -------
00000000    00000000    00002b08   00002b08    r-x
  00000000    00000000    0000026c   0000026c    r-- .intvecs
  0000026c    0000026c    0000274c   0000274c    r-x .text
  000029b8    000029b8    00000109   00000109    r-- .const
  00002ac8    00002ac8    00000040   00000040    r-- .cinit
20000000    20000000    000012e0   00000000    rw-
  20000000    20000000    0000026c   00000000    rw- .vtable
  20000270    20000270    00001000   00000000    rw- .stack
  20001270    20001270    00000056   00000000    rw- .bss
  200012c8    200012c8    00000018   00000000    rw- .data


SECTION ALLOCATION MAP

 output                                  attributes/
section   page    origin      length       input sections
--------  ----  ----------  ----------   ----------------
.intvecs   0    00000000    0000026c     
                  00000000    0000026c     tm4c123gh6pm_startup_ccs.obj (.intvecs)

.text      0    0000026c    0000274c     
                  0000026c    00000a5e     rtsv7M4_T_le_v4SPD16_eabi.lib : _printfi.c.obj (.text:__TI_printfi)
                  00000cca    00000002                                   : div0.asm.obj (.text)
                  00000ccc    000003a0     lcd.obj (.text)
                  0000106c    00000270     rtsv7M4_T_le_v4SPD16_eabi.lib : _printfi.c.obj (.text:_pconv_a)
                  000012dc    000001d0                                   : _printfi.c.obj (.text:_pconv_g)
                  000014ac    000001b6                                   : fd_add_t2.asm.obj (.text)
                  00001662    00000002     --HOLE-- [fill = 0]
                  00001664    0000016c     button.obj (.text)
                  000017d0    00000158     timer.obj (.text)
                  00001928    00000140     servo.obj (.text)
                  00001a68    0000013c     rtsv7M4_T_le_v4SPD16_eabi.lib : _printfi.c.obj (.text:_pconv_e)
                  00001ba4    00000136                                   : fd_div_t2.asm.obj (.text)
                  00001cda    00000002     --HOLE-- [fill = 0]
                  00001cdc    00000120                                   : _printfi.c.obj (.text:fcvt)
                  00001dfc    00000110                                   : s_scalbn.c.obj (.text:scalbn)
                  00001f0c    000000fc                                   : fd_mul_t2.asm.obj (.text)
                  00002008    000000f0     main.obj (.text)
                  000020f8    000000b1     rtsv7M4_T_le_v4SPD16_eabi.lib : _printfi.c.obj (.text:_ltostr)
                  000021a9    00000001     --HOLE-- [fill = 0]
                  000021aa    0000009c                                   : memcpy_t2.asm.obj (.text)
                  00002246    00000096                                   : ull_div_t2.asm.obj (.text)
                  000022dc    00000086                                   : fd_cmp_t2.asm.obj (.text:__aeabi_cdcmple)
                  00002362    00000086                                   : fd_cmp_t2.asm.obj (.text:__aeabi_cdrcmple)
                  000023e8    0000007a                                   : memset_t2.asm.obj (.text)
                  00002462    0000006e                                   : _printfi.c.obj (.text:_mcpy)
                  000024d0    00000068                                   : copy_decompress_lzss.c.obj (.text:decompress:lzss:__TI_decompress_lzss)
                  00002538    00000064                                   : s_frexp.c.obj (.text:frexp)
                  0000259c    00000056                                   : _printfi.c.obj (.text:_pconv_f)
                  000025f2    00000054                                   : ltoa.c.obj (.text:ltoa)
                  00002646    00000052                                   : _printfi.c.obj (.text:_ecpy)
                  00002698    0000004c                                   : atoi.c.obj (.text:atoi)
                  000026e4    00000048                                   : fd_toi_t2.asm.obj (.text)
                  0000272c    00000044                                   : autoinit.c.obj (.text:__TI_auto_init_nobinit_nopinit:__TI_auto_init_nobinit_nopinit)
                  00002770    00000040                                   : vsnprintf.c.obj (.text:vsnprintf)
                  000027b0    0000003e                                   : _printfi.c.obj (.text:_fcpy)
                  000027ee    00000002     --HOLE-- [fill = 0]
                  000027f0    00000038                                   : boot_cortex_m.c.obj (.text:_c_int00_noargs:_c_int00_noargs)
                  00002828    00000034     driverlib.lib : interrupt.obj (.text:IntRegister)
                  0000285c    00000030     rtsv7M4_T_le_v4SPD16_eabi.lib : vsnprintf.c.obj (.text:_outs)
                  0000288c    0000002e                                   : i_tofd_t2.asm.obj (.text)
                  000028ba    0000001c                                   : memccpy.c.obj (.text:memccpy)
                  000028d6    00000018                                   : vsnprintf.c.obj (.text:_outc)
                  000028ee    00000018                                   : strcmp.c.obj (.text:strcmp)
                  00002906    00000016                                   : strchr.c.obj (.text:strchr)
                  0000291c    00000014                                   : s_copysign.c.obj (.text:copysign)
                  00002930    00000014                                   : strcpy.c.obj (.text:strcpy)
                  00002944    00000014                                   : strlen.c.obj (.text:strlen)
                  00002958    00000012                                   : copy_zero_init.c.obj (.text:decompress:ZI:__TI_zero_init_nomemset:__TI_zero_init_nomemset)
                  0000296a    00000012                                   : wcslen.c.obj (.text:wcslen)
                  0000297c    00000010     lcd.obj (.text:lcd_clear)
                  0000298c    0000000e     rtsv7M4_T_le_v4SPD16_eabi.lib : copy_decompress_none.c.obj (.text:decompress:none:__TI_decompress_none)
                  0000299a    0000000c     tm4c123gh6pm_startup_ccs.obj (.text)
                  000029a6    00000002     --HOLE-- [fill = 0]
                  000029a8    00000008     rtsv7M4_T_le_v4SPD16_eabi.lib : errno.c.obj (.text:__aeabi_errno_addr)
                  000029b0    00000004                                   : pre_init.c.obj (.text:_system_pre_init)
                  000029b4    00000004                                   : exit.c.obj (.text:abort:abort)

.const     0    000029b8    00000109     
                  000029b8    00000101     rtsv7M4_T_le_v4SPD16_eabi.lib : ctype.c.obj (.const:.string:_ctypes_)
                  00002ab9    00000004     lcd.obj (.const:.string:lineAddress$1)
                  00002abd    00000004     lcd.obj (.const:.string:lineAddresses$2)

.cinit     0    00002ac8    00000040     
                  00002ac8    0000000c     (__TI_handler_table)
                  00002ad4    0000000a     (.cinit..data.load) [load image, compression = lzss]
                  00002ade    00000002     --HOLE-- [fill = 0]
                  00002ae0    00000008     (.cinit..bss.load) [load image, compression = zero_init]
                  00002ae8    00000008     (.cinit..vtable.load) [load image, compression = zero_init]
                  00002af0    00000018     (__TI_cinit_table)

.init_array 
*          0    00000000    00000000     UNINITIALIZED

.vtable    0    20000000    0000026c     UNINITIALIZED
                  20000000    0000026c     driverlib.lib : interrupt.obj (.vtable)

.bss       0    20001270    00000056     UNINITIALIZED
                  20001270    00000054     lcd.obj (.bss:lastbuffer$3)
                  200012c4    00000001     (.common:button)
                  200012c5    00000001     (.common:prev_Button)

.data      0    200012c8    00000018     UNINITIALIZED
                  200012c8    00000009     button.obj (.data)
                  200012d1    00000003     --HOLE--
                  200012d4    00000008     servo.obj (.data)
                  200012dc    00000004     rtsv7M4_T_le_v4SPD16_eabi.lib : errno.c.obj (.data)

.stack     0    20000270    00001000     UNINITIALIZED
                  20000270    00000004     rtsv7M4_T_le_v4SPD16_eabi.lib : boot_cortex_m.c.obj (.stack)
                  20000274    00000ffc     --HOLE--

MODULE SUMMARY

       Module                         code    ro data   rw data
       ------                         ----    -------   -------
    .\
       lcd.obj                        944     8         84     
       tm4c123gh6pm_startup_ccs.obj   12      620       0      
       button.obj                     364     0         11     
       timer.obj                      344     0         0      
       servo.obj                      320     0         8      
       main.obj                       240     0         0      
    +--+------------------------------+-------+---------+---------+
       Total:                         2224    628       103    
                                                               
    C:/ti/TivaWare_C_Series-2.1.4.178/driverlib/ccs/Debug/driverlib.lib
       interrupt.obj                  52      0         620    
    +--+------------------------------+-------+---------+---------+
       Total:                         52      0         620    
                                                               
    C:\ti\ccsv8\tools\compiler\ti-cgt-arm_18.1.2.LTS\lib\rtsv7M4_T_le_v4SPD16_eabi.lib
       _printfi.c.obj                 4863    0         0      
       fd_add_t2.asm.obj              438     0         0      
       fd_div_t2.asm.obj              310     0         0      
       s_scalbn.c.obj                 272     0         0      
       fd_cmp_t2.asm.obj              268     0         0      
       ctype.c.obj                    0       257       0      
       fd_mul_t2.asm.obj              252     0         0      
       memcpy_t2.asm.obj              156     0         0      
       ull_div_t2.asm.obj             150     0         0      
       vsnprintf.c.obj                136     0         0      
       memset_t2.asm.obj              122     0         0      
       copy_decompress_lzss.c.obj     104     0         0      
       s_frexp.c.obj                  100     0         0      
       ltoa.c.obj                     84      0         0      
       atoi.c.obj                     76      0         0      
       fd_toi_t2.asm.obj              72      0         0      
       autoinit.c.obj                 68      0         0      
       boot_cortex_m.c.obj            56      0         0      
       i_tofd_t2.asm.obj              46      0         0      
       memccpy.c.obj                  28      0         0      
       strcmp.c.obj                   24      0         0      
       strchr.c.obj                   22      0         0      
       s_copysign.c.obj               20      0         0      
       strcpy.c.obj                   20      0         0      
       strlen.c.obj                   20      0         0      
       copy_zero_init.c.obj           18      0         0      
       wcslen.c.obj                   18      0         0      
       copy_decompress_none.c.obj     14      0         0      
       errno.c.obj                    8       0         4      
       exit.c.obj                     4       0         0      
       pre_init.c.obj                 4       0         0      
       div0.asm.obj                   2       0         0      
    +--+------------------------------+-------+---------+---------+
       Total:                         7775    257       4      
                                                               
       Stack:                         0       0         4096   
       Linker Generated:              0       62        0      
    +--+------------------------------+-------+---------+---------+
       Grand Total:                   10051   947       4823   


LINKER GENERATED COPY TABLES

__TI_cinit_table @ 00002af0 records: 3, size/record: 8, table size: 24
	.data: load addr=00002ad4, load size=0000000a bytes, run addr=200012c8, run size=00000018 bytes, compression=lzss
	.bss: load addr=00002ae0, load size=00000008 bytes, run addr=20001270, run size=00000056 bytes, compression=zero_init
	.vtable: load addr=00002ae8, load size=00000008 bytes, run addr=20000000, run size=0000026c bytes, compression=zero_init


LINKER GENERATED HANDLER TABLE

__TI_handler_table @ 00002ac8 records: 3, size/record: 4, table size: 12
	index: 0, handler: __TI_zero_init
	index: 1, handler: __TI_decompress_lzss
	index: 2, handler: __TI_decompress_none


GLOBAL SYMBOLS: SORTED ALPHABETICALLY BY Name 

address   name                          
-------   ----                          
000029b5  C$$EXIT                       
00002829  IntRegister                   
0000299b  ResetISR                      
20001270  __STACK_END                   
00001000  __STACK_SIZE                  
20000470  __STACK_TOP                   
00002af0  __TI_CINIT_Base               
00002b08  __TI_CINIT_Limit              
00002ac8  __TI_Handler_Table_Base       
00002ad4  __TI_Handler_Table_Limit      
0000272d  __TI_auto_init_nobinit_nopinit
000024d1  __TI_decompress_lzss          
0000298d  __TI_decompress_none          
ffffffff  __TI_pprof_out_hndl           
0000026d  __TI_printfi                  
ffffffff  __TI_prof_data_size           
ffffffff  __TI_prof_data_start          
00000000  __TI_static_base__            
00002959  __TI_zero_init_nomemset       
000022dd  __aeabi_cdcmpeq               
000022dd  __aeabi_cdcmple               
00002363  __aeabi_cdrcmple              
000026e5  __aeabi_d2iz                  
000014b7  __aeabi_dadd                  
00001ba5  __aeabi_ddiv                  
00001f0d  __aeabi_dmul                  
000014ad  __aeabi_dsub                  
000029a9  __aeabi_errno_addr            
0000288d  __aeabi_i2d                   
00000ccb  __aeabi_idiv0                 
00000ccb  __aeabi_ldiv0                 
000023e9  __aeabi_memclr                
000023e9  __aeabi_memclr4               
000023e9  __aeabi_memclr8               
000021ab  __aeabi_memcpy                
000021ab  __aeabi_memcpy4               
000021ab  __aeabi_memcpy8               
000023eb  __aeabi_memset                
000023eb  __aeabi_memset4               
000023eb  __aeabi_memset8               
00002247  __aeabi_uldivmod              
ffffffff  __binit__                     
ffffffff  __c_args__                    
UNDEFED   __mpu_init                    
20000270  __stack                       
000027f1  _c_int00_noargs               
000029b8  _ctypes_                      
UNDEFED   _system_post_cinit            
000029b1  _system_pre_init              
000029b5  abort                         
00002699  atoi                          
ffffffff  binit                         
200012c4  button                        
000016f9  button_checkButtons           
200012c8  button_event                  
00001703  button_getButton              
00001665  button_init                   
200012cc  button_num                    
0000291d  copysign                      
0000291d  copysignl                     
200012dc  errno                         
00002539  frexp                         
00002539  frexpl                        
20000000  g_pfnRAMVectors               
00000000  g_pfnVectors                  
000016dd  gpioe_handler                 
00001691  init_button_interrupts        
0000297d  lcd_clear                     
00000e65  lcd_gotoLine                  
00000ccd  lcd_init                      
00000ecb  lcd_printf                    
00000d8d  lcd_putc                      
00000dc5  lcd_puts                      
00000fa9  lcd_rotatingBanner            
00000de3  lcd_sendCommand               
00000e21  lcd_sendNibble                
00000e8d  lcd_setCursorPos              
00001dfd  ldexp                         
00001dfd  ldexpl                        
000025f3  ltoa                          
00002009  main                          
000028bb  memccpy                       
000021ab  memcpy                        
000023f1  memset                        
200012d8  movement_direction            
200012c5  prev_Button                   
00001dfd  scalbn                        
00001dfd  scalbnl                       
00001929  servo_init                    
000019b1  servo_move                    
200012d4  servo_position                
00002907  strchr                        
000028ef  strcmp                        
00002931  strcpy                        
00002945  strlen                        
000018e1  timer_getClock                
00001895  timer_startClock              
0000182f  timer_startTimer              
000018e7  timer_stopClock               
0000187f  timer_stopTimer               
00001805  timer_waitMicros              
000017d1  timer_waitMillis              
00002771  vsnprintf                     
0000296b  wcslen                        


GLOBAL SYMBOLS: SORTED BY Symbol Address 

address   name                          
-------   ----                          
00000000  __TI_static_base__            
00000000  g_pfnVectors                  
0000026d  __TI_printfi                  
00000ccb  __aeabi_idiv0                 
00000ccb  __aeabi_ldiv0                 
00000ccd  lcd_init                      
00000d8d  lcd_putc                      
00000dc5  lcd_puts                      
00000de3  lcd_sendCommand               
00000e21  lcd_sendNibble                
00000e65  lcd_gotoLine                  
00000e8d  lcd_setCursorPos              
00000ecb  lcd_printf                    
00000fa9  lcd_rotatingBanner            
00001000  __STACK_SIZE                  
000014ad  __aeabi_dsub                  
000014b7  __aeabi_dadd                  
00001665  button_init                   
00001691  init_button_interrupts        
000016dd  gpioe_handler                 
000016f9  button_checkButtons           
00001703  button_getButton              
000017d1  timer_waitMillis              
00001805  timer_waitMicros              
0000182f  timer_startTimer              
0000187f  timer_stopTimer               
00001895  timer_startClock              
000018e1  timer_getClock                
000018e7  timer_stopClock               
00001929  servo_init                    
000019b1  servo_move                    
00001ba5  __aeabi_ddiv                  
00001dfd  ldexp                         
00001dfd  ldexpl                        
00001dfd  scalbn                        
00001dfd  scalbnl                       
00001f0d  __aeabi_dmul                  
00002009  main                          
000021ab  __aeabi_memcpy                
000021ab  __aeabi_memcpy4               
000021ab  __aeabi_memcpy8               
000021ab  memcpy                        
00002247  __aeabi_uldivmod              
000022dd  __aeabi_cdcmpeq               
000022dd  __aeabi_cdcmple               
00002363  __aeabi_cdrcmple              
000023e9  __aeabi_memclr                
000023e9  __aeabi_memclr4               
000023e9  __aeabi_memclr8               
000023eb  __aeabi_memset                
000023eb  __aeabi_memset4               
000023eb  __aeabi_memset8               
000023f1  memset                        
000024d1  __TI_decompress_lzss          
00002539  frexp                         
00002539  frexpl                        
000025f3  ltoa                          
00002699  atoi                          
000026e5  __aeabi_d2iz                  
0000272d  __TI_auto_init_nobinit_nopinit
00002771  vsnprintf                     
000027f1  _c_int00_noargs               
00002829  IntRegister                   
0000288d  __aeabi_i2d                   
000028bb  memccpy                       
000028ef  strcmp                        
00002907  strchr                        
0000291d  copysign                      
0000291d  copysignl                     
00002931  strcpy                        
00002945  strlen                        
00002959  __TI_zero_init_nomemset       
0000296b  wcslen                        
0000297d  lcd_clear                     
0000298d  __TI_decompress_none          
0000299b  ResetISR                      
000029a9  __aeabi_errno_addr            
000029b1  _system_pre_init              
000029b5  C$$EXIT                       
000029b5  abort                         
000029b8  _ctypes_                      
00002ac8  __TI_Handler_Table_Base       
00002ad4  __TI_Handler_Table_Limit      
00002af0  __TI_CINIT_Base               
00002b08  __TI_CINIT_Limit              
20000000  g_pfnRAMVectors               
20000270  __stack                       
20000470  __STACK_TOP                   
20001270  __STACK_END                   
200012c4  button                        
200012c5  prev_Button                   
200012c8  button_event                  
200012cc  button_num                    
200012d4  servo_position                
200012d8  movement_direction            
200012dc  errno                         
ffffffff  __TI_pprof_out_hndl           
ffffffff  __TI_prof_data_size           
ffffffff  __TI_prof_data_start          
ffffffff  __binit__                     
ffffffff  __c_args__                    
ffffffff  binit                         
UNDEFED   __mpu_init                    
UNDEFED   _system_post_cinit            

[104 symbols]
