******************************************************************************
                  TI ARM Linker PC v18.1.2                     
******************************************************************************
>> Linked Thu Feb 21 11:47:46 2019

OUTPUT FILE NAME:   <Lab3.out>
ENTRY POINT SYMBOL: "_c_int00_noargs"  address: 000025c1


MEMORY CONFIGURATION

         name            origin    length      used     unused   attr    fill
----------------------  --------  ---------  --------  --------  ----  --------
  FLASH                 00000000   00040000  0000290d  0003d6f3  R  X
  SRAM                  20000000   00008000  000012d2  00006d2e  RW X


SEGMENT ALLOCATION MAP

run origin  load origin   length   init length attrs members
----------  ----------- ---------- ----------- ----- -------
00000000    00000000    00002910   00002910    r-x
  00000000    00000000    0000026c   0000026c    r-- .intvecs
  0000026c    0000026c    00002554   00002554    r-x .text
  000027c0    000027c0    0000010d   0000010d    r-- .const
  000028d0    000028d0    00000040   00000040    r-- .cinit
20000000    20000000    000012d8   00000000    rw-
  20000000    20000000    0000026c   00000000    rw- .vtable
  20000270    20000270    00001000   00000000    rw- .stack
  20001270    20001270    00000056   00000000    rw- .bss
  200012c8    200012c8    00000010   00000000    rw- .data


SECTION ALLOCATION MAP

 output                                  attributes/
section   page    origin      length       input sections
--------  ----  ----------  ----------   ----------------
.intvecs   0    00000000    0000026c     
                  00000000    0000026c     tm4c123gh6pm_startup_ccs.obj (.intvecs)

.text      0    0000026c    00002554     
                  0000026c    00000a5e     rtsv7M4_T_le_v4SPD16_eabi.lib : _printfi.c.obj (.text:__TI_printfi)
                  00000cca    00000002                                   : div0.asm.obj (.text)
                  00000ccc    000003a0     lcd.obj (.text)
                  0000106c    00000270     rtsv7M4_T_le_v4SPD16_eabi.lib : _printfi.c.obj (.text:_pconv_a)
                  000012dc    000001d0                                   : _printfi.c.obj (.text:_pconv_g)
                  000014ac    000001b6                                   : fd_add_t2.asm.obj (.text)
                  00001662    00000002     --HOLE-- [fill = 0]
                  00001664    0000016c     button.obj (.text)
                  000017d0    00000158     timer.obj (.text)
                  00001928    0000013c     rtsv7M4_T_le_v4SPD16_eabi.lib : _printfi.c.obj (.text:_pconv_e)
                  00001a64    00000136                                   : fd_div_t2.asm.obj (.text)
                  00001b9a    00000002     --HOLE-- [fill = 0]
                  00001b9c    00000120                                   : _printfi.c.obj (.text:fcvt)
                  00001cbc    00000110                                   : s_scalbn.c.obj (.text:scalbn)
                  00001dcc    000000fc                                   : fd_mul_t2.asm.obj (.text)
                  00001ec8    000000b1                                   : _printfi.c.obj (.text:_ltostr)
                  00001f79    00000001     --HOLE-- [fill = 0]
                  00001f7a    0000009c                                   : memcpy_t2.asm.obj (.text)
                  00002016    00000096                                   : ull_div_t2.asm.obj (.text)
                  000020ac    00000086                                   : fd_cmp_t2.asm.obj (.text:__aeabi_cdcmple)
                  00002132    00000086                                   : fd_cmp_t2.asm.obj (.text:__aeabi_cdrcmple)
                  000021b8    0000007a                                   : memset_t2.asm.obj (.text)
                  00002232    0000006e                                   : _printfi.c.obj (.text:_mcpy)
                  000022a0    00000068                                   : copy_decompress_lzss.c.obj (.text:decompress:lzss:__TI_decompress_lzss)
                  00002308    00000064                                   : s_frexp.c.obj (.text:frexp)
                  0000236c    00000056                                   : _printfi.c.obj (.text:_pconv_f)
                  000023c2    00000054                                   : ltoa.c.obj (.text:ltoa)
                  00002416    00000052                                   : _printfi.c.obj (.text:_ecpy)
                  00002468    0000004c                                   : atoi.c.obj (.text:atoi)
                  000024b4    00000048                                   : fd_toi_t2.asm.obj (.text)
                  000024fc    00000044                                   : autoinit.c.obj (.text:__TI_auto_init_nobinit_nopinit:__TI_auto_init_nobinit_nopinit)
                  00002540    00000040                                   : vsnprintf.c.obj (.text:vsnprintf)
                  00002580    0000003e                                   : _printfi.c.obj (.text:_fcpy)
                  000025be    00000002     --HOLE-- [fill = 0]
                  000025c0    00000038                                   : boot_cortex_m.c.obj (.text:_c_int00_noargs:_c_int00_noargs)
                  000025f8    00000038     main.obj (.text)
                  00002630    00000034     driverlib.lib : interrupt.obj (.text:IntRegister)
                  00002664    00000030     rtsv7M4_T_le_v4SPD16_eabi.lib : vsnprintf.c.obj (.text:_outs)
                  00002694    0000002e                                   : i_tofd_t2.asm.obj (.text)
                  000026c2    0000001c                                   : memccpy.c.obj (.text:memccpy)
                  000026de    00000018                                   : vsnprintf.c.obj (.text:_outc)
                  000026f6    00000018                                   : strcmp.c.obj (.text:strcmp)
                  0000270e    00000016                                   : strchr.c.obj (.text:strchr)
                  00002724    00000014                                   : s_copysign.c.obj (.text:copysign)
                  00002738    00000014                                   : strcpy.c.obj (.text:strcpy)
                  0000274c    00000014                                   : strlen.c.obj (.text:strlen)
                  00002760    00000012                                   : copy_zero_init.c.obj (.text:decompress:ZI:__TI_zero_init_nomemset:__TI_zero_init_nomemset)
                  00002772    00000012                                   : wcslen.c.obj (.text:wcslen)
                  00002784    00000010     lcd.obj (.text:lcd_clear)
                  00002794    0000000e     rtsv7M4_T_le_v4SPD16_eabi.lib : copy_decompress_none.c.obj (.text:decompress:none:__TI_decompress_none)
                  000027a2    0000000c     tm4c123gh6pm_startup_ccs.obj (.text)
                  000027ae    00000002     --HOLE-- [fill = 0]
                  000027b0    00000008     rtsv7M4_T_le_v4SPD16_eabi.lib : errno.c.obj (.text:__aeabi_errno_addr)
                  000027b8    00000004                                   : pre_init.c.obj (.text:_system_pre_init)
                  000027bc    00000004                                   : exit.c.obj (.text:abort:abort)

.const     0    000027c0    0000010d     
                  000027c0    00000101     rtsv7M4_T_le_v4SPD16_eabi.lib : ctype.c.obj (.const:.string:_ctypes_)
                  000028c1    00000004     main.obj (.const:.string:$P$T0$1)
                  000028c5    00000004     lcd.obj (.const:.string:lineAddress$1)
                  000028c9    00000004     lcd.obj (.const:.string:lineAddresses$2)

.cinit     0    000028d0    00000040     
                  000028d0    0000000c     (__TI_handler_table)
                  000028dc    00000004     --HOLE-- [fill = 0]
                  000028e0    00000008     (.cinit..bss.load) [load image, compression = zero_init]
                  000028e8    00000008     (.cinit..vtable.load) [load image, compression = zero_init]
                  000028f0    00000007     (.cinit..data.load) [load image, compression = lzss]
                  000028f7    00000001     --HOLE-- [fill = 0]
                  000028f8    00000018     (__TI_cinit_table)

.init_array 
*          0    00000000    00000000     UNINITIALIZED

.vtable    0    20000000    0000026c     UNINITIALIZED
                  20000000    0000026c     driverlib.lib : interrupt.obj (.vtable)

.bss       0    20001270    00000056     UNINITIALIZED
                  20001270    00000054     lcd.obj (.bss:lastbuffer$3)
                  200012c4    00000001     (.common:button)
                  200012c5    00000001     (.common:prev_Button)

.data      0    200012c8    00000010     UNINITIALIZED
                  200012c8    00000009     button.obj (.data)
                  200012d1    00000003     --HOLE--
                  200012d4    00000004     rtsv7M4_T_le_v4SPD16_eabi.lib : errno.c.obj (.data)

.stack     0    20000270    00001000     UNINITIALIZED
                  20000270    00000004     rtsv7M4_T_le_v4SPD16_eabi.lib : boot_cortex_m.c.obj (.stack)
                  20000274    00000ffc     --HOLE--

MODULE SUMMARY

       Module                         code   ro data   rw data
       ------                         ----   -------   -------
    .\
       lcd.obj                        944    8         84     
       tm4c123gh6pm_startup_ccs.obj   12     620       0      
       button.obj                     364    0         11     
       timer.obj                      344    0         0      
       main.obj                       56     4         0      
    +--+------------------------------+------+---------+---------+
       Total:                         1720   632       95     
                                                              
    C:/ti/TivaWare_C_Series-2.1.4.178/driverlib/ccs/Debug/driverlib.lib
       interrupt.obj                  52     0         620    
    +--+------------------------------+------+---------+---------+
       Total:                         52     0         620    
                                                              
    C:\ti\ccsv8\tools\compiler\ti-cgt-arm_18.1.2.LTS\lib\rtsv7M4_T_le_v4SPD16_eabi.lib
       _printfi.c.obj                 4863   0         0      
       fd_add_t2.asm.obj              438    0         0      
       fd_div_t2.asm.obj              310    0         0      
       s_scalbn.c.obj                 272    0         0      
       fd_cmp_t2.asm.obj              268    0         0      
       ctype.c.obj                    0      257       0      
       fd_mul_t2.asm.obj              252    0         0      
       memcpy_t2.asm.obj              156    0         0      
       ull_div_t2.asm.obj             150    0         0      
       vsnprintf.c.obj                136    0         0      
       memset_t2.asm.obj              122    0         0      
       copy_decompress_lzss.c.obj     104    0         0      
       s_frexp.c.obj                  100    0         0      
       ltoa.c.obj                     84     0         0      
       atoi.c.obj                     76     0         0      
       fd_toi_t2.asm.obj              72     0         0      
       autoinit.c.obj                 68     0         0      
       boot_cortex_m.c.obj            56     0         0      
       i_tofd_t2.asm.obj              46     0         0      
       memccpy.c.obj                  28     0         0      
       strcmp.c.obj                   24     0         0      
       strchr.c.obj                   22     0         0      
       s_copysign.c.obj               20     0         0      
       strcpy.c.obj                   20     0         0      
       strlen.c.obj                   20     0         0      
       copy_zero_init.c.obj           18     0         0      
       wcslen.c.obj                   18     0         0      
       copy_decompress_none.c.obj     14     0         0      
       errno.c.obj                    8      0         4      
       exit.c.obj                     4      0         0      
       pre_init.c.obj                 4      0         0      
       div0.asm.obj                   2      0         0      
    +--+------------------------------+------+---------+---------+
       Total:                         7775   257       4      
                                                              
       Stack:                         0      0         4096   
       Linker Generated:              0      59        0      
    +--+------------------------------+------+---------+---------+
       Grand Total:                   9547   948       4815   


LINKER GENERATED COPY TABLES

__TI_cinit_table @ 000028f8 records: 3, size/record: 8, table size: 24
	.bss: load addr=000028e0, load size=00000008 bytes, run addr=20001270, run size=00000056 bytes, compression=zero_init
	.vtable: load addr=000028e8, load size=00000008 bytes, run addr=20000000, run size=0000026c bytes, compression=zero_init
	.data: load addr=000028f0, load size=00000007 bytes, run addr=200012c8, run size=00000010 bytes, compression=lzss


LINKER GENERATED HANDLER TABLE

__TI_handler_table @ 000028d0 records: 3, size/record: 4, table size: 12
	index: 0, handler: __TI_zero_init
	index: 1, handler: __TI_decompress_lzss
	index: 2, handler: __TI_decompress_none


GLOBAL SYMBOLS: SORTED ALPHABETICALLY BY Name 

address   name                          
-------   ----                          
000027bd  C$$EXIT                       
00002631  IntRegister                   
000027a3  ResetISR                      
20001270  __STACK_END                   
00001000  __STACK_SIZE                  
20000470  __STACK_TOP                   
000028f8  __TI_CINIT_Base               
00002910  __TI_CINIT_Limit              
000028d0  __TI_Handler_Table_Base       
000028dc  __TI_Handler_Table_Limit      
000024fd  __TI_auto_init_nobinit_nopinit
000022a1  __TI_decompress_lzss          
00002795  __TI_decompress_none          
ffffffff  __TI_pprof_out_hndl           
0000026d  __TI_printfi                  
ffffffff  __TI_prof_data_size           
ffffffff  __TI_prof_data_start          
00000000  __TI_static_base__            
00002761  __TI_zero_init_nomemset       
000020ad  __aeabi_cdcmpeq               
000020ad  __aeabi_cdcmple               
00002133  __aeabi_cdrcmple              
000024b5  __aeabi_d2iz                  
000014b7  __aeabi_dadd                  
00001a65  __aeabi_ddiv                  
00001dcd  __aeabi_dmul                  
000014ad  __aeabi_dsub                  
000027b1  __aeabi_errno_addr            
00002695  __aeabi_i2d                   
00000ccb  __aeabi_idiv0                 
00000ccb  __aeabi_ldiv0                 
000021b9  __aeabi_memclr                
000021b9  __aeabi_memclr4               
000021b9  __aeabi_memclr8               
00001f7b  __aeabi_memcpy                
00001f7b  __aeabi_memcpy4               
00001f7b  __aeabi_memcpy8               
000021bb  __aeabi_memset                
000021bb  __aeabi_memset4               
000021bb  __aeabi_memset8               
00002017  __aeabi_uldivmod              
ffffffff  __binit__                     
ffffffff  __c_args__                    
UNDEFED   __mpu_init                    
20000270  __stack                       
000025c1  _c_int00_noargs               
000027c0  _ctypes_                      
UNDEFED   _system_post_cinit            
000027b9  _system_pre_init              
000027bd  abort                         
00002469  atoi                          
ffffffff  binit                         
200012c4  button                        
000016f9  button_checkButtons           
200012c8  button_event                  
00001703  button_getButton              
00001665  button_init                   
200012cc  button_num                    
00002725  copysign                      
00002725  copysignl                     
200012d4  errno                         
00002309  frexp                         
00002309  frexpl                        
20000000  g_pfnRAMVectors               
00000000  g_pfnVectors                  
000016dd  gpioe_handler                 
00001691  init_button_interrupts        
00002785  lcd_clear                     
00000e65  lcd_gotoLine                  
00000ccd  lcd_init                      
00000ecb  lcd_printf                    
00000d8d  lcd_putc                      
00000dc5  lcd_puts                      
00000fa9  lcd_rotatingBanner            
00000de3  lcd_sendCommand               
00000e21  lcd_sendNibble                
00000e8d  lcd_setCursorPos              
00001cbd  ldexp                         
00001cbd  ldexpl                        
000023c3  ltoa                          
000025f9  main                          
000026c3  memccpy                       
00001f7b  memcpy                        
000021c1  memset                        
200012c5  prev_Button                   
00001cbd  scalbn                        
00001cbd  scalbnl                       
0000270f  strchr                        
000026f7  strcmp                        
00002739  strcpy                        
0000274d  strlen                        
000018e1  timer_getClock                
00001895  timer_startClock              
0000182f  timer_startTimer              
000018e7  timer_stopClock               
0000187f  timer_stopTimer               
00001805  timer_waitMicros              
000017d1  timer_waitMillis              
00002541  vsnprintf                     
00002773  wcslen                        


GLOBAL SYMBOLS: SORTED BY Symbol Address 

address   name                          
-------   ----                          
00000000  __TI_static_base__            
00000000  g_pfnVectors                  
0000026d  __TI_printfi                  
00000ccb  __aeabi_idiv0                 
00000ccb  __aeabi_ldiv0                 
00000ccd  lcd_init                      
00000d8d  lcd_putc                      
00000dc5  lcd_puts                      
00000de3  lcd_sendCommand               
00000e21  lcd_sendNibble                
00000e65  lcd_gotoLine                  
00000e8d  lcd_setCursorPos              
00000ecb  lcd_printf                    
00000fa9  lcd_rotatingBanner            
00001000  __STACK_SIZE                  
000014ad  __aeabi_dsub                  
000014b7  __aeabi_dadd                  
00001665  button_init                   
00001691  init_button_interrupts        
000016dd  gpioe_handler                 
000016f9  button_checkButtons           
00001703  button_getButton              
000017d1  timer_waitMillis              
00001805  timer_waitMicros              
0000182f  timer_startTimer              
0000187f  timer_stopTimer               
00001895  timer_startClock              
000018e1  timer_getClock                
000018e7  timer_stopClock               
00001a65  __aeabi_ddiv                  
00001cbd  ldexp                         
00001cbd  ldexpl                        
00001cbd  scalbn                        
00001cbd  scalbnl                       
00001dcd  __aeabi_dmul                  
00001f7b  __aeabi_memcpy                
00001f7b  __aeabi_memcpy4               
00001f7b  __aeabi_memcpy8               
00001f7b  memcpy                        
00002017  __aeabi_uldivmod              
000020ad  __aeabi_cdcmpeq               
000020ad  __aeabi_cdcmple               
00002133  __aeabi_cdrcmple              
000021b9  __aeabi_memclr                
000021b9  __aeabi_memclr4               
000021b9  __aeabi_memclr8               
000021bb  __aeabi_memset                
000021bb  __aeabi_memset4               
000021bb  __aeabi_memset8               
000021c1  memset                        
000022a1  __TI_decompress_lzss          
00002309  frexp                         
00002309  frexpl                        
000023c3  ltoa                          
00002469  atoi                          
000024b5  __aeabi_d2iz                  
000024fd  __TI_auto_init_nobinit_nopinit
00002541  vsnprintf                     
000025c1  _c_int00_noargs               
000025f9  main                          
00002631  IntRegister                   
00002695  __aeabi_i2d                   
000026c3  memccpy                       
000026f7  strcmp                        
0000270f  strchr                        
00002725  copysign                      
00002725  copysignl                     
00002739  strcpy                        
0000274d  strlen                        
00002761  __TI_zero_init_nomemset       
00002773  wcslen                        
00002785  lcd_clear                     
00002795  __TI_decompress_none          
000027a3  ResetISR                      
000027b1  __aeabi_errno_addr            
000027b9  _system_pre_init              
000027bd  C$$EXIT                       
000027bd  abort                         
000027c0  _ctypes_                      
000028d0  __TI_Handler_Table_Base       
000028dc  __TI_Handler_Table_Limit      
000028f8  __TI_CINIT_Base               
00002910  __TI_CINIT_Limit              
20000000  g_pfnRAMVectors               
20000270  __stack                       
20000470  __STACK_TOP                   
20001270  __STACK_END                   
200012c4  button                        
200012c5  prev_Button                   
200012c8  button_event                  
200012cc  button_num                    
200012d4  errno                         
ffffffff  __TI_pprof_out_hndl           
ffffffff  __TI_prof_data_size           
ffffffff  __TI_prof_data_start          
ffffffff  __binit__                     
ffffffff  __c_args__                    
ffffffff  binit                         
UNDEFED   __mpu_init                    
UNDEFED   _system_post_cinit            

[100 symbols]
