******************************************************************************
                  TI ARM Linker PC v18.1.2                     
******************************************************************************
>> Linked Thu Mar 28 13:58:08 2019

OUTPUT FILE NAME:   <Lab7.out>
ENTRY POINT SYMBOL: "_c_int00_noargs"  address: 00003271


MEMORY CONFIGURATION

         name            origin    length      used     unused   attr    fill
----------------------  --------  ---------  --------  --------  ----  --------
  FLASH                 00000000   00040000  000035f4  0003ca0c  R  X
  SRAM                  20000000   00008000  000012d8  00006d28  RW X


SEGMENT ALLOCATION MAP

run origin  load origin   length   init length attrs members
----------  ----------- ---------- ----------- ----- -------
00000000    00000000    000035f8   000035f8    r-x
  00000000    00000000    0000026c   0000026c    r-- .intvecs
  0000026c    0000026c    0000320c   0000320c    r-x .text
  00003478    00003478    0000013c   0000013c    r-- .const
  000035b8    000035b8    00000040   00000040    r-- .cinit
20000000    20000000    000012dc   00000000    rw-
  20000000    20000000    0000026c   00000000    rw- .vtable
  20000270    20000270    00001000   00000000    rw- .stack
  20001270    20001270    00000054   00000000    rw- .bss
  200012c4    200012c4    00000018   00000000    rw- .data


SECTION ALLOCATION MAP

 output                                  attributes/
section   page    origin      length       input sections
--------  ----  ----------  ----------   ----------------
.intvecs   0    00000000    0000026c     
                  00000000    0000026c     tm4c123gh6pm_startup_ccs.obj (.intvecs)

.text      0    0000026c    0000320c     
                  0000026c    00000a5e     rtsv7M4_T_le_v4SPD16_eabi.lib : _printfi.c.obj (.text:__TI_printfi)
                  00000cca    00000002                                   : div0.asm.obj (.text)
                  00000ccc    000009c0                                   : e_pow.c.obj (.text:pow)
                  0000168c    000003a0     lcd.obj (.text)
                  00001a2c    00000304     ping.obj (.text)
                  00001d30    00000270     rtsv7M4_T_le_v4SPD16_eabi.lib : _printfi.c.obj (.text:_pconv_a)
                  00001fa0    000001d0                                   : _printfi.c.obj (.text:_pconv_g)
                  00002170    000001b6                                   : fd_add_t2.asm.obj (.text)
                  00002326    00000002     --HOLE-- [fill = 0]
                  00002328    00000158                                   : e_sqrt.c.obj (.text:sqrt)
                  00002480    00000158     timer.obj (.text)
                  000025d8    0000013c     rtsv7M4_T_le_v4SPD16_eabi.lib : _printfi.c.obj (.text:_pconv_e)
                  00002714    00000136                                   : fd_div_t2.asm.obj (.text)
                  0000284a    00000002     --HOLE-- [fill = 0]
                  0000284c    00000120                                   : _printfi.c.obj (.text:fcvt)
                  0000296c    00000110                                   : s_scalbn.c.obj (.text:scalbn)
                  00002a7c    000000fc                                   : fd_mul_t2.asm.obj (.text)
                  00002b78    000000b1                                   : _printfi.c.obj (.text:_ltostr)
                  00002c29    00000001     --HOLE-- [fill = 0]
                  00002c2a    0000009c                                   : memcpy_t2.asm.obj (.text)
                  00002cc6    00000096                                   : ull_div_t2.asm.obj (.text)
                  00002d5c    00000086                                   : fd_cmp_t2.asm.obj (.text:__aeabi_cdcmple)
                  00002de2    00000086                                   : fd_cmp_t2.asm.obj (.text:__aeabi_cdrcmple)
                  00002e68    0000007a                                   : memset_t2.asm.obj (.text)
                  00002ee2    0000006e                                   : _printfi.c.obj (.text:_mcpy)
                  00002f50    00000068                                   : copy_decompress_lzss.c.obj (.text:decompress:lzss:__TI_decompress_lzss)
                  00002fb8    00000064                                   : s_frexp.c.obj (.text:frexp)
                  0000301c    00000056                                   : _printfi.c.obj (.text:_pconv_f)
                  00003072    00000054                                   : ltoa.c.obj (.text:ltoa)
                  000030c6    00000052                                   : _printfi.c.obj (.text:_ecpy)
                  00003118    0000004c                                   : atoi.c.obj (.text:atoi)
                  00003164    00000048                                   : fd_toi_t2.asm.obj (.text)
                  000031ac    00000044                                   : autoinit.c.obj (.text:__TI_auto_init_nobinit_nopinit:__TI_auto_init_nobinit_nopinit)
                  000031f0    00000040                                   : vsnprintf.c.obj (.text:vsnprintf)
                  00003230    0000003e                                   : _printfi.c.obj (.text:_fcpy)
                  0000326e    00000002     --HOLE-- [fill = 0]
                  00003270    00000038                                   : boot_cortex_m.c.obj (.text:_c_int00_noargs:_c_int00_noargs)
                  000032a8    00000034     driverlib.lib : interrupt.obj (.text:IntRegister)
                  000032dc    00000030     rtsv7M4_T_le_v4SPD16_eabi.lib : vsnprintf.c.obj (.text:_outs)
                  0000330c    0000002e                                   : i_tofd_t2.asm.obj (.text)
                  0000333a    00000024     main.obj (.text)
                  0000335e    0000001c     rtsv7M4_T_le_v4SPD16_eabi.lib : memccpy.c.obj (.text:memccpy)
                  0000337a    00000018                                   : vsnprintf.c.obj (.text:_outc)
                  00003392    00000018                                   : strcmp.c.obj (.text:strcmp)
                  000033aa    00000016                                   : strchr.c.obj (.text:strchr)
                  000033c0    00000014                                   : s_copysign.c.obj (.text:copysign)
                  000033d4    00000014                                   : strcpy.c.obj (.text:strcpy)
                  000033e8    00000014                                   : strlen.c.obj (.text:strlen)
                  000033fc    00000012                                   : copy_zero_init.c.obj (.text:decompress:ZI:__TI_zero_init_nomemset:__TI_zero_init_nomemset)
                  0000340e    00000012                                   : wcslen.c.obj (.text:wcslen)
                  00003420    00000010     driverlib.lib : interrupt.obj (.text:IntMasterEnable)
                  00003430    00000010     lcd.obj (.text:lcd_clear)
                  00003440    0000000e     rtsv7M4_T_le_v4SPD16_eabi.lib : copy_decompress_none.c.obj (.text:decompress:none:__TI_decompress_none)
                  0000344e    0000000c     driverlib.lib : cpu.obj (.text:CPUcpsie)
                  0000345a    0000000c     tm4c123gh6pm_startup_ccs.obj (.text)
                  00003466    00000002     --HOLE-- [fill = 0]
                  00003468    00000008     rtsv7M4_T_le_v4SPD16_eabi.lib : errno.c.obj (.text:__aeabi_errno_addr)
                  00003470    00000004                                   : pre_init.c.obj (.text:_system_pre_init)
                  00003474    00000004                                   : exit.c.obj (.text:abort:abort)

.const     0    00003478    0000013c     
                  00003478    00000101     rtsv7M4_T_le_v4SPD16_eabi.lib : ctype.c.obj (.const:.string:_ctypes_)
                  00003579    00000004     lcd.obj (.const:.string:lineAddress$1)
                  0000357d    00000003     --HOLE-- [fill = 0]
                  00003580    00000030     rtsv7M4_T_le_v4SPD16_eabi.lib : e_pow.c.obj (.const:$O1$$)
                  000035b0    00000004     lcd.obj (.const:.string:lineAddresses$2)

.cinit     0    000035b8    00000040     
                  000035b8    0000000c     (__TI_handler_table)
                  000035c4    00000004     --HOLE-- [fill = 0]
                  000035c8    00000008     (.cinit..bss.load) [load image, compression = zero_init]
                  000035d0    00000008     (.cinit..data.load) [load image, compression = lzss]
                  000035d8    00000008     (.cinit..vtable.load) [load image, compression = zero_init]
                  000035e0    00000018     (__TI_cinit_table)

.init_array 
*          0    00000000    00000000     UNINITIALIZED

.vtable    0    20000000    0000026c     UNINITIALIZED
                  20000000    0000026c     driverlib.lib : interrupt.obj (.vtable)

.bss       0    20001270    00000054     UNINITIALIZED
                  20001270    00000054     lcd.obj (.bss:lastbuffer$3)

.data      0    200012c4    00000018     UNINITIALIZED
                  200012c4    00000014     ping.obj (.data)
                  200012d8    00000004     rtsv7M4_T_le_v4SPD16_eabi.lib : errno.c.obj (.data)

.stack     0    20000270    00001000     UNINITIALIZED
                  20000270    00000004     rtsv7M4_T_le_v4SPD16_eabi.lib : boot_cortex_m.c.obj (.stack)
                  20000274    00000ffc     --HOLE--

MODULE SUMMARY

       Module                         code    ro data   rw data
       ------                         ----    -------   -------
    .\
       lcd.obj                        944     8         84     
       ping.obj                       772     0         20     
       tm4c123gh6pm_startup_ccs.obj   12      620       0      
       timer.obj                      344     0         0      
       main.obj                       36      0         0      
    +--+------------------------------+-------+---------+---------+
       Total:                         2108    628       104    
                                                               
    C:/ti/TivaWare_C_Series-2.1.4.178/driverlib/ccs/Debug/driverlib.lib
       interrupt.obj                  68      0         620    
       cpu.obj                        12      0         0      
    +--+------------------------------+-------+---------+---------+
       Total:                         80      0         620    
                                                               
    C:\ti\ccsv8\tools\compiler\ti-cgt-arm_18.1.2.LTS\lib\rtsv7M4_T_le_v4SPD16_eabi.lib
       _printfi.c.obj                 4863    0         0      
       e_pow.c.obj                    2496    48        0      
       fd_add_t2.asm.obj              438     0         0      
       e_sqrt.c.obj                   344     0         0      
       fd_div_t2.asm.obj              310     0         0      
       s_scalbn.c.obj                 272     0         0      
       fd_cmp_t2.asm.obj              268     0         0      
       ctype.c.obj                    0       257       0      
       fd_mul_t2.asm.obj              252     0         0      
       memcpy_t2.asm.obj              156     0         0      
       ull_div_t2.asm.obj             150     0         0      
       vsnprintf.c.obj                136     0         0      
       memset_t2.asm.obj              122     0         0      
       copy_decompress_lzss.c.obj     104     0         0      
       s_frexp.c.obj                  100     0         0      
       ltoa.c.obj                     84      0         0      
       atoi.c.obj                     76      0         0      
       fd_toi_t2.asm.obj              72      0         0      
       autoinit.c.obj                 68      0         0      
       boot_cortex_m.c.obj            56      0         0      
       i_tofd_t2.asm.obj              46      0         0      
       memccpy.c.obj                  28      0         0      
       strcmp.c.obj                   24      0         0      
       strchr.c.obj                   22      0         0      
       s_copysign.c.obj               20      0         0      
       strcpy.c.obj                   20      0         0      
       strlen.c.obj                   20      0         0      
       copy_zero_init.c.obj           18      0         0      
       wcslen.c.obj                   18      0         0      
       copy_decompress_none.c.obj     14      0         0      
       errno.c.obj                    8       0         4      
       exit.c.obj                     4       0         0      
       pre_init.c.obj                 4       0         0      
       div0.asm.obj                   2       0         0      
    +--+------------------------------+-------+---------+---------+
       Total:                         10615   305       4      
                                                               
       Stack:                         0       0         4096   
       Linker Generated:              0       60        0      
    +--+------------------------------+-------+---------+---------+
       Grand Total:                   12803   993       4824   


LINKER GENERATED COPY TABLES

__TI_cinit_table @ 000035e0 records: 3, size/record: 8, table size: 24
	.bss: load addr=000035c8, load size=00000008 bytes, run addr=20001270, run size=00000054 bytes, compression=zero_init
	.data: load addr=000035d0, load size=00000008 bytes, run addr=200012c4, run size=00000018 bytes, compression=lzss
	.vtable: load addr=000035d8, load size=00000008 bytes, run addr=20000000, run size=0000026c bytes, compression=zero_init


LINKER GENERATED HANDLER TABLE

__TI_handler_table @ 000035b8 records: 3, size/record: 4, table size: 12
	index: 0, handler: __TI_zero_init
	index: 1, handler: __TI_decompress_lzss
	index: 2, handler: __TI_decompress_none


GLOBAL SYMBOLS: SORTED ALPHABETICALLY BY Name 

address   name                          
-------   ----                          
00003475  C$$EXIT                       
0000344f  CPUcpsie                      
00003421  IntMasterEnable               
000032a9  IntRegister                   
0000345b  ResetISR                      
00001ad7  TIMER3B_Handler               
20001270  __STACK_END                   
00001000  __STACK_SIZE                  
20000470  __STACK_TOP                   
000035e0  __TI_CINIT_Base               
000035f8  __TI_CINIT_Limit              
000035b8  __TI_Handler_Table_Base       
000035c4  __TI_Handler_Table_Limit      
000031ad  __TI_auto_init_nobinit_nopinit
00002f51  __TI_decompress_lzss          
00003441  __TI_decompress_none          
ffffffff  __TI_pprof_out_hndl           
0000026d  __TI_printfi                  
ffffffff  __TI_prof_data_size           
ffffffff  __TI_prof_data_start          
00000000  __TI_static_base__            
000033fd  __TI_zero_init_nomemset       
00002d5d  __aeabi_cdcmpeq               
00002d5d  __aeabi_cdcmple               
00002de3  __aeabi_cdrcmple              
00003165  __aeabi_d2iz                  
0000217b  __aeabi_dadd                  
00002715  __aeabi_ddiv                  
00002a7d  __aeabi_dmul                  
00002171  __aeabi_dsub                  
00003469  __aeabi_errno_addr            
0000330d  __aeabi_i2d                   
00000ccb  __aeabi_idiv0                 
00000ccb  __aeabi_ldiv0                 
00002e69  __aeabi_memclr                
00002e69  __aeabi_memclr4               
00002e69  __aeabi_memclr8               
00002c2b  __aeabi_memcpy                
00002c2b  __aeabi_memcpy4               
00002c2b  __aeabi_memcpy8               
00002e6b  __aeabi_memset                
00002e6b  __aeabi_memset4               
00002e6b  __aeabi_memset8               
00002cc7  __aeabi_uldivmod              
ffffffff  __binit__                     
ffffffff  __c_args__                    
UNDEFED   __mpu_init                    
20000270  __stack                       
00003271  _c_int00_noargs               
00003478  _ctypes_                      
UNDEFED   _system_post_cinit            
00003471  _system_pre_init              
00003475  abort                         
00003119  atoi                          
ffffffff  binit                         
000033c1  copysign                      
000033c1  copysignl                     
200012c8  edge_state                    
200012d8  errno                         
00002fb9  frexp                         
00002fb9  frexpl                        
200012c4  function_state                
20000000  g_pfnRAMVectors               
00000000  g_pfnVectors                  
00003431  lcd_clear                     
00001825  lcd_gotoLine                  
0000168d  lcd_init                      
0000188b  lcd_printf                    
0000174d  lcd_putc                      
00001785  lcd_puts                      
00001969  lcd_rotatingBanner            
000017a3  lcd_sendCommand               
000017e1  lcd_sendNibble                
0000184d  lcd_setCursorPos              
0000296d  ldexp                         
0000296d  ldexpl                        
00003073  ltoa                          
0000333b  main                          
0000335f  memccpy                       
00002c2b  memcpy                        
00002e71  memset                        
200012d4  overflow_count                
00001a2d  ping_init                     
00001b0f  ping_read                     
00001c43  ping_send                     
00000ccd  pow                           
00000ccd  powl                          
0000296d  scalbn                        
0000296d  scalbnl                       
00002329  sqrt                          
00002329  sqrtl                         
000033ab  strchr                        
00003393  strcmp                        
000033d5  strcpy                        
000033e9  strlen                        
00001bed  switch_function               
200012cc  time_first                    
200012d0  time_last                     
00002591  timer_getClock                
00002545  timer_startClock              
000024df  timer_startTimer              
00002597  timer_stopClock               
0000252f  timer_stopTimer               
000024b5  timer_waitMicros              
00002481  timer_waitMillis              
000031f1  vsnprintf                     
0000340f  wcslen                        


GLOBAL SYMBOLS: SORTED BY Symbol Address 

address   name                          
-------   ----                          
00000000  __TI_static_base__            
00000000  g_pfnVectors                  
0000026d  __TI_printfi                  
00000ccb  __aeabi_idiv0                 
00000ccb  __aeabi_ldiv0                 
00000ccd  pow                           
00000ccd  powl                          
00001000  __STACK_SIZE                  
0000168d  lcd_init                      
0000174d  lcd_putc                      
00001785  lcd_puts                      
000017a3  lcd_sendCommand               
000017e1  lcd_sendNibble                
00001825  lcd_gotoLine                  
0000184d  lcd_setCursorPos              
0000188b  lcd_printf                    
00001969  lcd_rotatingBanner            
00001a2d  ping_init                     
00001ad7  TIMER3B_Handler               
00001b0f  ping_read                     
00001bed  switch_function               
00001c43  ping_send                     
00002171  __aeabi_dsub                  
0000217b  __aeabi_dadd                  
00002329  sqrt                          
00002329  sqrtl                         
00002481  timer_waitMillis              
000024b5  timer_waitMicros              
000024df  timer_startTimer              
0000252f  timer_stopTimer               
00002545  timer_startClock              
00002591  timer_getClock                
00002597  timer_stopClock               
00002715  __aeabi_ddiv                  
0000296d  ldexp                         
0000296d  ldexpl                        
0000296d  scalbn                        
0000296d  scalbnl                       
00002a7d  __aeabi_dmul                  
00002c2b  __aeabi_memcpy                
00002c2b  __aeabi_memcpy4               
00002c2b  __aeabi_memcpy8               
00002c2b  memcpy                        
00002cc7  __aeabi_uldivmod              
00002d5d  __aeabi_cdcmpeq               
00002d5d  __aeabi_cdcmple               
00002de3  __aeabi_cdrcmple              
00002e69  __aeabi_memclr                
00002e69  __aeabi_memclr4               
00002e69  __aeabi_memclr8               
00002e6b  __aeabi_memset                
00002e6b  __aeabi_memset4               
00002e6b  __aeabi_memset8               
00002e71  memset                        
00002f51  __TI_decompress_lzss          
00002fb9  frexp                         
00002fb9  frexpl                        
00003073  ltoa                          
00003119  atoi                          
00003165  __aeabi_d2iz                  
000031ad  __TI_auto_init_nobinit_nopinit
000031f1  vsnprintf                     
00003271  _c_int00_noargs               
000032a9  IntRegister                   
0000330d  __aeabi_i2d                   
0000333b  main                          
0000335f  memccpy                       
00003393  strcmp                        
000033ab  strchr                        
000033c1  copysign                      
000033c1  copysignl                     
000033d5  strcpy                        
000033e9  strlen                        
000033fd  __TI_zero_init_nomemset       
0000340f  wcslen                        
00003421  IntMasterEnable               
00003431  lcd_clear                     
00003441  __TI_decompress_none          
0000344f  CPUcpsie                      
0000345b  ResetISR                      
00003469  __aeabi_errno_addr            
00003471  _system_pre_init              
00003475  C$$EXIT                       
00003475  abort                         
00003478  _ctypes_                      
000035b8  __TI_Handler_Table_Base       
000035c4  __TI_Handler_Table_Limit      
000035e0  __TI_CINIT_Base               
000035f8  __TI_CINIT_Limit              
20000000  g_pfnRAMVectors               
20000270  __stack                       
20000470  __STACK_TOP                   
20001270  __STACK_END                   
200012c4  function_state                
200012c8  edge_state                    
200012cc  time_first                    
200012d0  time_last                     
200012d4  overflow_count                
200012d8  errno                         
ffffffff  __TI_pprof_out_hndl           
ffffffff  __TI_prof_data_size           
ffffffff  __TI_prof_data_start          
ffffffff  __binit__                     
ffffffff  __c_args__                    
ffffffff  binit                         
UNDEFED   __mpu_init                    
UNDEFED   _system_post_cinit            

[107 symbols]
