******************************************************************************
                  TI ARM Linker PC v18.1.2                     
******************************************************************************
>> Linked Mon Mar 25 23:09:30 2019

OUTPUT FILE NAME:   <Lab7.out>
ENTRY POINT SYMBOL: "_c_int00_noargs"  address: 00002601


MEMORY CONFIGURATION

         name            origin    length      used     unused   attr    fill
----------------------  --------  ---------  --------  --------  ----  --------
  FLASH                 00000000   00040000  00002949  0003d6b7  R  X
  SRAM                  20000000   00008000  000012d0  00006d30  RW X


SEGMENT ALLOCATION MAP

run origin  load origin   length   init length attrs members
----------  ----------- ---------- ----------- ----- -------
00000000    00000000    00002950   00002950    r-x
  00000000    00000000    0000026c   0000026c    r-- .intvecs
  0000026c    0000026c    00002594   00002594    r-x .text
  00002800    00002800    00000109   00000109    r-- .const
  00002910    00002910    00000040   00000040    r-- .cinit
20000000    20000000    000012d4   00000000    rw-
  20000000    20000000    0000026c   00000000    rw- .vtable
  20000270    20000270    00001000   00000000    rw- .stack
  20001270    20001270    00000054   00000000    rw- .bss
  200012c4    200012c4    00000010   00000000    rw- .data


SECTION ALLOCATION MAP

 output                                  attributes/
section   page    origin      length       input sections
--------  ----  ----------  ----------   ----------------
.intvecs   0    00000000    0000026c     
                  00000000    0000026c     tm4c123gh6pm_startup_ccs.obj (.intvecs)

.text      0    0000026c    00002594     
                  0000026c    00000a5e     rtsv7M4_T_le_v4SPD16_eabi.lib : _printfi.c.obj (.text:__TI_printfi)
                  00000cca    00000002                                   : div0.asm.obj (.text)
                  00000ccc    000003a0     lcd.obj (.text)
                  0000106c    00000270     rtsv7M4_T_le_v4SPD16_eabi.lib : _printfi.c.obj (.text:_pconv_a)
                  000012dc    000001d0                                   : _printfi.c.obj (.text:_pconv_g)
                  000014ac    000001b6                                   : fd_add_t2.asm.obj (.text)
                  00001662    00000002     --HOLE-- [fill = 0]
                  00001664    000001ac     ping.obj (.text)
                  00001810    00000158     timer.obj (.text)
                  00001968    0000013c     rtsv7M4_T_le_v4SPD16_eabi.lib : _printfi.c.obj (.text:_pconv_e)
                  00001aa4    00000136                                   : fd_div_t2.asm.obj (.text)
                  00001bda    00000002     --HOLE-- [fill = 0]
                  00001bdc    00000120                                   : _printfi.c.obj (.text:fcvt)
                  00001cfc    00000110                                   : s_scalbn.c.obj (.text:scalbn)
                  00001e0c    000000fc                                   : fd_mul_t2.asm.obj (.text)
                  00001f08    000000b1                                   : _printfi.c.obj (.text:_ltostr)
                  00001fb9    00000001     --HOLE-- [fill = 0]
                  00001fba    0000009c                                   : memcpy_t2.asm.obj (.text)
                  00002056    00000096                                   : ull_div_t2.asm.obj (.text)
                  000020ec    00000086                                   : fd_cmp_t2.asm.obj (.text:__aeabi_cdcmple)
                  00002172    00000086                                   : fd_cmp_t2.asm.obj (.text:__aeabi_cdrcmple)
                  000021f8    0000007a                                   : memset_t2.asm.obj (.text)
                  00002272    0000006e                                   : _printfi.c.obj (.text:_mcpy)
                  000022e0    00000068                                   : copy_decompress_lzss.c.obj (.text:decompress:lzss:__TI_decompress_lzss)
                  00002348    00000064                                   : s_frexp.c.obj (.text:frexp)
                  000023ac    00000056                                   : _printfi.c.obj (.text:_pconv_f)
                  00002402    00000054                                   : ltoa.c.obj (.text:ltoa)
                  00002456    00000052                                   : _printfi.c.obj (.text:_ecpy)
                  000024a8    0000004c                                   : atoi.c.obj (.text:atoi)
                  000024f4    00000048                                   : fd_toi_t2.asm.obj (.text)
                  0000253c    00000044                                   : autoinit.c.obj (.text:__TI_auto_init_nobinit_nopinit:__TI_auto_init_nobinit_nopinit)
                  00002580    00000040                                   : vsnprintf.c.obj (.text:vsnprintf)
                  000025c0    0000003e                                   : _printfi.c.obj (.text:_fcpy)
                  000025fe    00000002     --HOLE-- [fill = 0]
                  00002600    00000038                                   : boot_cortex_m.c.obj (.text:_c_int00_noargs:_c_int00_noargs)
                  00002638    00000034     driverlib.lib : interrupt.obj (.text:IntRegister)
                  0000266c    00000030     rtsv7M4_T_le_v4SPD16_eabi.lib : vsnprintf.c.obj (.text:_outs)
                  0000269c    0000002e                                   : i_tofd_t2.asm.obj (.text)
                  000026ca    0000001c     main.obj (.text)
                  000026e6    0000001c     rtsv7M4_T_le_v4SPD16_eabi.lib : memccpy.c.obj (.text:memccpy)
                  00002702    00000018                                   : vsnprintf.c.obj (.text:_outc)
                  0000271a    00000018                                   : strcmp.c.obj (.text:strcmp)
                  00002732    00000016                                   : strchr.c.obj (.text:strchr)
                  00002748    00000014                                   : s_copysign.c.obj (.text:copysign)
                  0000275c    00000014                                   : strcpy.c.obj (.text:strcpy)
                  00002770    00000014                                   : strlen.c.obj (.text:strlen)
                  00002784    00000012                                   : copy_zero_init.c.obj (.text:decompress:ZI:__TI_zero_init_nomemset:__TI_zero_init_nomemset)
                  00002796    00000012                                   : wcslen.c.obj (.text:wcslen)
                  000027a8    00000010     driverlib.lib : interrupt.obj (.text:IntMasterEnable)
                  000027b8    00000010     lcd.obj (.text:lcd_clear)
                  000027c8    0000000e     rtsv7M4_T_le_v4SPD16_eabi.lib : copy_decompress_none.c.obj (.text:decompress:none:__TI_decompress_none)
                  000027d6    0000000c     driverlib.lib : cpu.obj (.text:CPUcpsie)
                  000027e2    0000000c     tm4c123gh6pm_startup_ccs.obj (.text)
                  000027ee    00000002     --HOLE-- [fill = 0]
                  000027f0    00000008     rtsv7M4_T_le_v4SPD16_eabi.lib : errno.c.obj (.text:__aeabi_errno_addr)
                  000027f8    00000004                                   : pre_init.c.obj (.text:_system_pre_init)
                  000027fc    00000004                                   : exit.c.obj (.text:abort:abort)

.const     0    00002800    00000109     
                  00002800    00000101     rtsv7M4_T_le_v4SPD16_eabi.lib : ctype.c.obj (.const:.string:_ctypes_)
                  00002901    00000004     lcd.obj (.const:.string:lineAddress$1)
                  00002905    00000004     lcd.obj (.const:.string:lineAddresses$2)

.cinit     0    00002910    00000040     
                  00002910    0000000c     (__TI_handler_table)
                  0000291c    00000004     --HOLE-- [fill = 0]
                  00002920    00000008     (.cinit..bss.load) [load image, compression = zero_init]
                  00002928    00000008     (.cinit..vtable.load) [load image, compression = zero_init]
                  00002930    00000007     (.cinit..data.load) [load image, compression = lzss]
                  00002937    00000001     --HOLE-- [fill = 0]
                  00002938    00000018     (__TI_cinit_table)

.init_array 
*          0    00000000    00000000     UNINITIALIZED

.vtable    0    20000000    0000026c     UNINITIALIZED
                  20000000    0000026c     driverlib.lib : interrupt.obj (.vtable)

.bss       0    20001270    00000054     UNINITIALIZED
                  20001270    00000054     lcd.obj (.bss:lastbuffer$3)

.data      0    200012c4    00000010     UNINITIALIZED
                  200012c4    0000000c     main.obj (.data)
                  200012d0    00000004     rtsv7M4_T_le_v4SPD16_eabi.lib : errno.c.obj (.data)

.stack     0    20000270    00001000     UNINITIALIZED
                  20000270    00000004     rtsv7M4_T_le_v4SPD16_eabi.lib : boot_cortex_m.c.obj (.stack)
                  20000274    00000ffc     --HOLE--

MODULE SUMMARY

       Module                         code   ro data   rw data
       ------                         ----   -------   -------
    .\
       lcd.obj                        944    8         84     
       tm4c123gh6pm_startup_ccs.obj   12     620       0      
       ping.obj                       428    0         0      
       timer.obj                      344    0         0      
       main.obj                       28     0         12     
    +--+------------------------------+------+---------+---------+
       Total:                         1756   628       96     
                                                              
    C:/ti/TivaWare_C_Series-2.1.4.178/driverlib/ccs/Debug/driverlib.lib
       interrupt.obj                  68     0         620    
       cpu.obj                        12     0         0      
    +--+------------------------------+------+---------+---------+
       Total:                         80     0         620    
                                                              
    C:\ti\ccsv8\tools\compiler\ti-cgt-arm_18.1.2.LTS\lib\rtsv7M4_T_le_v4SPD16_eabi.lib
       _printfi.c.obj                 4863   0         0      
       fd_add_t2.asm.obj              438    0         0      
       fd_div_t2.asm.obj              310    0         0      
       s_scalbn.c.obj                 272    0         0      
       fd_cmp_t2.asm.obj              268    0         0      
       ctype.c.obj                    0      257       0      
       fd_mul_t2.asm.obj              252    0         0      
       memcpy_t2.asm.obj              156    0         0      
       ull_div_t2.asm.obj             150    0         0      
       vsnprintf.c.obj                136    0         0      
       memset_t2.asm.obj              122    0         0      
       copy_decompress_lzss.c.obj     104    0         0      
       s_frexp.c.obj                  100    0         0      
       ltoa.c.obj                     84     0         0      
       atoi.c.obj                     76     0         0      
       fd_toi_t2.asm.obj              72     0         0      
       autoinit.c.obj                 68     0         0      
       boot_cortex_m.c.obj            56     0         0      
       i_tofd_t2.asm.obj              46     0         0      
       memccpy.c.obj                  28     0         0      
       strcmp.c.obj                   24     0         0      
       strchr.c.obj                   22     0         0      
       s_copysign.c.obj               20     0         0      
       strcpy.c.obj                   20     0         0      
       strlen.c.obj                   20     0         0      
       copy_zero_init.c.obj           18     0         0      
       wcslen.c.obj                   18     0         0      
       copy_decompress_none.c.obj     14     0         0      
       errno.c.obj                    8      0         4      
       exit.c.obj                     4      0         0      
       pre_init.c.obj                 4      0         0      
       div0.asm.obj                   2      0         0      
    +--+------------------------------+------+---------+---------+
       Total:                         7775   257       4      
                                                              
       Stack:                         0      0         4096   
       Linker Generated:              0      59        0      
    +--+------------------------------+------+---------+---------+
       Grand Total:                   9611   944       4816   


LINKER GENERATED COPY TABLES

__TI_cinit_table @ 00002938 records: 3, size/record: 8, table size: 24
	.bss: load addr=00002920, load size=00000008 bytes, run addr=20001270, run size=00000054 bytes, compression=zero_init
	.vtable: load addr=00002928, load size=00000008 bytes, run addr=20000000, run size=0000026c bytes, compression=zero_init
	.data: load addr=00002930, load size=00000007 bytes, run addr=200012c4, run size=00000010 bytes, compression=lzss


LINKER GENERATED HANDLER TABLE

__TI_handler_table @ 00002910 records: 3, size/record: 4, table size: 12
	index: 0, handler: __TI_zero_init
	index: 1, handler: __TI_decompress_lzss
	index: 2, handler: __TI_decompress_none


GLOBAL SYMBOLS: SORTED ALPHABETICALLY BY Name 

address   name                          
-------   ----                          
000027fd  C$$EXIT                       
000027d7  CPUcpsie                      
000027a9  IntMasterEnable               
00002639  IntRegister                   
000027e3  ResetISR                      
000016f9  TIMER3B_Handler               
20001270  __STACK_END                   
00001000  __STACK_SIZE                  
20000470  __STACK_TOP                   
00002938  __TI_CINIT_Base               
00002950  __TI_CINIT_Limit              
00002910  __TI_Handler_Table_Base       
0000291c  __TI_Handler_Table_Limit      
0000253d  __TI_auto_init_nobinit_nopinit
000022e1  __TI_decompress_lzss          
000027c9  __TI_decompress_none          
ffffffff  __TI_pprof_out_hndl           
0000026d  __TI_printfi                  
ffffffff  __TI_prof_data_size           
ffffffff  __TI_prof_data_start          
00000000  __TI_static_base__            
00002785  __TI_zero_init_nomemset       
000020ed  __aeabi_cdcmpeq               
000020ed  __aeabi_cdcmple               
00002173  __aeabi_cdrcmple              
000024f5  __aeabi_d2iz                  
000014b7  __aeabi_dadd                  
00001aa5  __aeabi_ddiv                  
00001e0d  __aeabi_dmul                  
000014ad  __aeabi_dsub                  
000027f1  __aeabi_errno_addr            
0000269d  __aeabi_i2d                   
00000ccb  __aeabi_idiv0                 
00000ccb  __aeabi_ldiv0                 
000021f9  __aeabi_memclr                
000021f9  __aeabi_memclr4               
000021f9  __aeabi_memclr8               
00001fbb  __aeabi_memcpy                
00001fbb  __aeabi_memcpy4               
00001fbb  __aeabi_memcpy8               
000021fb  __aeabi_memset                
000021fb  __aeabi_memset4               
000021fb  __aeabi_memset8               
00002057  __aeabi_uldivmod              
ffffffff  __binit__                     
ffffffff  __c_args__                    
UNDEFED   __mpu_init                    
20000270  __stack                       
00002601  _c_int00_noargs               
00002800  _ctypes_                      
UNDEFED   _system_post_cinit            
000027f9  _system_pre_init              
000027fd  abort                         
000024a9  atoi                          
ffffffff  binit                         
00002749  copysign                      
00002749  copysignl                     
200012d0  errno                         
00002349  frexp                         
00002349  frexpl                        
20000000  g_pfnRAMVectors               
00000000  g_pfnVectors                  
000027b9  lcd_clear                     
00000e65  lcd_gotoLine                  
00000ccd  lcd_init                      
00000ecb  lcd_printf                    
00000d8d  lcd_putc                      
00000dc5  lcd_puts                      
00000fa9  lcd_rotatingBanner            
00000de3  lcd_sendCommand               
00000e21  lcd_sendNibble                
00000e8d  lcd_setCursorPos              
00001cfd  ldexp                         
00001cfd  ldexpl                        
00002403  ltoa                          
000026cb  main                          
000026e7  memccpy                       
00001fbb  memcpy                        
00002201  memset                        
00001665  ping_init                     
00001727  ping_read                     
00001795  ping_send                     
00001cfd  scalbn                        
00001cfd  scalbnl                       
200012c4  state                         
00002733  strchr                        
0000271b  strcmp                        
0000275d  strcpy                        
00002771  strlen                        
0000173f  switch_function               
200012c8  time_first                    
200012cc  time_last                     
00001921  timer_getClock                
000018d5  timer_startClock              
0000186f  timer_startTimer              
00001927  timer_stopClock               
000018bf  timer_stopTimer               
00001845  timer_waitMicros              
00001811  timer_waitMillis              
00002581  vsnprintf                     
00002797  wcslen                        


GLOBAL SYMBOLS: SORTED BY Symbol Address 

address   name                          
-------   ----                          
00000000  __TI_static_base__            
00000000  g_pfnVectors                  
0000026d  __TI_printfi                  
00000ccb  __aeabi_idiv0                 
00000ccb  __aeabi_ldiv0                 
00000ccd  lcd_init                      
00000d8d  lcd_putc                      
00000dc5  lcd_puts                      
00000de3  lcd_sendCommand               
00000e21  lcd_sendNibble                
00000e65  lcd_gotoLine                  
00000e8d  lcd_setCursorPos              
00000ecb  lcd_printf                    
00000fa9  lcd_rotatingBanner            
00001000  __STACK_SIZE                  
000014ad  __aeabi_dsub                  
000014b7  __aeabi_dadd                  
00001665  ping_init                     
000016f9  TIMER3B_Handler               
00001727  ping_read                     
0000173f  switch_function               
00001795  ping_send                     
00001811  timer_waitMillis              
00001845  timer_waitMicros              
0000186f  timer_startTimer              
000018bf  timer_stopTimer               
000018d5  timer_startClock              
00001921  timer_getClock                
00001927  timer_stopClock               
00001aa5  __aeabi_ddiv                  
00001cfd  ldexp                         
00001cfd  ldexpl                        
00001cfd  scalbn                        
00001cfd  scalbnl                       
00001e0d  __aeabi_dmul                  
00001fbb  __aeabi_memcpy                
00001fbb  __aeabi_memcpy4               
00001fbb  __aeabi_memcpy8               
00001fbb  memcpy                        
00002057  __aeabi_uldivmod              
000020ed  __aeabi_cdcmpeq               
000020ed  __aeabi_cdcmple               
00002173  __aeabi_cdrcmple              
000021f9  __aeabi_memclr                
000021f9  __aeabi_memclr4               
000021f9  __aeabi_memclr8               
000021fb  __aeabi_memset                
000021fb  __aeabi_memset4               
000021fb  __aeabi_memset8               
00002201  memset                        
000022e1  __TI_decompress_lzss          
00002349  frexp                         
00002349  frexpl                        
00002403  ltoa                          
000024a9  atoi                          
000024f5  __aeabi_d2iz                  
0000253d  __TI_auto_init_nobinit_nopinit
00002581  vsnprintf                     
00002601  _c_int00_noargs               
00002639  IntRegister                   
0000269d  __aeabi_i2d                   
000026cb  main                          
000026e7  memccpy                       
0000271b  strcmp                        
00002733  strchr                        
00002749  copysign                      
00002749  copysignl                     
0000275d  strcpy                        
00002771  strlen                        
00002785  __TI_zero_init_nomemset       
00002797  wcslen                        
000027a9  IntMasterEnable               
000027b9  lcd_clear                     
000027c9  __TI_decompress_none          
000027d7  CPUcpsie                      
000027e3  ResetISR                      
000027f1  __aeabi_errno_addr            
000027f9  _system_pre_init              
000027fd  C$$EXIT                       
000027fd  abort                         
00002800  _ctypes_                      
00002910  __TI_Handler_Table_Base       
0000291c  __TI_Handler_Table_Limit      
00002938  __TI_CINIT_Base               
00002950  __TI_CINIT_Limit              
20000000  g_pfnRAMVectors               
20000270  __stack                       
20000470  __STACK_TOP                   
20001270  __STACK_END                   
200012c4  state                         
200012c8  time_first                    
200012cc  time_last                     
200012d0  errno                         
ffffffff  __TI_pprof_out_hndl           
ffffffff  __TI_prof_data_size           
ffffffff  __TI_prof_data_start          
ffffffff  __binit__                     
ffffffff  __c_args__                    
ffffffff  binit                         
UNDEFED   __mpu_init                    
UNDEFED   _system_post_cinit            

[101 symbols]
