******************************************************************************
                  TI ARM Linker PC v18.1.2                     
******************************************************************************
>> Linked Wed Apr 24 05:39:45 2019

OUTPUT FILE NAME:   <Lab6.out>
ENTRY POINT SYMBOL: "_c_int00_noargs"  address: 00003301


MEMORY CONFIGURATION

         name            origin    length      used     unused   attr    fill
----------------------  --------  ---------  --------  --------  ----  --------
  FLASH                 00000000   00040000  000036a0  0003c960  R  X
  SRAM                  20000000   00008000  000022c4  00005d3c  RW X


SEGMENT ALLOCATION MAP

run origin  load origin   length   init length attrs members
----------  ----------- ---------- ----------- ----- -------
00000000    00000000    000036a8   000036a8    r-x
  00000000    00000000    0000026c   0000026c    r-- .intvecs
  0000026c    0000026c    000032b8   000032b8    r-x .text
  00003528    00003528    0000013c   0000013c    r-- .const
  00003668    00003668    00000040   00000040    r-- .cinit
20000000    20000000    000022c4   00000000    rw-
  20000000    20000000    0000026c   00000000    rw- .vtable
  2000026c    2000026c    00000004   00000000    rw- .data
  20000270    20000270    00001000   00000000    rw- .stack
  20001270    20001270    00001000   00000000    rw- .sysmem
  20002270    20002270    00000054   00000000    rw- .bss


SECTION ALLOCATION MAP

 output                                  attributes/
section   page    origin      length       input sections
--------  ----  ----------  ----------   ----------------
.intvecs   0    00000000    0000026c     
                  00000000    0000026c     tm4c123gh6pm_startup_ccs.obj (.intvecs)

.text      0    0000026c    000032b8     
                  0000026c    00000a5e     rtsv7M4_T_le_v4SPD16_eabi.lib : _printfi.c.obj (.text:__TI_printfi)
                  00000cca    00000002                                   : div0.asm.obj (.text)
                  00000ccc    000009c0                                   : e_pow.c.obj (.text:pow)
                  0000168c    000003a0     lcd.obj (.text)
                  00001a2c    00000270     rtsv7M4_T_le_v4SPD16_eabi.lib : _printfi.c.obj (.text:_pconv_a)
                  00001c9c    000001d0                                   : _printfi.c.obj (.text:_pconv_g)
                  00001e6c    000001b6                                   : fd_add_t2.asm.obj (.text)
                  00002022    00000002     --HOLE-- [fill = 0]
                  00002024    00000174     uart.obj (.text)
                  00002198    00000158     rtsv7M4_T_le_v4SPD16_eabi.lib : e_sqrt.c.obj (.text:sqrt)
                  000022f0    00000158     timer.obj (.text)
                  00002448    0000013c     rtsv7M4_T_le_v4SPD16_eabi.lib : _printfi.c.obj (.text:_pconv_e)
                  00002584    00000136                                   : fd_div_t2.asm.obj (.text)
                  000026ba    00000002     --HOLE-- [fill = 0]
                  000026bc    00000120                                   : _printfi.c.obj (.text:fcvt)
                  000027dc    00000110                                   : s_scalbn.c.obj (.text:scalbn)
                  000028ec    000000fc                                   : fd_mul_t2.asm.obj (.text)
                  000029e8    000000f4     main.obj (.text)
                  00002adc    000000ec     adc.obj (.text)
                  00002bc8    000000b1     rtsv7M4_T_le_v4SPD16_eabi.lib : _printfi.c.obj (.text:_ltostr)
                  00002c79    00000001     --HOLE-- [fill = 0]
                  00002c7a    0000009c                                   : memcpy_t2.asm.obj (.text)
                  00002d16    00000096                                   : ull_div_t2.asm.obj (.text)
                  00002dac    00000086                                   : fd_cmp_t2.asm.obj (.text:__aeabi_cdcmple)
                  00002e32    00000086                                   : fd_cmp_t2.asm.obj (.text:__aeabi_cdrcmple)
                  00002eb8    0000007a                                   : memset_t2.asm.obj (.text)
                  00002f32    0000006e                                   : _printfi.c.obj (.text:_mcpy)
                  00002fa0    00000068                                   : copy_decompress_lzss.c.obj (.text:decompress:lzss:__TI_decompress_lzss)
                  00003008    00000064                                   : s_frexp.c.obj (.text:frexp)
                  0000306c    00000056                                   : _printfi.c.obj (.text:_pconv_f)
                  000030c2    00000054                                   : ltoa.c.obj (.text:ltoa)
                  00003116    00000052                                   : _printfi.c.obj (.text:_ecpy)
                  00003168    0000004c                                   : atoi.c.obj (.text:atoi)
                  000031b4    00000048                                   : fd_toi_t2.asm.obj (.text)
                  000031fc    00000044                                   : autoinit.c.obj (.text:__TI_auto_init_nobinit_nopinit:__TI_auto_init_nobinit_nopinit)
                  00003240    00000040                                   : sprintf.c.obj (.text:sprintf)
                  00003280    00000040                                   : vsnprintf.c.obj (.text:vsnprintf)
                  000032c0    0000003e                                   : _printfi.c.obj (.text:_fcpy)
                  000032fe    00000002     --HOLE-- [fill = 0]
                  00003300    00000038                                   : boot_cortex_m.c.obj (.text:_c_int00_noargs:_c_int00_noargs)
                  00003338    00000034     driverlib.lib : interrupt.obj (.text:IntRegister)
                  0000336c    00000030     rtsv7M4_T_le_v4SPD16_eabi.lib : vsnprintf.c.obj (.text:_outs)
                  0000339c    0000002e                                   : i_tofd_t2.asm.obj (.text)
                  000033ca    00000020                                   : u_tofd_t2.asm.obj (.text)
                  000033ea    0000001c                                   : memccpy.c.obj (.text:memccpy)
                  00003406    00000018                                   : vsnprintf.c.obj (.text:_outc)
                  0000341e    00000018                                   : sprintf.c.obj (.text:_outs)
                  00003436    00000018                                   : strcmp.c.obj (.text:strcmp)
                  0000344e    00000016                                   : strchr.c.obj (.text:strchr)
                  00003464    00000014                                   : s_copysign.c.obj (.text:copysign)
                  00003478    00000014                                   : strcpy.c.obj (.text:strcpy)
                  0000348c    00000014                                   : strlen.c.obj (.text:strlen)
                  000034a0    00000012                                   : copy_zero_init.c.obj (.text:decompress:ZI:__TI_zero_init_nomemset:__TI_zero_init_nomemset)
                  000034b2    00000012                                   : wcslen.c.obj (.text:wcslen)
                  000034c4    00000010     driverlib.lib : interrupt.obj (.text:IntMasterEnable)
                  000034d4    00000010     lcd.obj (.text:lcd_clear)
                  000034e4    0000000e     rtsv7M4_T_le_v4SPD16_eabi.lib : copy_decompress_none.c.obj (.text:decompress:none:__TI_decompress_none)
                  000034f2    0000000c     driverlib.lib : cpu.obj (.text:CPUcpsie)
                  000034fe    0000000c     tm4c123gh6pm_startup_ccs.obj (.text)
                  0000350a    0000000a     rtsv7M4_T_le_v4SPD16_eabi.lib : sprintf.c.obj (.text:_outc)
                  00003514    00000008                                   : errno.c.obj (.text:__aeabi_errno_addr)
                  0000351c    00000004                                   : pre_init.c.obj (.text:_system_pre_init)
                  00003520    00000004                                   : exit.c.obj (.text:abort:abort)

.const     0    00003528    0000013c     
                  00003528    00000101     rtsv7M4_T_le_v4SPD16_eabi.lib : ctype.c.obj (.const:.string:_ctypes_)
                  00003629    00000004     lcd.obj (.const:.string:lineAddress$1)
                  0000362d    00000003     --HOLE-- [fill = 0]
                  00003630    00000030     rtsv7M4_T_le_v4SPD16_eabi.lib : e_pow.c.obj (.const:$O1$$)
                  00003660    00000004     lcd.obj (.const:.string:lineAddresses$2)

.cinit     0    00003668    00000040     
                  00003668    0000000c     (__TI_handler_table)
                  00003674    00000004     --HOLE-- [fill = 0]
                  00003678    00000008     (.cinit..bss.load) [load image, compression = zero_init]
                  00003680    00000008     (.cinit..vtable.load) [load image, compression = zero_init]
                  00003688    00000007     (.cinit..data.load) [load image, compression = lzss]
                  0000368f    00000001     --HOLE-- [fill = 0]
                  00003690    00000018     (__TI_cinit_table)

.init_array 
*          0    00000000    00000000     UNINITIALIZED

.vtable    0    20000000    0000026c     UNINITIALIZED
                  20000000    0000026c     driverlib.lib : interrupt.obj (.vtable)

.data      0    2000026c    00000004     UNINITIALIZED
                  2000026c    00000004     rtsv7M4_T_le_v4SPD16_eabi.lib : errno.c.obj (.data)

.stack     0    20000270    00001000     UNINITIALIZED
                  20000270    00000004     rtsv7M4_T_le_v4SPD16_eabi.lib : boot_cortex_m.c.obj (.stack)
                  20000274    00000ffc     --HOLE--

.sysmem    0    20001270    00001000     UNINITIALIZED
                  20001270    00000008     rtsv7M4_T_le_v4SPD16_eabi.lib : memory.c.obj (.sysmem)
                  20001278    00000ff8     --HOLE--

.bss       0    20002270    00000054     UNINITIALIZED
                  20002270    00000054     lcd.obj (.bss:lastbuffer$3)

MODULE SUMMARY

       Module                         code    ro data   rw data
       ------                         ----    -------   -------
    .\
       lcd.obj                        944     8         84     
       tm4c123gh6pm_startup_ccs.obj   12      620       0      
       uart.obj                       372     0         0      
       timer.obj                      344     0         0      
       main.obj                       244     0         0      
       adc.obj                        236     0         0      
    +--+------------------------------+-------+---------+---------+
       Total:                         2152    628       84     
                                                               
    C:/ti/TivaWare_C_Series-2.1.4.178/driverlib/ccs/Debug/driverlib.lib
       interrupt.obj                  68      0         620    
       cpu.obj                        12      0         0      
    +--+------------------------------+-------+---------+---------+
       Total:                         80      0         620    
                                                               
    C:\ti\ccsv8\tools\compiler\ti-cgt-arm_18.1.2.LTS\lib\rtsv7M4_T_le_v4SPD16_eabi.lib
       _printfi.c.obj                 4863    0         0      
       e_pow.c.obj                    2496    48        0      
       fd_add_t2.asm.obj              438     0         0      
       e_sqrt.c.obj                   344     0         0      
       fd_div_t2.asm.obj              310     0         0      
       s_scalbn.c.obj                 272     0         0      
       fd_cmp_t2.asm.obj              268     0         0      
       ctype.c.obj                    0       257       0      
       fd_mul_t2.asm.obj              252     0         0      
       memcpy_t2.asm.obj              156     0         0      
       ull_div_t2.asm.obj             150     0         0      
       vsnprintf.c.obj                136     0         0      
       memset_t2.asm.obj              122     0         0      
       copy_decompress_lzss.c.obj     104     0         0      
       s_frexp.c.obj                  100     0         0      
       sprintf.c.obj                  98      0         0      
       ltoa.c.obj                     84      0         0      
       atoi.c.obj                     76      0         0      
       fd_toi_t2.asm.obj              72      0         0      
       autoinit.c.obj                 68      0         0      
       boot_cortex_m.c.obj            56      0         0      
       i_tofd_t2.asm.obj              46      0         0      
       u_tofd_t2.asm.obj              32      0         0      
       memccpy.c.obj                  28      0         0      
       strcmp.c.obj                   24      0         0      
       strchr.c.obj                   22      0         0      
       s_copysign.c.obj               20      0         0      
       strcpy.c.obj                   20      0         0      
       strlen.c.obj                   20      0         0      
       copy_zero_init.c.obj           18      0         0      
       wcslen.c.obj                   18      0         0      
       copy_decompress_none.c.obj     14      0         0      
       errno.c.obj                    8       0         4      
       exit.c.obj                     4       0         0      
       pre_init.c.obj                 4       0         0      
       div0.asm.obj                   2       0         0      
    +--+------------------------------+-------+---------+---------+
       Total:                         10745   305       4      
                                                               
       Heap:                          0       0         4096   
       Stack:                         0       0         4096   
       Linker Generated:              0       59        0      
    +--+------------------------------+-------+---------+---------+
       Grand Total:                   12977   992       8900   


LINKER GENERATED COPY TABLES

__TI_cinit_table @ 00003690 records: 3, size/record: 8, table size: 24
	.bss: load addr=00003678, load size=00000008 bytes, run addr=20002270, run size=00000054 bytes, compression=zero_init
	.vtable: load addr=00003680, load size=00000008 bytes, run addr=20000000, run size=0000026c bytes, compression=zero_init
	.data: load addr=00003688, load size=00000007 bytes, run addr=2000026c, run size=00000004 bytes, compression=lzss


LINKER GENERATED HANDLER TABLE

__TI_handler_table @ 00003668 records: 3, size/record: 4, table size: 12
	index: 0, handler: __TI_zero_init
	index: 1, handler: __TI_decompress_lzss
	index: 2, handler: __TI_decompress_none


GLOBAL SYMBOLS: SORTED ALPHABETICALLY BY Name 

address   name                          
-------   ----                          
00003521  C$$EXIT                       
000034f3  CPUcpsie                      
000034c5  IntMasterEnable               
00003339  IntRegister                   
000034ff  ResetISR                      
000020e3  UART1_handler                 
20001270  __STACK_END                   
00001000  __STACK_SIZE                  
20000470  __STACK_TOP                   
00001000  __SYSMEM_SIZE                 
00003690  __TI_CINIT_Base               
000036a8  __TI_CINIT_Limit              
00003668  __TI_Handler_Table_Base       
00003674  __TI_Handler_Table_Limit      
000031fd  __TI_auto_init_nobinit_nopinit
00002fa1  __TI_decompress_lzss          
000034e5  __TI_decompress_none          
ffffffff  __TI_pprof_out_hndl           
0000026d  __TI_printfi                  
ffffffff  __TI_prof_data_size           
ffffffff  __TI_prof_data_start          
00000000  __TI_static_base__            
000034a1  __TI_zero_init_nomemset       
00002dad  __aeabi_cdcmpeq               
00002dad  __aeabi_cdcmple               
00002e33  __aeabi_cdrcmple              
000031b5  __aeabi_d2iz                  
00001e77  __aeabi_dadd                  
00002585  __aeabi_ddiv                  
000028ed  __aeabi_dmul                  
00001e6d  __aeabi_dsub                  
00003515  __aeabi_errno_addr            
0000339d  __aeabi_i2d                   
00000ccb  __aeabi_idiv0                 
00000ccb  __aeabi_ldiv0                 
00002eb9  __aeabi_memclr                
00002eb9  __aeabi_memclr4               
00002eb9  __aeabi_memclr8               
00002c7b  __aeabi_memcpy                
00002c7b  __aeabi_memcpy4               
00002c7b  __aeabi_memcpy8               
00002ebb  __aeabi_memset                
00002ebb  __aeabi_memset4               
00002ebb  __aeabi_memset8               
000033cb  __aeabi_ui2d                  
00002d17  __aeabi_uldivmod              
ffffffff  __binit__                     
ffffffff  __c_args__                    
UNDEFED   __mpu_init                    
20000270  __stack                       
00003301  _c_int00_noargs               
00003528  _ctypes_                      
20001270  _sys_memory                   
UNDEFED   _system_post_cinit            
0000351d  _system_pre_init              
00003521  abort                         
00002add  adc_init                      
00002b65  adc_read                      
00003169  atoi                          
ffffffff  binit                         
00003465  copysign                      
00003465  copysignl                     
2000026c  errno                         
00003009  frexp                         
00003009  frexpl                        
20000000  g_pfnRAMVectors               
00000000  g_pfnVectors                  
000034d5  lcd_clear                     
00001825  lcd_gotoLine                  
0000168d  lcd_init                      
0000188b  lcd_printf                    
0000174d  lcd_putc                      
00001785  lcd_puts                      
00001969  lcd_rotatingBanner            
000017a3  lcd_sendCommand               
000017e1  lcd_sendNibble                
0000184d  lcd_setCursorPos              
000027dd  ldexp                         
000027dd  ldexpl                        
000030c3  ltoa                          
000029e9  main                          
000033eb  memccpy                       
00002c7b  memcpy                        
00002ec1  memset                        
00000ccd  pow                           
00000ccd  powl                          
000027dd  scalbn                        
000027dd  scalbnl                       
00003241  sprintf                       
00002199  sqrt                          
00002199  sqrtl                         
0000344f  strchr                        
00003437  strcmp                        
00003479  strcpy                        
0000348d  strlen                        
00002401  timer_getClock                
000023b5  timer_startClock              
0000234f  timer_startTimer              
00002407  timer_stopClock               
0000239f  timer_stopTimer               
00002325  timer_waitMicros              
000022f1  timer_waitMillis              
00002025  uart_init                     
00002129  uart_receive                  
000020e5  uart_sendChar                 
00002101  uart_sendString               
00003281  vsnprintf                     
000034b3  wcslen                        


GLOBAL SYMBOLS: SORTED BY Symbol Address 

address   name                          
-------   ----                          
00000000  __TI_static_base__            
00000000  g_pfnVectors                  
0000026d  __TI_printfi                  
00000ccb  __aeabi_idiv0                 
00000ccb  __aeabi_ldiv0                 
00000ccd  pow                           
00000ccd  powl                          
00001000  __STACK_SIZE                  
00001000  __SYSMEM_SIZE                 
0000168d  lcd_init                      
0000174d  lcd_putc                      
00001785  lcd_puts                      
000017a3  lcd_sendCommand               
000017e1  lcd_sendNibble                
00001825  lcd_gotoLine                  
0000184d  lcd_setCursorPos              
0000188b  lcd_printf                    
00001969  lcd_rotatingBanner            
00001e6d  __aeabi_dsub                  
00001e77  __aeabi_dadd                  
00002025  uart_init                     
000020e3  UART1_handler                 
000020e5  uart_sendChar                 
00002101  uart_sendString               
00002129  uart_receive                  
00002199  sqrt                          
00002199  sqrtl                         
000022f1  timer_waitMillis              
00002325  timer_waitMicros              
0000234f  timer_startTimer              
0000239f  timer_stopTimer               
000023b5  timer_startClock              
00002401  timer_getClock                
00002407  timer_stopClock               
00002585  __aeabi_ddiv                  
000027dd  ldexp                         
000027dd  ldexpl                        
000027dd  scalbn                        
000027dd  scalbnl                       
000028ed  __aeabi_dmul                  
000029e9  main                          
00002add  adc_init                      
00002b65  adc_read                      
00002c7b  __aeabi_memcpy                
00002c7b  __aeabi_memcpy4               
00002c7b  __aeabi_memcpy8               
00002c7b  memcpy                        
00002d17  __aeabi_uldivmod              
00002dad  __aeabi_cdcmpeq               
00002dad  __aeabi_cdcmple               
00002e33  __aeabi_cdrcmple              
00002eb9  __aeabi_memclr                
00002eb9  __aeabi_memclr4               
00002eb9  __aeabi_memclr8               
00002ebb  __aeabi_memset                
00002ebb  __aeabi_memset4               
00002ebb  __aeabi_memset8               
00002ec1  memset                        
00002fa1  __TI_decompress_lzss          
00003009  frexp                         
00003009  frexpl                        
000030c3  ltoa                          
00003169  atoi                          
000031b5  __aeabi_d2iz                  
000031fd  __TI_auto_init_nobinit_nopinit
00003241  sprintf                       
00003281  vsnprintf                     
00003301  _c_int00_noargs               
00003339  IntRegister                   
0000339d  __aeabi_i2d                   
000033cb  __aeabi_ui2d                  
000033eb  memccpy                       
00003437  strcmp                        
0000344f  strchr                        
00003465  copysign                      
00003465  copysignl                     
00003479  strcpy                        
0000348d  strlen                        
000034a1  __TI_zero_init_nomemset       
000034b3  wcslen                        
000034c5  IntMasterEnable               
000034d5  lcd_clear                     
000034e5  __TI_decompress_none          
000034f3  CPUcpsie                      
000034ff  ResetISR                      
00003515  __aeabi_errno_addr            
0000351d  _system_pre_init              
00003521  C$$EXIT                       
00003521  abort                         
00003528  _ctypes_                      
00003668  __TI_Handler_Table_Base       
00003674  __TI_Handler_Table_Limit      
00003690  __TI_CINIT_Base               
000036a8  __TI_CINIT_Limit              
20000000  g_pfnRAMVectors               
2000026c  errno                         
20000270  __stack                       
20000470  __STACK_TOP                   
20001270  __STACK_END                   
20001270  _sys_memory                   
ffffffff  __TI_pprof_out_hndl           
ffffffff  __TI_prof_data_size           
ffffffff  __TI_prof_data_start          
ffffffff  __binit__                     
ffffffff  __c_args__                    
ffffffff  binit                         
UNDEFED   __mpu_init                    
UNDEFED   _system_post_cinit            

[108 symbols]
