******************************************************************************
                  TI ARM Linker PC v18.1.2                     
******************************************************************************
>> Linked Thu Mar  7 16:22:33 2019

OUTPUT FILE NAME:   <Lab6.out>
ENTRY POINT SYMBOL: "_c_int00_noargs"  address: 000025e1


MEMORY CONFIGURATION

         name            origin    length      used     unused   attr    fill
----------------------  --------  ---------  --------  --------  ----  --------
  FLASH                 00000000   00040000  000028cd  0003d733  R  X
  SRAM                  20000000   00008000  00001058  00006fa8  RW X


SEGMENT ALLOCATION MAP

run origin  load origin   length   init length attrs members
----------  ----------- ---------- ----------- ----- -------
00000000    00000000    000028d0   000028d0    r-x
  00000000    00000000    0000026c   0000026c    r-- .intvecs
  0000026c    0000026c    00002528   00002528    r-x .text
  00002794    00002794    00000109   00000109    r-- .const
  000028a0    000028a0    00000030   00000030    r-- .cinit
20000000    20000000    00001058   00000000    rw-
  20000000    20000000    00001000   00000000    rw- .stack
  20001000    20001000    00000054   00000000    rw- .bss
  20001054    20001054    00000004   00000000    rw- .data


SECTION ALLOCATION MAP

 output                                  attributes/
section   page    origin      length       input sections
--------  ----  ----------  ----------   ----------------
.intvecs   0    00000000    0000026c     
                  00000000    0000026c     tm4c123gh6pm_startup_ccs.obj (.intvecs)

.text      0    0000026c    00002528     
                  0000026c    00000a5e     rtsv7M4_T_le_v4SPD16_eabi.lib : _printfi.c.obj (.text:__TI_printfi)
                  00000cca    00000002                                   : div0.asm.obj (.text)
                  00000ccc    000003a0     lcd.obj (.text)
                  0000106c    00000270     rtsv7M4_T_le_v4SPD16_eabi.lib : _printfi.c.obj (.text:_pconv_a)
                  000012dc    000001d0                                   : _printfi.c.obj (.text:_pconv_g)
                  000014ac    000001b6                                   : fd_add_t2.asm.obj (.text)
                  00001662    00000002     --HOLE-- [fill = 0]
                  00001664    00000158     timer.obj (.text)
                  000017bc    0000013c     rtsv7M4_T_le_v4SPD16_eabi.lib : _printfi.c.obj (.text:_pconv_e)
                  000018f8    00000136                                   : fd_div_t2.asm.obj (.text)
                  00001a2e    00000002     --HOLE-- [fill = 0]
                  00001a30    00000120                                   : _printfi.c.obj (.text:fcvt)
                  00001b50    00000110                                   : s_scalbn.c.obj (.text:scalbn)
                  00001c60    000000fc                                   : fd_mul_t2.asm.obj (.text)
                  00001d5c    000000e4     adc.obj (.text)
                  00001e40    000000b1     rtsv7M4_T_le_v4SPD16_eabi.lib : _printfi.c.obj (.text:_ltostr)
                  00001ef1    00000003     --HOLE-- [fill = 0]
                  00001ef4    000000a4     main.obj (.text)
                  00001f98    0000009c     rtsv7M4_T_le_v4SPD16_eabi.lib : memcpy_t2.asm.obj (.text)
                  00002034    00000096                                   : ull_div_t2.asm.obj (.text)
                  000020ca    00000086                                   : fd_cmp_t2.asm.obj (.text:__aeabi_cdcmple)
                  00002150    00000086                                   : fd_cmp_t2.asm.obj (.text:__aeabi_cdrcmple)
                  000021d6    0000007a                                   : memset_t2.asm.obj (.text)
                  00002250    0000006e                                   : _printfi.c.obj (.text:_mcpy)
                  000022be    00000068                                   : copy_decompress_lzss.c.obj (.text:decompress:lzss:__TI_decompress_lzss)
                  00002326    00000002     --HOLE-- [fill = 0]
                  00002328    00000064                                   : s_frexp.c.obj (.text:frexp)
                  0000238c    00000056                                   : _printfi.c.obj (.text:_pconv_f)
                  000023e2    00000054                                   : ltoa.c.obj (.text:ltoa)
                  00002436    00000052                                   : _printfi.c.obj (.text:_ecpy)
                  00002488    0000004c                                   : atoi.c.obj (.text:atoi)
                  000024d4    00000048                                   : fd_toi_t2.asm.obj (.text)
                  0000251c    00000044                                   : autoinit.c.obj (.text:__TI_auto_init_nobinit_nopinit:__TI_auto_init_nobinit_nopinit)
                  00002560    00000040                                   : vsnprintf.c.obj (.text:vsnprintf)
                  000025a0    0000003e                                   : _printfi.c.obj (.text:_fcpy)
                  000025de    00000002     --HOLE-- [fill = 0]
                  000025e0    00000038                                   : boot_cortex_m.c.obj (.text:_c_int00_noargs:_c_int00_noargs)
                  00002618    00000030                                   : vsnprintf.c.obj (.text:_outs)
                  00002648    0000002e                                   : i_tofd_t2.asm.obj (.text)
                  00002676    00000020                                   : u_tofd_t2.asm.obj (.text)
                  00002696    0000001c                                   : memccpy.c.obj (.text:memccpy)
                  000026b2    00000018                                   : vsnprintf.c.obj (.text:_outc)
                  000026ca    00000018                                   : strcmp.c.obj (.text:strcmp)
                  000026e2    00000016                                   : strchr.c.obj (.text:strchr)
                  000026f8    00000014                                   : s_copysign.c.obj (.text:copysign)
                  0000270c    00000014                                   : strcpy.c.obj (.text:strcpy)
                  00002720    00000014                                   : strlen.c.obj (.text:strlen)
                  00002734    00000012                                   : copy_zero_init.c.obj (.text:decompress:ZI:__TI_zero_init_nomemset:__TI_zero_init_nomemset)
                  00002746    00000012                                   : wcslen.c.obj (.text:wcslen)
                  00002758    00000010     lcd.obj (.text:lcd_clear)
                  00002768    0000000e     rtsv7M4_T_le_v4SPD16_eabi.lib : copy_decompress_none.c.obj (.text:decompress:none:__TI_decompress_none)
                  00002776    0000000c     tm4c123gh6pm_startup_ccs.obj (.text)
                  00002782    00000002     --HOLE-- [fill = 0]
                  00002784    00000008     rtsv7M4_T_le_v4SPD16_eabi.lib : errno.c.obj (.text:__aeabi_errno_addr)
                  0000278c    00000004                                   : pre_init.c.obj (.text:_system_pre_init)
                  00002790    00000004                                   : exit.c.obj (.text:abort:abort)

.const     0    00002794    00000109     
                  00002794    00000101     rtsv7M4_T_le_v4SPD16_eabi.lib : ctype.c.obj (.const:.string:_ctypes_)
                  00002895    00000004     lcd.obj (.const:.string:lineAddress$1)
                  00002899    00000004     lcd.obj (.const:.string:lineAddresses$2)

.cinit     0    000028a0    00000030     
                  000028a0    0000000c     (__TI_handler_table)
                  000028ac    00000004     --HOLE-- [fill = 0]
                  000028b0    00000008     (.cinit..bss.load) [load image, compression = zero_init]
                  000028b8    00000007     (.cinit..data.load) [load image, compression = lzss]
                  000028bf    00000001     --HOLE-- [fill = 0]
                  000028c0    00000010     (__TI_cinit_table)

.init_array 
*          0    00000000    00000000     UNINITIALIZED

.bss       0    20001000    00000054     UNINITIALIZED
                  20001000    00000054     lcd.obj (.bss:lastbuffer$3)

.data      0    20001054    00000004     UNINITIALIZED
                  20001054    00000004     rtsv7M4_T_le_v4SPD16_eabi.lib : errno.c.obj (.data)

.stack     0    20000000    00001000     UNINITIALIZED
                  20000000    00000004     rtsv7M4_T_le_v4SPD16_eabi.lib : boot_cortex_m.c.obj (.stack)
                  20000004    00000ffc     --HOLE--

MODULE SUMMARY

       Module                         code   ro data   rw data
       ------                         ----   -------   -------
    .\
       lcd.obj                        944    8         84     
       tm4c123gh6pm_startup_ccs.obj   12     620       0      
       timer.obj                      344    0         0      
       adc.obj                        228    0         0      
       main.obj                       164    0         0      
    +--+------------------------------+------+---------+---------+
       Total:                         1692   628       84     
                                                              
    C:\ti\ccsv8\tools\compiler\ti-cgt-arm_18.1.2.LTS\lib\rtsv7M4_T_le_v4SPD16_eabi.lib
       _printfi.c.obj                 4863   0         0      
       fd_add_t2.asm.obj              438    0         0      
       fd_div_t2.asm.obj              310    0         0      
       s_scalbn.c.obj                 272    0         0      
       fd_cmp_t2.asm.obj              268    0         0      
       ctype.c.obj                    0      257       0      
       fd_mul_t2.asm.obj              252    0         0      
       memcpy_t2.asm.obj              156    0         0      
       ull_div_t2.asm.obj             150    0         0      
       vsnprintf.c.obj                136    0         0      
       memset_t2.asm.obj              122    0         0      
       copy_decompress_lzss.c.obj     104    0         0      
       s_frexp.c.obj                  100    0         0      
       ltoa.c.obj                     84     0         0      
       atoi.c.obj                     76     0         0      
       fd_toi_t2.asm.obj              72     0         0      
       autoinit.c.obj                 68     0         0      
       boot_cortex_m.c.obj            56     0         0      
       i_tofd_t2.asm.obj              46     0         0      
       u_tofd_t2.asm.obj              32     0         0      
       memccpy.c.obj                  28     0         0      
       strcmp.c.obj                   24     0         0      
       strchr.c.obj                   22     0         0      
       s_copysign.c.obj               20     0         0      
       strcpy.c.obj                   20     0         0      
       strlen.c.obj                   20     0         0      
       copy_zero_init.c.obj           18     0         0      
       wcslen.c.obj                   18     0         0      
       copy_decompress_none.c.obj     14     0         0      
       errno.c.obj                    8      0         4      
       exit.c.obj                     4      0         0      
       pre_init.c.obj                 4      0         0      
       div0.asm.obj                   2      0         0      
    +--+------------------------------+------+---------+---------+
       Total:                         7807   257       4      
                                                              
       Stack:                         0      0         4096   
       Linker Generated:              0      43        0      
    +--+------------------------------+------+---------+---------+
       Grand Total:                   9499   928       4184   


LINKER GENERATED COPY TABLES

__TI_cinit_table @ 000028c0 records: 2, size/record: 8, table size: 16
	.bss: load addr=000028b0, load size=00000008 bytes, run addr=20001000, run size=00000054 bytes, compression=zero_init
	.data: load addr=000028b8, load size=00000007 bytes, run addr=20001054, run size=00000004 bytes, compression=lzss


LINKER GENERATED HANDLER TABLE

__TI_handler_table @ 000028a0 records: 3, size/record: 4, table size: 12
	index: 0, handler: __TI_decompress_lzss
	index: 1, handler: __TI_decompress_none
	index: 2, handler: __TI_zero_init


GLOBAL SYMBOLS: SORTED ALPHABETICALLY BY Name 

address   name                          
-------   ----                          
00002791  C$$EXIT                       
00002777  ResetISR                      
20001000  __STACK_END                   
00001000  __STACK_SIZE                  
20000200  __STACK_TOP                   
000028c0  __TI_CINIT_Base               
000028d0  __TI_CINIT_Limit              
000028a0  __TI_Handler_Table_Base       
000028ac  __TI_Handler_Table_Limit      
0000251d  __TI_auto_init_nobinit_nopinit
000022bf  __TI_decompress_lzss          
00002769  __TI_decompress_none          
ffffffff  __TI_pprof_out_hndl           
0000026d  __TI_printfi                  
ffffffff  __TI_prof_data_size           
ffffffff  __TI_prof_data_start          
00000000  __TI_static_base__            
00002735  __TI_zero_init_nomemset       
000020cb  __aeabi_cdcmpeq               
000020cb  __aeabi_cdcmple               
00002151  __aeabi_cdrcmple              
000024d5  __aeabi_d2iz                  
000014b7  __aeabi_dadd                  
000018f9  __aeabi_ddiv                  
00001c61  __aeabi_dmul                  
000014ad  __aeabi_dsub                  
00002785  __aeabi_errno_addr            
00002649  __aeabi_i2d                   
00000ccb  __aeabi_idiv0                 
00000ccb  __aeabi_ldiv0                 
000021d7  __aeabi_memclr                
000021d7  __aeabi_memclr4               
000021d7  __aeabi_memclr8               
00001f99  __aeabi_memcpy                
00001f99  __aeabi_memcpy4               
00001f99  __aeabi_memcpy8               
000021d9  __aeabi_memset                
000021d9  __aeabi_memset4               
000021d9  __aeabi_memset8               
00002677  __aeabi_ui2d                  
00002035  __aeabi_uldivmod              
ffffffff  __binit__                     
ffffffff  __c_args__                    
UNDEFED   __mpu_init                    
20000000  __stack                       
000025e1  _c_int00_noargs               
00002794  _ctypes_                      
UNDEFED   _system_post_cinit            
0000278d  _system_pre_init              
00002791  abort                         
00001d5d  adc_init                      
00001ddf  adc_read                      
00002489  atoi                          
ffffffff  binit                         
000026f9  copysign                      
000026f9  copysignl                     
20001054  errno                         
00002329  frexp                         
00002329  frexpl                        
00000000  g_pfnVectors                  
00002759  lcd_clear                     
00000e65  lcd_gotoLine                  
00000ccd  lcd_init                      
00000ecb  lcd_printf                    
00000d8d  lcd_putc                      
00000dc5  lcd_puts                      
00000fa9  lcd_rotatingBanner            
00000de3  lcd_sendCommand               
00000e21  lcd_sendNibble                
00000e8d  lcd_setCursorPos              
00001b51  ldexp                         
00001b51  ldexpl                        
000023e3  ltoa                          
00001ef5  main                          
00002697  memccpy                       
00001f99  memcpy                        
000021df  memset                        
00001b51  scalbn                        
00001b51  scalbnl                       
000026e3  strchr                        
000026cb  strcmp                        
0000270d  strcpy                        
00002721  strlen                        
00001775  timer_getClock                
00001729  timer_startClock              
000016c3  timer_startTimer              
0000177b  timer_stopClock               
00001713  timer_stopTimer               
00001699  timer_waitMicros              
00001665  timer_waitMillis              
00002561  vsnprintf                     
00002747  wcslen                        


GLOBAL SYMBOLS: SORTED BY Symbol Address 

address   name                          
-------   ----                          
00000000  __TI_static_base__            
00000000  g_pfnVectors                  
0000026d  __TI_printfi                  
00000ccb  __aeabi_idiv0                 
00000ccb  __aeabi_ldiv0                 
00000ccd  lcd_init                      
00000d8d  lcd_putc                      
00000dc5  lcd_puts                      
00000de3  lcd_sendCommand               
00000e21  lcd_sendNibble                
00000e65  lcd_gotoLine                  
00000e8d  lcd_setCursorPos              
00000ecb  lcd_printf                    
00000fa9  lcd_rotatingBanner            
00001000  __STACK_SIZE                  
000014ad  __aeabi_dsub                  
000014b7  __aeabi_dadd                  
00001665  timer_waitMillis              
00001699  timer_waitMicros              
000016c3  timer_startTimer              
00001713  timer_stopTimer               
00001729  timer_startClock              
00001775  timer_getClock                
0000177b  timer_stopClock               
000018f9  __aeabi_ddiv                  
00001b51  ldexp                         
00001b51  ldexpl                        
00001b51  scalbn                        
00001b51  scalbnl                       
00001c61  __aeabi_dmul                  
00001d5d  adc_init                      
00001ddf  adc_read                      
00001ef5  main                          
00001f99  __aeabi_memcpy                
00001f99  __aeabi_memcpy4               
00001f99  __aeabi_memcpy8               
00001f99  memcpy                        
00002035  __aeabi_uldivmod              
000020cb  __aeabi_cdcmpeq               
000020cb  __aeabi_cdcmple               
00002151  __aeabi_cdrcmple              
000021d7  __aeabi_memclr                
000021d7  __aeabi_memclr4               
000021d7  __aeabi_memclr8               
000021d9  __aeabi_memset                
000021d9  __aeabi_memset4               
000021d9  __aeabi_memset8               
000021df  memset                        
000022bf  __TI_decompress_lzss          
00002329  frexp                         
00002329  frexpl                        
000023e3  ltoa                          
00002489  atoi                          
000024d5  __aeabi_d2iz                  
0000251d  __TI_auto_init_nobinit_nopinit
00002561  vsnprintf                     
000025e1  _c_int00_noargs               
00002649  __aeabi_i2d                   
00002677  __aeabi_ui2d                  
00002697  memccpy                       
000026cb  strcmp                        
000026e3  strchr                        
000026f9  copysign                      
000026f9  copysignl                     
0000270d  strcpy                        
00002721  strlen                        
00002735  __TI_zero_init_nomemset       
00002747  wcslen                        
00002759  lcd_clear                     
00002769  __TI_decompress_none          
00002777  ResetISR                      
00002785  __aeabi_errno_addr            
0000278d  _system_pre_init              
00002791  C$$EXIT                       
00002791  abort                         
00002794  _ctypes_                      
000028a0  __TI_Handler_Table_Base       
000028ac  __TI_Handler_Table_Limit      
000028c0  __TI_CINIT_Base               
000028d0  __TI_CINIT_Limit              
20000000  __stack                       
20000200  __STACK_TOP                   
20001000  __STACK_END                   
20001054  errno                         
ffffffff  __TI_pprof_out_hndl           
ffffffff  __TI_prof_data_size           
ffffffff  __TI_prof_data_start          
ffffffff  __binit__                     
ffffffff  __c_args__                    
ffffffff  binit                         
UNDEFED   __mpu_init                    
UNDEFED   _system_post_cinit            

[92 symbols]
