******************************************************************************
                  TI ARM Linker PC v18.1.2                     
******************************************************************************
>> Linked Wed Mar 13 21:43:57 2019

OUTPUT FILE NAME:   <Lab6.out>
ENTRY POINT SYMBOL: "_c_int00_noargs"  address: 00003fdd


MEMORY CONFIGURATION

         name            origin    length      used     unused   attr    fill
----------------------  --------  ---------  --------  --------  ----  --------
  FLASH                 00000000   00040000  0000443f  0003bbc1  R  X
  SRAM                  20000000   00008000  00002300  00005d00  RW X


SEGMENT ALLOCATION MAP

run origin  load origin   length   init length attrs members
----------  ----------- ---------- ----------- ----- -------
00000000    00000000    00004448   00004448    r-x
  00000000    00000000    0000026c   0000026c    r-- .intvecs
  0000026c    0000026c    00004038   00004038    r-x .text
  000042a8    000042a8    0000014b   0000014b    r-- .const
  000043f8    000043f8    00000050   00000050    r-- .cinit
20000000    20000000    00002304   00000000    rw-
  20000000    20000000    0000026c   00000000    rw- .vtable
  20000270    20000270    00001000   00000000    rw- .stack
  20001270    20001270    00001000   00000000    rw- .sysmem
  20002270    20002270    0000006c   00000000    rw- .bss
  200022dc    200022dc    00000028   00000000    rw- .data


SECTION ALLOCATION MAP

 output                                  attributes/
section   page    origin      length       input sections
--------  ----  ----------  ----------   ----------------
.intvecs   0    00000000    0000026c     
                  00000000    0000026c     tm4c123gh6pm_startup_ccs.obj (.intvecs)

.text      0    0000026c    00004038     
                  0000026c    00000aa0     open_interface.obj (.text)
                  00000d0c    00000a5e     rtsv7M4_T_le_v4SPD16_eabi.lib : _printfi.c.obj (.text:__TI_printfi)
                  0000176a    00000002                                   : _lock.c.obj (.text:_nop)
                  0000176c    000009c0                                   : e_pow.c.obj (.text:pow)
                  0000212c    000003a0     lcd.obj (.text)
                  000024cc    00000270     rtsv7M4_T_le_v4SPD16_eabi.lib : _printfi.c.obj (.text:_pconv_a)
                  0000273c    000001d0                                   : _printfi.c.obj (.text:_pconv_g)
                  0000290c    000001b6                                   : fd_add_t2.asm.obj (.text)
                  00002ac2    00000002                                   : div0.asm.obj (.text)
                  00002ac4    000001a8     main.obj (.text)
                  00002c6c    00000174     uart.obj (.text)
                  00002de0    00000158     rtsv7M4_T_le_v4SPD16_eabi.lib : e_sqrt.c.obj (.text:sqrt)
                  00002f38    00000158     timer.obj (.text)
                  00003090    0000013c     rtsv7M4_T_le_v4SPD16_eabi.lib : _printfi.c.obj (.text:_pconv_e)
                  000031cc    00000136                                   : fd_div_t2.asm.obj (.text)
                  00003302    00000002     --HOLE-- [fill = 0]
                  00003304    00000120                                   : _printfi.c.obj (.text:fcvt)
                  00003424    00000110                                   : s_scalbn.c.obj (.text:scalbn)
                  00003534    000000fc                                   : fd_mul_t2.asm.obj (.text)
                  00003630    000000e4     adc.obj (.text)
                  00003714    000000d8     rtsv7M4_T_le_v4SPD16_eabi.lib : memory.c.obj (.text:free)
                  000037ec    000000b1                                   : _printfi.c.obj (.text:_ltostr)
                  0000389d    00000001     --HOLE-- [fill = 0]
                  0000389e    0000009c                                   : memcpy_t2.asm.obj (.text)
                  0000393a    00000096                                   : ull_div_t2.asm.obj (.text)
                  000039d0    00000086                                   : fd_cmp_t2.asm.obj (.text:__aeabi_cdcmple)
                  00003a56    00000086                                   : fd_cmp_t2.asm.obj (.text:__aeabi_cdrcmple)
                  00003adc    0000007a                                   : memset_t2.asm.obj (.text)
                  00003b56    00000002     --HOLE-- [fill = 0]
                  00003b58    00000078                                   : memory.c.obj (.text:malloc)
                  00003bd0    0000006e                                   : _printfi.c.obj (.text:_mcpy)
                  00003c3e    00000068                                   : copy_decompress_lzss.c.obj (.text:decompress:lzss:__TI_decompress_lzss)
                  00003ca6    00000002     --HOLE-- [fill = 0]
                  00003ca8    00000064                                   : s_frexp.c.obj (.text:frexp)
                  00003d0c    00000056                                   : _printfi.c.obj (.text:_pconv_f)
                  00003d62    00000054                                   : ltoa.c.obj (.text:ltoa)
                  00003db6    00000052                                   : _printfi.c.obj (.text:_ecpy)
                  00003e08    0000004c                                   : atoi.c.obj (.text:atoi)
                  00003e54    00000048                                   : fd_toi_t2.asm.obj (.text)
                  00003e9c    00000044                                   : autoinit.c.obj (.text:__TI_auto_init_nobinit_nopinit:__TI_auto_init_nobinit_nopinit)
                  00003ee0    00000040                                   : sprintf.c.obj (.text:sprintf)
                  00003f20    00000040                                   : vsnprintf.c.obj (.text:vsnprintf)
                  00003f60    0000003e                                   : _printfi.c.obj (.text:_fcpy)
                  00003f9e    00000002     --HOLE-- [fill = 0]
                  00003fa0    0000003c                                   : memory.c.obj (.text:minsert)
                  00003fdc    00000038                                   : boot_cortex_m.c.obj (.text:_c_int00_noargs:_c_int00_noargs)
                  00004014    00000038                                   : memory.c.obj (.text:minit)
                  0000404c    00000034     driverlib.lib : interrupt.obj (.text:IntRegister)
                  00004080    00000030     rtsv7M4_T_le_v4SPD16_eabi.lib : vsnprintf.c.obj (.text:_outs)
                  000040b0    0000002e                                   : i_tofd_t2.asm.obj (.text)
                  000040de    0000002a                                   : memory.c.obj (.text:calloc)
                  00004108    00000028                                   : memory.c.obj (.text:mremove)
                  00004130    00000020                                   : u_tofd_t2.asm.obj (.text)
                  00004150    0000001c                                   : memccpy.c.obj (.text:memccpy)
                  0000416c    00000018                                   : vsnprintf.c.obj (.text:_outc)
                  00004184    00000018                                   : sprintf.c.obj (.text:_outs)
                  0000419c    00000018     open_interface.obj (.text:oi_parseInt)
                  000041b4    00000018     rtsv7M4_T_le_v4SPD16_eabi.lib : strcmp.c.obj (.text:strcmp)
                  000041cc    00000016                                   : strchr.c.obj (.text:strchr)
                  000041e2    00000014                                   : s_copysign.c.obj (.text:copysign)
                  000041f6    00000014                                   : strcpy.c.obj (.text:strcpy)
                  0000420a    00000014                                   : strlen.c.obj (.text:strlen)
                  0000421e    00000012                                   : copy_zero_init.c.obj (.text:decompress:ZI:__TI_zero_init_nomemset:__TI_zero_init_nomemset)
                  00004230    00000012                                   : wcslen.c.obj (.text:wcslen)
                  00004242    00000010     driverlib.lib : interrupt.obj (.text:IntMasterEnable)
                  00004252    00000010     lcd.obj (.text:lcd_clear)
                  00004262    0000000e     rtsv7M4_T_le_v4SPD16_eabi.lib : copy_decompress_none.c.obj (.text:decompress:none:__TI_decompress_none)
                  00004270    0000000c     driverlib.lib : cpu.obj (.text:CPUcpsie)
                  0000427c    0000000c     tm4c123gh6pm_startup_ccs.obj (.text)
                  00004288    0000000a     rtsv7M4_T_le_v4SPD16_eabi.lib : sprintf.c.obj (.text:_outc)
                  00004292    00000002     --HOLE-- [fill = 0]
                  00004294    00000008                                   : errno.c.obj (.text:__aeabi_errno_addr)
                  0000429c    00000004                                   : pre_init.c.obj (.text:_system_pre_init)
                  000042a0    00000004                                   : exit.c.obj (.text:abort:abort)

.const     0    000042a8    0000014b     
                  000042a8    00000101     rtsv7M4_T_le_v4SPD16_eabi.lib : ctype.c.obj (.const:.string:_ctypes_)
                  000043a9    00000004     lcd.obj (.const:.string:lineAddress$1)
                  000043ad    00000003     --HOLE-- [fill = 0]
                  000043b0    00000030     rtsv7M4_T_le_v4SPD16_eabi.lib : e_pow.c.obj (.const:$O1$$)
                  000043e0    0000000f     open_interface.obj (.const:.string:$P$T0$3)
                  000043ef    00000004     lcd.obj (.const:.string:lineAddresses$2)

.cinit     0    000043f8    00000050     
                  000043f8    00000018     (.cinit..data.load) [load image, compression = lzss]
                  00004410    0000000c     (__TI_handler_table)
                  0000441c    00000004     --HOLE-- [fill = 0]
                  00004420    00000008     (.cinit..bss.load) [load image, compression = zero_init]
                  00004428    00000008     (.cinit..vtable.load) [load image, compression = zero_init]
                  00004430    00000018     (__TI_cinit_table)

.init_array 
*          0    00000000    00000000     UNINITIALIZED

.vtable    0    20000000    0000026c     UNINITIALIZED
                  20000000    0000026c     driverlib.lib : interrupt.obj (.vtable)

.stack     0    20000270    00001000     UNINITIALIZED
                  20000270    00000004     rtsv7M4_T_le_v4SPD16_eabi.lib : boot_cortex_m.c.obj (.stack)
                  20000274    00000ffc     --HOLE--

.sysmem    0    20001270    00001000     UNINITIALIZED
                  20001270    00000008     rtsv7M4_T_le_v4SPD16_eabi.lib : memory.c.obj (.sysmem)
                  20001278    00000ff8     --HOLE--

.bss       0    20002270    0000006c     UNINITIALIZED
                  20002270    00000054     lcd.obj (.bss:lastbuffer$3)
                  200022c4    00000018     open_interface.obj (.bss:firmware$2)

.data      0    200022dc    00000028     UNINITIALIZED
                  200022dc    00000010     open_interface.obj (.data)
                  200022ec    0000000c     rtsv7M4_T_le_v4SPD16_eabi.lib : memory.c.obj (.data:$O1$$)
                  200022f8    00000008                                   : _lock.c.obj (.data:$O1$$)
                  20002300    00000004                                   : errno.c.obj (.data)

MODULE SUMMARY

       Module                         code    ro data   rw data
       ------                         ----    -------   -------
    .\
       open_interface.obj             2744    15        40     
       lcd.obj                        944     8         84     
       tm4c123gh6pm_startup_ccs.obj   12      620       0      
       main.obj                       424     0         0      
       uart.obj                       372     0         0      
       timer.obj                      344     0         0      
       adc.obj                        228     0         0      
    +--+------------------------------+-------+---------+---------+
       Total:                         5068    643       124    
                                                               
    C:/ti/TivaWare_C_Series-2.1.4.178/driverlib/ccs/Debug/driverlib.lib
       interrupt.obj                  68      0         620    
       cpu.obj                        12      0         0      
    +--+------------------------------+-------+---------+---------+
       Total:                         80      0         620    
                                                               
    C:\ti\ccsv8\tools\compiler\ti-cgt-arm_18.1.2.LTS\lib\rtsv7M4_T_le_v4SPD16_eabi.lib
       _printfi.c.obj                 4863    0         0      
       e_pow.c.obj                    2496    48        0      
       memory.c.obj                   534     0         12     
       fd_add_t2.asm.obj              438     0         0      
       e_sqrt.c.obj                   344     0         0      
       fd_div_t2.asm.obj              310     0         0      
       s_scalbn.c.obj                 272     0         0      
       fd_cmp_t2.asm.obj              268     0         0      
       ctype.c.obj                    0       257       0      
       fd_mul_t2.asm.obj              252     0         0      
       memcpy_t2.asm.obj              156     0         0      
       ull_div_t2.asm.obj             150     0         0      
       vsnprintf.c.obj                136     0         0      
       memset_t2.asm.obj              122     0         0      
       copy_decompress_lzss.c.obj     104     0         0      
       s_frexp.c.obj                  100     0         0      
       sprintf.c.obj                  98      0         0      
       ltoa.c.obj                     84      0         0      
       atoi.c.obj                     76      0         0      
       fd_toi_t2.asm.obj              72      0         0      
       autoinit.c.obj                 68      0         0      
       boot_cortex_m.c.obj            56      0         0      
       i_tofd_t2.asm.obj              46      0         0      
       u_tofd_t2.asm.obj              32      0         0      
       memccpy.c.obj                  28      0         0      
       strcmp.c.obj                   24      0         0      
       strchr.c.obj                   22      0         0      
       s_copysign.c.obj               20      0         0      
       strcpy.c.obj                   20      0         0      
       strlen.c.obj                   20      0         0      
       copy_zero_init.c.obj           18      0         0      
       wcslen.c.obj                   18      0         0      
       copy_decompress_none.c.obj     14      0         0      
       errno.c.obj                    8       0         4      
       _lock.c.obj                    2       0         8      
       exit.c.obj                     4       0         0      
       pre_init.c.obj                 4       0         0      
       div0.asm.obj                   2       0         0      
    +--+------------------------------+-------+---------+---------+
       Total:                         11281   305       24     
                                                               
       Heap:                          0       0         4096   
       Stack:                         0       0         4096   
       Linker Generated:              0       76        0      
    +--+------------------------------+-------+---------+---------+
       Grand Total:                   16429   1024      8960   


LINKER GENERATED COPY TABLES

__TI_cinit_table @ 00004430 records: 3, size/record: 8, table size: 24
	.data: load addr=000043f8, load size=00000018 bytes, run addr=200022dc, run size=00000028 bytes, compression=lzss
	.bss: load addr=00004420, load size=00000008 bytes, run addr=20002270, run size=0000006c bytes, compression=zero_init
	.vtable: load addr=00004428, load size=00000008 bytes, run addr=20000000, run size=0000026c bytes, compression=zero_init


LINKER GENERATED HANDLER TABLE

__TI_handler_table @ 00004410 records: 3, size/record: 4, table size: 12
	index: 0, handler: __TI_zero_init
	index: 1, handler: __TI_decompress_lzss
	index: 2, handler: __TI_decompress_none


GLOBAL SYMBOLS: SORTED ALPHABETICALLY BY Name 

address   name                          
-------   ----                          
000042a1  C$$EXIT                       
00004271  CPUcpsie                      
00000b73  GPIOF_Handler                 
00004243  IntMasterEnable               
0000404d  IntRegister                   
0000427d  ResetISR                      
00002d2b  UART1_handler                 
20001270  __STACK_END                   
00001000  __STACK_SIZE                  
20000470  __STACK_TOP                   
00001000  __SYSMEM_SIZE                 
00004430  __TI_CINIT_Base               
00004448  __TI_CINIT_Limit              
00004410  __TI_Handler_Table_Base       
0000441c  __TI_Handler_Table_Limit      
00003e9d  __TI_auto_init_nobinit_nopinit
00003c3f  __TI_decompress_lzss          
00004263  __TI_decompress_none          
ffffffff  __TI_pprof_out_hndl           
00000d0d  __TI_printfi                  
ffffffff  __TI_prof_data_size           
ffffffff  __TI_prof_data_start          
00000000  __TI_static_base__            
0000421f  __TI_zero_init_nomemset       
000039d1  __aeabi_cdcmpeq               
000039d1  __aeabi_cdcmple               
00003a57  __aeabi_cdrcmple              
00003e55  __aeabi_d2iz                  
00002917  __aeabi_dadd                  
000031cd  __aeabi_ddiv                  
00003535  __aeabi_dmul                  
0000290d  __aeabi_dsub                  
00004295  __aeabi_errno_addr            
000040b1  __aeabi_i2d                   
00002ac3  __aeabi_idiv0                 
00002ac3  __aeabi_ldiv0                 
00003add  __aeabi_memclr                
00003add  __aeabi_memclr4               
00003add  __aeabi_memclr8               
0000389f  __aeabi_memcpy                
0000389f  __aeabi_memcpy4               
0000389f  __aeabi_memcpy8               
00003adf  __aeabi_memset                
00003adf  __aeabi_memset4               
00003adf  __aeabi_memset8               
00004131  __aeabi_ui2d                  
0000393b  __aeabi_uldivmod              
ffffffff  __binit__                     
ffffffff  __c_args__                    
UNDEFED   __mpu_init                    
20000270  __stack                       
00003fdd  _c_int00_noargs               
000042a8  _ctypes_                      
200022f8  _lock                         
0000176b  _nop                          
20001270  _sys_memory                   
UNDEFED   _system_post_cinit            
0000429d  _system_pre_init              
200022fc  _unlock                       
000042a1  abort                         
00003631  adc_init                      
000036b3  adc_read                      
00003e09  atoi                          
ffffffff  binit                         
000040df  calloc                        
000041e3  copysign                      
000041e3  copysignl                     
20002300  errno                         
00003715  free                          
00003ca9  frexp                         
00003ca9  frexpl                        
20000000  g_pfnRAMVectors               
00000000  g_pfnVectors                  
00000b9d  getDegrees                    
0000092f  go_charge                     
00004253  lcd_clear                     
000022c5  lcd_gotoLine                  
0000212d  lcd_init                      
0000232b  lcd_printf                    
000021ed  lcd_putc                      
00002225  lcd_puts                      
00002409  lcd_rotatingBanner            
00002243  lcd_sendCommand               
00002281  lcd_sendNibble                
000022ed  lcd_setCursorPos              
00003425  ldexp                         
00003425  ldexpl                        
00003d63  ltoa                          
00002ac5  main                          
00003b59  malloc                        
00004151  memccpy                       
0000389f  memcpy                        
00003ae5  memset                        
00004015  minit                         
0000026d  oi_alloc                      
00000a59  oi_checkFirmware              
000002c3  oi_close                      
00000279  oi_free                       
000002ad  oi_init                       
00000289  oi_init_noupdate              
000008c5  oi_loadSong                   
0000419d  oi_parseInt                   
00000327  oi_parsePacket                
0000091b  oi_play_song                  
0000083f  oi_setLeds                    
00000883  oi_setWheels                  
00000b01  oi_shutoff_init               
0000093d  oi_uartInit                   
000009e1  oi_uartReceive                
00000a27  oi_uartSendBuff               
000009c5  oi_uartSendChar               
00000a09  oi_uartSendStr                
000002d5  oi_update                     
0000176d  pow                           
0000176d  powl                          
00003425  scalbn                        
00003425  scalbnl                       
00003ee1  sprintf                       
00002de1  sqrt                          
00002de1  sqrtl                         
000041cd  strchr                        
000041b5  strcmp                        
000041f7  strcpy                        
0000420b  strlen                        
00003049  timer_getClock                
00002ffd  timer_startClock              
00002f97  timer_startTimer              
0000304f  timer_stopClock               
00002fe7  timer_stopTimer               
00002f6d  timer_waitMicros              
00002f39  timer_waitMillis              
00002c6d  uart_init                     
00002d71  uart_receive                  
00002d2d  uart_sendChar                 
00002d49  uart_sendString               
00003f21  vsnprintf                     
00004231  wcslen                        


GLOBAL SYMBOLS: SORTED BY Symbol Address 

address   name                          
-------   ----                          
00000000  __TI_static_base__            
00000000  g_pfnVectors                  
0000026d  oi_alloc                      
00000279  oi_free                       
00000289  oi_init_noupdate              
000002ad  oi_init                       
000002c3  oi_close                      
000002d5  oi_update                     
00000327  oi_parsePacket                
0000083f  oi_setLeds                    
00000883  oi_setWheels                  
000008c5  oi_loadSong                   
0000091b  oi_play_song                  
0000092f  go_charge                     
0000093d  oi_uartInit                   
000009c5  oi_uartSendChar               
000009e1  oi_uartReceive                
00000a09  oi_uartSendStr                
00000a27  oi_uartSendBuff               
00000a59  oi_checkFirmware              
00000b01  oi_shutoff_init               
00000b73  GPIOF_Handler                 
00000b9d  getDegrees                    
00000d0d  __TI_printfi                  
00001000  __STACK_SIZE                  
00001000  __SYSMEM_SIZE                 
0000176b  _nop                          
0000176d  pow                           
0000176d  powl                          
0000212d  lcd_init                      
000021ed  lcd_putc                      
00002225  lcd_puts                      
00002243  lcd_sendCommand               
00002281  lcd_sendNibble                
000022c5  lcd_gotoLine                  
000022ed  lcd_setCursorPos              
0000232b  lcd_printf                    
00002409  lcd_rotatingBanner            
0000290d  __aeabi_dsub                  
00002917  __aeabi_dadd                  
00002ac3  __aeabi_idiv0                 
00002ac3  __aeabi_ldiv0                 
00002ac5  main                          
00002c6d  uart_init                     
00002d2b  UART1_handler                 
00002d2d  uart_sendChar                 
00002d49  uart_sendString               
00002d71  uart_receive                  
00002de1  sqrt                          
00002de1  sqrtl                         
00002f39  timer_waitMillis              
00002f6d  timer_waitMicros              
00002f97  timer_startTimer              
00002fe7  timer_stopTimer               
00002ffd  timer_startClock              
00003049  timer_getClock                
0000304f  timer_stopClock               
000031cd  __aeabi_ddiv                  
00003425  ldexp                         
00003425  ldexpl                        
00003425  scalbn                        
00003425  scalbnl                       
00003535  __aeabi_dmul                  
00003631  adc_init                      
000036b3  adc_read                      
00003715  free                          
0000389f  __aeabi_memcpy                
0000389f  __aeabi_memcpy4               
0000389f  __aeabi_memcpy8               
0000389f  memcpy                        
0000393b  __aeabi_uldivmod              
000039d1  __aeabi_cdcmpeq               
000039d1  __aeabi_cdcmple               
00003a57  __aeabi_cdrcmple              
00003add  __aeabi_memclr                
00003add  __aeabi_memclr4               
00003add  __aeabi_memclr8               
00003adf  __aeabi_memset                
00003adf  __aeabi_memset4               
00003adf  __aeabi_memset8               
00003ae5  memset                        
00003b59  malloc                        
00003c3f  __TI_decompress_lzss          
00003ca9  frexp                         
00003ca9  frexpl                        
00003d63  ltoa                          
00003e09  atoi                          
00003e55  __aeabi_d2iz                  
00003e9d  __TI_auto_init_nobinit_nopinit
00003ee1  sprintf                       
00003f21  vsnprintf                     
00003fdd  _c_int00_noargs               
00004015  minit                         
0000404d  IntRegister                   
000040b1  __aeabi_i2d                   
000040df  calloc                        
00004131  __aeabi_ui2d                  
00004151  memccpy                       
0000419d  oi_parseInt                   
000041b5  strcmp                        
000041cd  strchr                        
000041e3  copysign                      
000041e3  copysignl                     
000041f7  strcpy                        
0000420b  strlen                        
0000421f  __TI_zero_init_nomemset       
00004231  wcslen                        
00004243  IntMasterEnable               
00004253  lcd_clear                     
00004263  __TI_decompress_none          
00004271  CPUcpsie                      
0000427d  ResetISR                      
00004295  __aeabi_errno_addr            
0000429d  _system_pre_init              
000042a1  C$$EXIT                       
000042a1  abort                         
000042a8  _ctypes_                      
00004410  __TI_Handler_Table_Base       
0000441c  __TI_Handler_Table_Limit      
00004430  __TI_CINIT_Base               
00004448  __TI_CINIT_Limit              
20000000  g_pfnRAMVectors               
20000270  __stack                       
20000470  __STACK_TOP                   
20001270  __STACK_END                   
20001270  _sys_memory                   
200022f8  _lock                         
200022fc  _unlock                       
20002300  errno                         
ffffffff  __TI_pprof_out_hndl           
ffffffff  __TI_prof_data_size           
ffffffff  __TI_prof_data_start          
ffffffff  __binit__                     
ffffffff  __c_args__                    
ffffffff  binit                         
UNDEFED   __mpu_init                    
UNDEFED   _system_post_cinit            

[137 symbols]
